Archive member included to satisfy reference by file (symbol)

c:/users/adrien/appdata/roaming/xpacks/@gnu-mcu-eclipse/arm-none-eabi-gcc/7.3.1-1.1.1/.content/bin/../lib/gcc/arm-none-eabi/7.3.1/thumb/v7e-m/fpv4-sp/hard\libgcc.a(_aeabi_ldivmod.o)
                              ./Sources/K64F_HFAC_Stimulator.o (__aeabi_ldivmod)
c:/users/adrien/appdata/roaming/xpacks/@gnu-mcu-eclipse/arm-none-eabi-gcc/7.3.1-1.1.1/.content/bin/../lib/gcc/arm-none-eabi/7.3.1/thumb/v7e-m/fpv4-sp/hard\libgcc.a(_aeabi_uldivmod.o)
                              ./Sources/K64F_HFAC_Stimulator.o (__aeabi_uldivmod)
c:/users/adrien/appdata/roaming/xpacks/@gnu-mcu-eclipse/arm-none-eabi-gcc/7.3.1-1.1.1/.content/bin/../lib/gcc/arm-none-eabi/7.3.1/thumb/v7e-m/fpv4-sp/hard\libgcc.a(_fixunssfdi.o)
                              ./Sources/K64F_HFAC_Stimulator.o (__aeabi_f2ulz)
c:/users/adrien/appdata/roaming/xpacks/@gnu-mcu-eclipse/arm-none-eabi-gcc/7.3.1-1.1.1/.content/bin/../lib/gcc/arm-none-eabi/7.3.1/thumb/v7e-m/fpv4-sp/hard\libgcc.a(_udivmoddi4.o)
                              c:/users/adrien/appdata/roaming/xpacks/@gnu-mcu-eclipse/arm-none-eabi-gcc/7.3.1-1.1.1/.content/bin/../lib/gcc/arm-none-eabi/7.3.1/thumb/v7e-m/fpv4-sp/hard\libgcc.a(_aeabi_ldivmod.o) (__udivmoddi4)
c:/users/adrien/appdata/roaming/xpacks/@gnu-mcu-eclipse/arm-none-eabi-gcc/7.3.1-1.1.1/.content/bin/../lib/gcc/arm-none-eabi/7.3.1/thumb/v7e-m/fpv4-sp/hard\libgcc.a(_dvmd_tls.o)
                              c:/users/adrien/appdata/roaming/xpacks/@gnu-mcu-eclipse/arm-none-eabi-gcc/7.3.1-1.1.1/.content/bin/../lib/gcc/arm-none-eabi/7.3.1/thumb/v7e-m/fpv4-sp/hard\libgcc.a(_aeabi_ldivmod.o) (__aeabi_ldiv0)
c:/users/adrien/appdata/roaming/xpacks/@gnu-mcu-eclipse/arm-none-eabi-gcc/7.3.1-1.1.1/.content/bin/../lib/gcc/arm-none-eabi/7.3.1/thumb/v7e-m/fpv4-sp/hard\libgcc.a(_arm_addsubdf3.o)
                              c:/users/adrien/appdata/roaming/xpacks/@gnu-mcu-eclipse/arm-none-eabi-gcc/7.3.1-1.1.1/.content/bin/../lib/gcc/arm-none-eabi/7.3.1/thumb/v7e-m/fpv4-sp/hard\libgcc.a(_fixunssfdi.o) (__aeabi_dsub)
c:/users/adrien/appdata/roaming/xpacks/@gnu-mcu-eclipse/arm-none-eabi-gcc/7.3.1-1.1.1/.content/bin/../lib/gcc/arm-none-eabi/7.3.1/thumb/v7e-m/fpv4-sp/hard\libgcc.a(_arm_muldivdf3.o)
                              c:/users/adrien/appdata/roaming/xpacks/@gnu-mcu-eclipse/arm-none-eabi-gcc/7.3.1-1.1.1/.content/bin/../lib/gcc/arm-none-eabi/7.3.1/thumb/v7e-m/fpv4-sp/hard\libgcc.a(_fixunssfdi.o) (__aeabi_dmul)
c:/users/adrien/appdata/roaming/xpacks/@gnu-mcu-eclipse/arm-none-eabi-gcc/7.3.1-1.1.1/.content/bin/../lib/gcc/arm-none-eabi/7.3.1/thumb/v7e-m/fpv4-sp/hard\libgcc.a(_arm_fixunsdfsi.o)
                              c:/users/adrien/appdata/roaming/xpacks/@gnu-mcu-eclipse/arm-none-eabi-gcc/7.3.1-1.1.1/.content/bin/../lib/gcc/arm-none-eabi/7.3.1/thumb/v7e-m/fpv4-sp/hard\libgcc.a(_fixunssfdi.o) (__aeabi_d2uiz)
c:/users/adrien/appdata/roaming/xpacks/@gnu-mcu-eclipse/arm-none-eabi-gcc/7.3.1-1.1.1/.content/bin/../lib/gcc/arm-none-eabi/7.3.1/../../../../arm-none-eabi/lib/thumb/v7e-m/fpv4-sp/hard\libg_nano.a(lib_a-assert.o)
                              ./SDK/devices/MK64F12/drivers/fsl_clock.o (__assert_func)
c:/users/adrien/appdata/roaming/xpacks/@gnu-mcu-eclipse/arm-none-eabi-gcc/7.3.1-1.1.1/.content/bin/../lib/gcc/arm-none-eabi/7.3.1/../../../../arm-none-eabi/lib/thumb/v7e-m/fpv4-sp/hard\libg_nano.a(lib_a-exit.o)
                              c:/users/adrien/appdata/roaming/xpacks/@gnu-mcu-eclipse/arm-none-eabi-gcc/7.3.1-1.1.1/.content/bin/../lib/gcc/arm-none-eabi/7.3.1/../../../../arm-none-eabi/lib/thumb/v7e-m/fpv4-sp/hard/crt0.o (exit)
c:/users/adrien/appdata/roaming/xpacks/@gnu-mcu-eclipse/arm-none-eabi-gcc/7.3.1-1.1.1/.content/bin/../lib/gcc/arm-none-eabi/7.3.1/../../../../arm-none-eabi/lib/thumb/v7e-m/fpv4-sp/hard\libg_nano.a(lib_a-fprintf.o)
                              c:/users/adrien/appdata/roaming/xpacks/@gnu-mcu-eclipse/arm-none-eabi-gcc/7.3.1-1.1.1/.content/bin/../lib/gcc/arm-none-eabi/7.3.1/../../../../arm-none-eabi/lib/thumb/v7e-m/fpv4-sp/hard\libg_nano.a(lib_a-assert.o) (fiprintf)
c:/users/adrien/appdata/roaming/xpacks/@gnu-mcu-eclipse/arm-none-eabi-gcc/7.3.1-1.1.1/.content/bin/../lib/gcc/arm-none-eabi/7.3.1/../../../../arm-none-eabi/lib/thumb/v7e-m/fpv4-sp/hard\libg_nano.a(lib_a-impure.o)
                              c:/users/adrien/appdata/roaming/xpacks/@gnu-mcu-eclipse/arm-none-eabi-gcc/7.3.1-1.1.1/.content/bin/../lib/gcc/arm-none-eabi/7.3.1/../../../../arm-none-eabi/lib/thumb/v7e-m/fpv4-sp/hard\libg_nano.a(lib_a-exit.o) (_global_impure_ptr)
c:/users/adrien/appdata/roaming/xpacks/@gnu-mcu-eclipse/arm-none-eabi-gcc/7.3.1-1.1.1/.content/bin/../lib/gcc/arm-none-eabi/7.3.1/../../../../arm-none-eabi/lib/thumb/v7e-m/fpv4-sp/hard\libg_nano.a(lib_a-init.o)
[...]
Memory Configuration

Name             Origin             Length             Attributes
m_interrupts     0x0000000000000000 0x0000000000000400 xr
m_flash_config   0x0000000000000400 0x0000000000000010 xr
m_text           0x0000000000000410 0x00000000000ffbf0 xr
m_data           0x000000001fff0000 0x0000000000010000 rw
m_data_2         0x0000000020000000 0x0000000000030000 rw
*default*        0x0000000000000000 0xffffffffffffffff

Linker script and memory map

LOAD c:/users/adrien/appdata/roaming/xpacks/@gnu-mcu-eclipse/arm-none-eabi-gcc/7.3.1-1.1.1/.content/bin/../lib/gcc/arm-none-eabi/7.3.1/thumb/v7e-m/fpv4-sp/hard/crti.o
LOAD c:/users/adrien/appdata/roaming/xpacks/@gnu-mcu-eclipse/arm-none-eabi-gcc/7.3.1-1.1.1/.content/bin/../lib/gcc/arm-none-eabi/7.3.1/thumb/v7e-m/fpv4-sp/hard/crtbegin.o
LOAD c:/users/adrien/appdata/roaming/xpacks/@gnu-mcu-eclipse/arm-none-eabi-gcc/7.3.1-1.1.1/.content/bin/../lib/gcc/arm-none-eabi/7.3.1/../../../../arm-none-eabi/lib/thumb/v7e-m/fpv4-sp/hard/crt0.o
LOAD ./Sources/K64F_HFAC_Stimulator.o
LOAD ./Sources/clock_config.o
LOAD ./Sources/peripherals.o
LOAD ./Sources/pin_mux.o
LOAD ./SDK/devices/MK64F12/gcc/startup_MK64F12.o
LOAD ./SDK/devices/MK64F12/drivers/fsl_clock.o
LOAD ./SDK/devices/MK64F12/drivers/fsl_common.o
LOAD ./SDK/devices/MK64F12/drivers/fsl_dmamux.o
LOAD ./SDK/devices/MK64F12/drivers/fsl_dspi.o
LOAD ./SDK/devices/MK64F12/drivers/fsl_edma.o
LOAD ./SDK/devices/MK64F12/drivers/fsl_ftm.o
LOAD ./SDK/devices/MK64F12/drivers/fsl_gpio.o
LOAD ./SDK/devices/MK64F12/drivers/fsl_pit.o
LOAD ./SDK/devices/MK64F12/drivers/fsl_uart.o
LOAD ./SDK/devices/MK64F12/system_MK64F12.o
START GROUP
LOAD c:/users/adrien/appdata/roaming/xpacks/@gnu-mcu-eclipse/arm-none-eabi-gcc/7.3.1-1.1.1/.content/bin/../lib/gcc/arm-none-eabi/7.3.1/thumb/v7e-m/fpv4-sp/hard\libgcc.a
LOAD c:/users/adrien/appdata/roaming/xpacks/@gnu-mcu-eclipse/arm-none-eabi-gcc/7.3.1-1.1.1/.content/bin/../lib/gcc/arm-none-eabi/7.3.1/../../../../arm-none-eabi/lib/thumb/v7e-m/fpv4-sp/hard\libg_nano.a
LOAD c:/users/adrien/appdata/roaming/xpacks/@gnu-mcu-eclipse/arm-none-eabi-gcc/7.3.1-1.1.1/.content/bin/../lib/gcc/arm-none-eabi/7.3.1/../../../../arm-none-eabi/lib/thumb/v7e-m/fpv4-sp/hard\libc_nano.a
END GROUP
START GROUP
LOAD c:/users/adrien/appdata/roaming/xpacks/@gnu-mcu-eclipse/arm-none-eabi-gcc/7.3.1-1.1.1/.content/bin/../lib/gcc/arm-none-eabi/7.3.1/thumb/v7e-m/fpv4-sp/hard\libgcc.a
LOAD c:/users/adrien/appdata/roaming/xpacks/@gnu-mcu-eclipse/arm-none-eabi-gcc/7.3.1-1.1.1/.content/bin/../lib/gcc/arm-none-eabi/7.3.1/../../../../arm-none-eabi/lib/thumb/v7e-m/fpv4-sp/hard\libc_nano.a
LOAD c:/users/adrien/appdata/roaming/xpacks/@gnu-mcu-eclipse/arm-none-eabi-gcc/7.3.1-1.1.1/.content/bin/../lib/gcc/arm-none-eabi/7.3.1/../../../../arm-none-eabi/lib/thumb/v7e-m/fpv4-sp/hard\libnosys.a
END GROUP
START GROUP
LOAD c:/users/adrien/appdata/roaming/xpacks/@gnu-mcu-eclipse/arm-none-eabi-gcc/7.3.1-1.1.1/.content/bin/../lib/gcc/arm-none-eabi/7.3.1/thumb/v7e-m/fpv4-sp/hard\libgcc.a
LOAD c:/users/adrien/appdata/roaming/xpacks/@gnu-mcu-eclipse/arm-none-eabi-gcc/7.3.1-1.1.1/.content/bin/../lib/gcc/arm-none-eabi/7.3.1/../../../../arm-none-eabi/lib/thumb/v7e-m/fpv4-sp/hard\libc_nano.a
LOAD c:/users/adrien/appdata/roaming/xpacks/@gnu-mcu-eclipse/arm-none-eabi-gcc/7.3.1-1.1.1/.content/bin/../lib/gcc/arm-none-eabi/7.3.1/../../../../arm-none-eabi/lib/thumb/v7e-m/fpv4-sp/hard\libnosys.a
END GROUP
LOAD c:/users/adrien/appdata/roaming/xpacks/@gnu-mcu-eclipse/arm-none-eabi-gcc/7.3.1-1.1.1/.content/bin/../lib/gcc/arm-none-eabi/7.3.1/thumb/v7e-m/fpv4-sp/hard/crtend.o
LOAD c:/users/adrien/appdata/roaming/xpacks/@gnu-mcu-eclipse/arm-none-eabi-gcc/7.3.1-1.1.1/.content/bin/../lib/gcc/arm-none-eabi/7.3.1/thumb/v7e-m/fpv4-sp/hard/crtn.o
                0x0000000000000400                HEAP_SIZE = DEFINED (__heap_size__)?__heap_size__:0x400
                0x0000000000000400                STACK_SIZE = DEFINED (__stack_size__)?__stack_size__:0x400

.interrupts     0x0000000000000000      0x400
                0x0000000000000000                . = ALIGN (0x4)
 *(.isr_vector)
 .isr_vector    0x0000000000000000      0x400 ./SDK/devices/MK64F12/gcc/startup_MK64F12.o
                0x0000000000000000                __isr_vector
                0x0000000000000400                . = ALIGN (0x4)

.flash_config   0x0000000000000400       0x10
                0x0000000000000400                . = ALIGN (0x4)
 *(.FlashConfig)
 .FlashConfig   0x0000000000000400       0x10 ./SDK/devices/MK64F12/gcc/startup_MK64F12.o
                0x0000000000000410                . = ALIGN (0x4)

.text           0x0000000000000410     0x53bc
                0x0000000000000410                . = ALIGN (0x4)
 *(.text)
 .text          0x0000000000000410       0x74 c:/users/adrien/appdata/roaming/xpacks/@gnu-mcu-eclipse/arm-none-eabi-gcc/7.3.1-1.1.1/.content/bin/../lib/gcc/arm-none-eabi/7.3.1/../../../../arm-none-eabi/lib/thumb/v7e-m/fpv4-sp/hard/crt0.o
                0x0000000000000410                _start
                0x0000000000000410                _mainCRTStartup
 .text          0x0000000000000484      0x1e8 ./SDK/devices/MK64F12/gcc/startup_MK64F12.o
                0x0000000000000484                Reset_Handler
                0x00000000000004cc                DebugMon_Handler
                0x00000000000004cc                PORTC_IRQHandler
                0x00000000000004cc                USB0_IRQHandler
                0x00000000000004cc                DMA_Error_DriverIRQHandler
                0x00000000000004cc                I2S0_Rx_DriverIRQHandler
                0x00000000000004cc                CMP0_IRQHandler
                0x00000000000004cc                USBDCD_IRQHandler
                0x00000000000004cc                WDOG_EWM_IRQHandler
                0x00000000000004cc                I2C0_DriverIRQHandler
                0x00000000000004cc                ENET_Transmit_DriverIRQHandler
                0x00000000000004cc                UART1_ERR_DriverIRQHandler
                0x00000000000004cc                BusFault_Handler
                0x00000000000004cc                LPTMR0_IRQHandler
                0x00000000000004cc                SDHC_DriverIRQHandler
                0x00000000000004cc                FTM2_IRQHandler
                0x00000000000004cc                CMP2_IRQHandler
                0x00000000000004cc                LLWU_IRQHandler
                0x00000000000004cc                I2S0_Tx_DriverIRQHandler
                0x00000000000004cc                PORTE_IRQHandler
                0x00000000000004cc                FTM3_IRQHandler
                0x00000000000004cc                CAN0_DriverIRQHandler
                0x00000000000004cc                ENET_1588_Timer_DriverIRQHandler
                0x00000000000004cc                I2C2_DriverIRQHandler
                0x00000000000004cc                SWI_IRQHandler
                0x00000000000004cc                ADC0_IRQHandler
                0x00000000000004cc                UsageFault_Handler
                0x00000000000004cc                MCM_IRQHandler
                0x00000000000004cc                CMT_IRQHandler
                0x00000000000004cc                DAC1_IRQHandler
                0x00000000000004cc                DefaultISR
                0x00000000000004cc                PORTA_IRQHandler
                0x00000000000004cc                UART5_ERR_DriverIRQHandler
                0x00000000000004cc                FTM0_IRQHandler
                0x00000000000004cc                CMP1_IRQHandler
                0x00000000000004cc                Reserved71_IRQHandler
                0x00000000000004cc                PORTD_IRQHandler
                0x00000000000004cc                PORTB_IRQHandler
                0x00000000000004cc                LVD_LVW_IRQHandler
                0x00000000000004cc                UART2_ERR_DriverIRQHandler
                0x00000000000004cc                ADC1_IRQHandler
                0x00000000000004cc                PIT1_IRQHandler
                0x00000000000004cc                PIT2_IRQHandler
                0x00000000000004cc                ENET_Error_DriverIRQHandler
                0x00000000000004cc                DAC0_IRQHandler
                0x00000000000004cc                RTC_IRQHandler
                0x00000000000004cc                UART3_ERR_DriverIRQHandler
                0x00000000000004cc                PDB0_IRQHandler
                0x00000000000004cc                UART0_ERR_DriverIRQHandler
                0x00000000000004cc                FTM1_IRQHandler
                0x00000000000004cc                ENET_Receive_DriverIRQHandler
                0x00000000000004cc                I2C1_DriverIRQHandler
                0x00000000000004cc                PIT3_IRQHandler
                0x00000000000004cc                MemManage_Handler
                0x00000000000004cc                RTC_Seconds_IRQHandler
                0x00000000000004cc                MCG_IRQHandler
                0x00000000000004cc                FTFE_IRQHandler
                0x00000000000004cc                Read_Collision_IRQHandler
                0x00000000000004cc                RNG_IRQHandler
                0x00000000000004cc                UART0_LON_DriverIRQHandler
                0x00000000000004cc                UART4_ERR_DriverIRQHandler
                0x00000000000004d0                NMI_Handler
                0x00000000000004d4                HardFault_Handler
                0x00000000000004d8                SVC_Handler
                0x00000000000004dc                PendSV_Handler
                0x00000000000004e0                SysTick_Handler
                0x00000000000004e4                DMA0_IRQHandler
                0x00000000000004e8                DMA1_IRQHandler
                0x00000000000004ec                DMA2_IRQHandler
                0x00000000000004f0                DMA3_IRQHandler
                0x00000000000004f4                DMA4_IRQHandler
                0x00000000000004f8                DMA5_IRQHandler
                0x00000000000004fc                DMA6_IRQHandler
                0x0000000000000500                DMA7_IRQHandler
                0x0000000000000504                DMA8_IRQHandler
                0x0000000000000508                DMA9_IRQHandler
                0x000000000000050c                DMA10_IRQHandler
                0x0000000000000510                DMA11_IRQHandler
                0x0000000000000514                DMA12_IRQHandler
                0x0000000000000518                DMA13_IRQHandler
                0x000000000000051c                DMA14_IRQHandler
                0x0000000000000520                DMA15_IRQHandler
                0x0000000000000524                DMA_Error_IRQHandler
                0x0000000000000528                I2C0_IRQHandler
                0x000000000000052c                I2C1_IRQHandler
                0x0000000000000530                SPI0_IRQHandler
                0x0000000000000534                SPI1_IRQHandler
                0x0000000000000538                I2S0_Tx_IRQHandler
                0x000000000000053c                I2S0_Rx_IRQHandler
                0x0000000000000540                UART0_LON_IRQHandler
                0x0000000000000544                UART0_RX_TX_IRQHandler
                0x0000000000000548                UART0_ERR_IRQHandler
                0x000000000000054c                UART1_RX_TX_IRQHandler
                0x0000000000000550                UART1_ERR_IRQHandler
                0x0000000000000554                UART2_RX_TX_IRQHandler
                0x0000000000000558                UART2_ERR_IRQHandler
                0x000000000000055c                UART3_RX_TX_IRQHandler
                0x0000000000000560                UART3_ERR_IRQHandler
                0x0000000000000564                SPI2_IRQHandler
                0x000000000000056c                UART4_ERR_IRQHandler
                0x0000000000000570                UART5_RX_TX_IRQHandler
                0x0000000000000574                UART5_ERR_IRQHandler
                0x0000000000000578                I2C2_IRQHandler
                0x000000000000057c                CAN0_ORed_Message_buffer_IRQHandler
                0x0000000000000580                CAN0_Bus_Off_IRQHandler
                0x0000000000000584                CAN0_Error_IRQHandler
                0x0000000000000588                CAN0_Tx_Warning_IRQHandler
                0x000000000000058c                CAN0_Rx_Warning_IRQHandler
                0x0000000000000590                CAN0_Wake_Up_IRQHandler
                0x0000000000000594                SDHC_IRQHandler
                0x0000000000000598                ENET_1588_Timer_IRQHandler
                0x000000000000059c                ENET_Transmit_IRQHandler
                0x00000000000005a0                ENET_Receive_IRQHandler
                0x00000000000005a4                ENET_Error_IRQHandler
 .text          0x000000000000066c       0x30 c:/users/adrien/appdata/roaming/xpacks/@gnu-mcu-eclipse/arm-none-eabi-gcc/7.3.1-1.1.1/.content/bin/../lib/gcc/arm-none-eabi/7.3.1/thumb/v7e-m/fpv4-sp/hard\libgcc.a(_aeabi_uldivmod.o)
                0x000000000000066c                __aeabi_uldivmod
 .text          0x000000000000069c        0x4 c:/users/adrien/appdata/roaming/xpacks/@gnu-mcu-eclipse/arm-none-eabi-gcc/7.3.1-1.1.1/.content/bin/../lib/gcc/arm-none-eabi/7.3.1/thumb/v7e-m/fpv4-sp/hard\libgcc.a(_dvmd_tls.o)
                0x000000000000069c                __aeabi_idiv0
                0x000000000000069c                __aeabi_ldiv0
 .text          0x00000000000006a0       0xa0 c:/users/adrien/appdata/roaming/xpacks/@gnu-mcu-eclipse/arm-none-eabi-gcc/7.3.1-1.1.1/.content/bin/../lib/gcc/arm-none-eabi/7.3.1/../../../../arm-none-eabi/lib/thumb/v7e-m/fpv4-sp/hard\libg_nano.a(lib_a-memchr.o)
                0x00000000000006a0                memchr
 *(.text*)
 .text.deregister_tm_clones
                0x0000000000000740       0x1c c:/users/adrien/appdata/roaming/xpacks/@gnu-mcu-eclipse/arm-none-eabi-gcc/7.3.1-1.1.1/.content/bin/../lib/gcc/arm-none-eabi/7.3.1/thumb/v7e-m/fpv4-sp/hard/crtbegin.o
 .text.register_tm_clones
                0x000000000000075c       0x24 c:/users/adrien/appdata/roaming/xpacks/@gnu-mcu-eclipse/arm-none-eabi-gcc/7.3.1-1.1.1/.content/bin/../lib/gcc/arm-none-eabi/7.3.1/thumb/v7e-m/fpv4-sp/hard/crtbegin.o
 .text.__do_global_dtors_aux
                0x0000000000000780       0x28 c:/users/adrien/appdata/roaming/xpacks/@gnu-mcu-eclipse/arm-none-eabi-gcc/7.3.1-1.1.1/.content/bin/../lib/gcc/arm-none-eabi/7.3.1/thumb/v7e-m/fpv4-sp/hard/crtbegin.o
 .text.frame_dummy
                0x00000000000007a8       0x24 c:/users/adrien/appdata/roaming/xpacks/@gnu-mcu-eclipse/arm-none-eabi-gcc/7.3.1-1.1.1/.content/bin/../lib/gcc/arm-none-eabi/7.3.1/thumb/v7e-m/fpv4-sp/hard/crtbegin.o
 .text.DSPI_MasterGetFormattedCommand
                0x00000000000007cc       0x26 ./Sources/K64F_HFAC_Stimulator.o
 *fill*         0x00000000000007f2        0x2 
 .text.EDMA_Callback0
                0x00000000000007f4       0x60 ./Sources/K64F_HFAC_Stimulator.o
                0x00000000000007f4                EDMA_Callback0
 .text.EDMA_Callback1
                0x0000000000000854       0x60 ./Sources/K64F_HFAC_Stimulator.o
                0x0000000000000854                EDMA_Callback1
 .text.EDMA_Callback2
                0x00000000000008b4       0x60 ./Sources/K64F_HFAC_Stimulator.o
                0x00000000000008b4                EDMA_Callback2
 .text.EDMA_Callback3
                0x0000000000000914       0x60 ./Sources/K64F_HFAC_Stimulator.o
                0x0000000000000914                EDMA_Callback3
 .text.EDMA_Callback12
                0x0000000000000974       0x7c ./Sources/K64F_HFAC_Stimulator.o
                0x0000000000000974                EDMA_Callback12
 .text.UART4_RX_TX_IRQHandler
                0x00000000000009f0       0x54 ./Sources/K64F_HFAC_Stimulator.o
                0x00000000000009f0                UART4_RX_TX_IRQHandler
 .text.SendSPIData
                0x0000000000000a44       0x18 ./Sources/K64F_HFAC_Stimulator.o
                0x0000000000000a44                SendSPIData
 .text.FormatDacCommand
                0x0000000000000a5c       0x7c ./Sources/K64F_HFAC_Stimulator.o
                0x0000000000000a5c                FormatDacCommand
 .text.UpdateChannelRouting
                0x0000000000000ad8       0x74 ./Sources/K64F_HFAC_Stimulator.o
                0x0000000000000ad8                UpdateChannelRouting
 .text.ChannelSetup
                0x0000000000000b4c      0x598 ./Sources/K64F_HFAC_Stimulator.o
                0x0000000000000b4c                ChannelSetup
 .text.SetExternalDACOutput
                0x00000000000010e4       0x20 ./Sources/K64F_HFAC_Stimulator.o
                0x00000000000010e4                SetExternalDACOutput
 .text.PIT0_IRQHandler
                0x0000000000001104       0xc4 ./Sources/K64F_HFAC_Stimulator.o
                0x0000000000001104                PIT0_IRQHandler
 .text.extADC_512Avg
                0x00000000000011c8       0x60 ./Sources/K64F_HFAC_Stimulator.o
                0x00000000000011c8                extADC_512Avg
 .text.startup.main
                0x0000000000001228      0xd8c ./Sources/K64F_HFAC_Stimulator.o
                0x0000000000001228                main
 .text.BOARD_BootClockRUN
                0x0000000000001fb4       0xa8 ./Sources/clock_config.o
                0x0000000000001fb4                BOARD_BootClockRUN
 .text.CLOCK_EnableClock
                0x000000000000205c       0x14 ./Sources/pin_mux.o
 .text.BOARD_InitLEDsPins
                0x0000000000002070       0x88 ./Sources/pin_mux.o
                0x0000000000002070                BOARD_InitLEDsPins
 .text.BOARD_InitPins
                0x00000000000020f8       0xf8 ./Sources/pin_mux.o
                0x00000000000020f8                BOARD_InitPins
 .text.CLOCK_GetInternalRefClkSelectFreq
                0x00000000000021f0       0x28 ./SDK/devices/MK64F12/drivers/fsl_clock.o
 .text.CLOCK_GetMcgExtClkFreq
                0x0000000000002218       0x60 ./SDK/devices/MK64F12/drivers/fsl_clock.o
 .text.CLOCK_GetFllExtRefClkFreq
                0x0000000000002278       0x44 ./SDK/devices/MK64F12/drivers/fsl_clock.o
 .text.CLOCK_GetOsc0ErClkFreq
                0x00000000000022bc       0x3c ./SDK/devices/MK64F12/drivers/fsl_clock.o
                0x00000000000022bc                CLOCK_GetOsc0ErClkFreq
 .text.CLOCK_GetEr32kClkFreq
                0x00000000000022f8       0x58 ./SDK/devices/MK64F12/drivers/fsl_clock.o
                0x00000000000022f8                CLOCK_GetEr32kClkFreq
 .text.CLOCK_SetSimConfig
                0x0000000000002350       0x3c ./SDK/devices/MK64F12/drivers/fsl_clock.o
                0x0000000000002350                CLOCK_SetSimConfig
 .text.CLOCK_EnableUsbfs0Clock
                0x000000000000238c       0xb4 ./SDK/devices/MK64F12/drivers/fsl_clock.o
                0x000000000000238c                CLOCK_EnableUsbfs0Clock
 .text.CLOCK_GetFllFreq
                0x0000000000002440       0x50 ./SDK/devices/MK64F12/drivers/fsl_clock.o
                0x0000000000002440                CLOCK_GetFllFreq
 .text.CLOCK_GetInternalRefClkFreq
                0x0000000000002490       0x14 ./SDK/devices/MK64F12/drivers/fsl_clock.o
                0x0000000000002490                CLOCK_GetInternalRefClkFreq
 .text.CLOCK_GetPll0Freq
                0x00000000000024a4       0x48 ./SDK/devices/MK64F12/drivers/fsl_clock.o
                0x00000000000024a4                CLOCK_GetPll0Freq
 .text.CLOCK_GetPllFllSelClkFreq
                0x00000000000024ec       0x2c ./SDK/devices/MK64F12/drivers/fsl_clock.o
                0x00000000000024ec                CLOCK_GetPllFllSelClkFreq
 .text.CLOCK_GetOutClkFreq
                0x0000000000002518       0x28 ./SDK/devices/MK64F12/drivers/fsl_clock.o
                0x0000000000002518                CLOCK_GetOutClkFreq
 .text.CLOCK_GetFixedFreqClkFreq
                0x0000000000002540       0x34 ./SDK/devices/MK64F12/drivers/fsl_clock.o
                0x0000000000002540                CLOCK_GetFixedFreqClkFreq
 .text.CLOCK_GetFreq
                0x0000000000002574       0xb8 ./SDK/devices/MK64F12/drivers/fsl_clock.o
                0x0000000000002574                CLOCK_GetFreq
 .text.CLOCK_SetExternalRefClkConfig
                0x000000000000262c       0x34 ./SDK/devices/MK64F12/drivers/fsl_clock.o
                0x000000000000262c                CLOCK_SetExternalRefClkConfig
 .text.CLOCK_SetInternalRefClkConfig
                0x0000000000002660       0x7c ./SDK/devices/MK64F12/drivers/fsl_clock.o
                0x0000000000002660                CLOCK_SetInternalRefClkConfig
 .text.CLOCK_EnablePll0
                0x00000000000026dc       0x50 ./SDK/devices/MK64F12/drivers/fsl_clock.o
                0x00000000000026dc                CLOCK_EnablePll0
 .text.CLOCK_InitOsc0
                0x000000000000272c       0x64 ./SDK/devices/MK64F12/drivers/fsl_clock.o
                0x000000000000272c                CLOCK_InitOsc0
 .text.CLOCK_SetPbeMode
                0x0000000000002790       0x6c ./SDK/devices/MK64F12/drivers/fsl_clock.o
                0x0000000000002790                CLOCK_SetPbeMode
 .text.CLOCK_BootToPeeMode
                0x00000000000027fc       0x4c ./SDK/devices/MK64F12/drivers/fsl_clock.o
                0x00000000000027fc                CLOCK_BootToPeeMode
 .text.unlikely.DMAMUX_GetInstance.part.0
                0x0000000000002848       0x1c ./SDK/devices/MK64F12/drivers/fsl_dmamux.o
 .text.DMAMUX_Init
                0x0000000000002864       0x20 ./SDK/devices/MK64F12/drivers/fsl_dmamux.o
                0x0000000000002864                DMAMUX_Init
 .text.DSPI_CommonIRQHandler
                0x0000000000002884       0x20 ./SDK/devices/MK64F12/drivers/fsl_dspi.o
 .text.DSPI_GetInstance
                0x00000000000028a4       0x40 ./SDK/devices/MK64F12/drivers/fsl_dspi.o
                0x00000000000028a4                DSPI_GetInstance
 .text.DSPI_SetDummyData
                0x00000000000028e4       0x14 ./SDK/devices/MK64F12/drivers/fsl_dspi.o
                0x00000000000028e4                DSPI_SetDummyData
 .text.DSPI_MasterSetBaudRate
                0x00000000000028f8       0xd8 ./SDK/devices/MK64F12/drivers/fsl_dspi.o
                0x00000000000028f8                DSPI_MasterSetBaudRate
 .text.DSPI_MasterSetDelayScaler
                0x00000000000029d0       0x72 ./SDK/devices/MK64F12/drivers/fsl_dspi.o
                0x00000000000029d0                DSPI_MasterSetDelayScaler
 *fill*         0x0000000000002a42        0x2 
 .text.DSPI_MasterSetDelayTimes
                0x0000000000002a44       0xbc ./SDK/devices/MK64F12/drivers/fsl_dspi.o
                0x0000000000002a44                DSPI_MasterSetDelayTimes
 .text.DSPI_MasterInit
                0x0000000000002b00      0x138 ./SDK/devices/MK64F12/drivers/fsl_dspi.o
                0x0000000000002b00                DSPI_MasterInit
 .text.SPI0_DriverIRQHandler
                0x0000000000002c38       0x34 ./SDK/devices/MK64F12/drivers/fsl_dspi.o
                0x0000000000002c38                SPI0_DriverIRQHandler
 .text.SPI1_DriverIRQHandler
                0x0000000000002c6c       0x34 ./SDK/devices/MK64F12/drivers/fsl_dspi.o
                0x0000000000002c6c                SPI1_DriverIRQHandler
 .text.SPI2_DriverIRQHandler
                0x0000000000002ca0       0x34 ./SDK/devices/MK64F12/drivers/fsl_dspi.o
                0x0000000000002ca0                SPI2_DriverIRQHandler
 .text.EDMA_GetInstance
                0x0000000000002cd4       0x28 ./SDK/devices/MK64F12/drivers/fsl_edma.o
 .text.EDMA_InstallTCD
                0x0000000000002cfc       0xac ./SDK/devices/MK64F12/drivers/fsl_edma.o
                0x0000000000002cfc                EDMA_InstallTCD
 .text.EDMA_Init
                0x0000000000002da8       0x64 ./SDK/devices/MK64F12/drivers/fsl_edma.o
                0x0000000000002da8                EDMA_Init
 .text.EDMA_GetDefaultConfig
                0x0000000000002e0c       0x2c ./SDK/devices/MK64F12/drivers/fsl_edma.o
                0x0000000000002e0c                EDMA_GetDefaultConfig
 .text.EDMA_TcdSetTransferConfig
                0x0000000000002e38       0x94 ./SDK/devices/MK64F12/drivers/fsl_edma.o
                0x0000000000002e38                EDMA_TcdSetTransferConfig
 .text.EDMA_TcdSetChannelLink
                0x0000000000002ecc       0xd0 ./SDK/devices/MK64F12/drivers/fsl_edma.o
                0x0000000000002ecc                EDMA_TcdSetChannelLink
 .text.EDMA_TcdEnableInterrupts
                0x0000000000002f9c       0x38 ./SDK/devices/MK64F12/drivers/fsl_edma.o
                0x0000000000002f9c                EDMA_TcdEnableInterrupts
 .text.EDMA_ClearChannelStatusFlags
                0x0000000000002fd4       0x3c ./SDK/devices/MK64F12/drivers/fsl_edma.o
                0x0000000000002fd4                EDMA_ClearChannelStatusFlags
 .text.EDMA_CreateHandle
                0x0000000000003010       0xac ./SDK/devices/MK64F12/drivers/fsl_edma.o
                0x0000000000003010                EDMA_CreateHandle
 .text.EDMA_SetCallback
                0x00000000000030bc       0x24 ./SDK/devices/MK64F12/drivers/fsl_edma.o
                0x00000000000030bc                EDMA_SetCallback
 .text.EDMA_PrepareTransfer
                0x00000000000030e0      0x130 ./SDK/devices/MK64F12/drivers/fsl_edma.o
                0x00000000000030e0                EDMA_PrepareTransfer
 .text.EDMA_StartTransfer
                0x0000000000003210       0x70 ./SDK/devices/MK64F12/drivers/fsl_edma.o
                0x0000000000003210                EDMA_StartTransfer
 .text.EDMA_HandleIRQ
                0x0000000000003280       0xb8 ./SDK/devices/MK64F12/drivers/fsl_edma.o
                0x0000000000003280                EDMA_HandleIRQ
 .text.DMA0_DriverIRQHandler
                0x0000000000003338       0x14 ./SDK/devices/MK64F12/drivers/fsl_edma.o
                0x0000000000003338                DMA0_DriverIRQHandler
 .text.DMA1_DriverIRQHandler
                0x000000000000334c       0x14 ./SDK/devices/MK64F12/drivers/fsl_edma.o
                0x000000000000334c                DMA1_DriverIRQHandler
 .text.DMA2_DriverIRQHandler
                0x0000000000003360       0x14 ./SDK/devices/MK64F12/drivers/fsl_edma.o
                0x0000000000003360                DMA2_DriverIRQHandler
 .text.DMA3_DriverIRQHandler
                0x0000000000003374       0x14 ./SDK/devices/MK64F12/drivers/fsl_edma.o
                0x0000000000003374                DMA3_DriverIRQHandler
 .text.DMA4_DriverIRQHandler
                0x0000000000003388       0x14 ./SDK/devices/MK64F12/drivers/fsl_edma.o
                0x0000000000003388                DMA4_DriverIRQHandler
 .text.DMA5_DriverIRQHandler
                0x000000000000339c       0x14 ./SDK/devices/MK64F12/drivers/fsl_edma.o
                0x000000000000339c                DMA5_DriverIRQHandler
 .text.DMA6_DriverIRQHandler
                0x00000000000033b0       0x14 ./SDK/devices/MK64F12/drivers/fsl_edma.o
                0x00000000000033b0                DMA6_DriverIRQHandler
 .text.DMA7_DriverIRQHandler
                0x00000000000033c4       0x14 ./SDK/devices/MK64F12/drivers/fsl_edma.o
                0x00000000000033c4                DMA7_DriverIRQHandler
 .text.DMA8_DriverIRQHandler
                0x00000000000033d8       0x14 ./SDK/devices/MK64F12/drivers/fsl_edma.o
                0x00000000000033d8                DMA8_DriverIRQHandler
 .text.DMA9_DriverIRQHandler
                0x00000000000033ec       0x14 ./SDK/devices/MK64F12/drivers/fsl_edma.o
                0x00000000000033ec                DMA9_DriverIRQHandler
 .text.DMA10_DriverIRQHandler
                0x0000000000003400       0x14 ./SDK/devices/MK64F12/drivers/fsl_edma.o
                0x0000000000003400                DMA10_DriverIRQHandler
 .text.DMA11_DriverIRQHandler
                0x0000000000003414       0x14 ./SDK/devices/MK64F12/drivers/fsl_edma.o
                0x0000000000003414                DMA11_DriverIRQHandler
 .text.DMA12_DriverIRQHandler
                0x0000000000003428       0x14 ./SDK/devices/MK64F12/drivers/fsl_edma.o
                0x0000000000003428                DMA12_DriverIRQHandler
 .text.DMA13_DriverIRQHandler
                0x000000000000343c       0x14 ./SDK/devices/MK64F12/drivers/fsl_edma.o
                0x000000000000343c                DMA13_DriverIRQHandler
 .text.DMA14_DriverIRQHandler
                0x0000000000003450       0x14 ./SDK/devices/MK64F12/drivers/fsl_edma.o
                0x0000000000003450                DMA14_DriverIRQHandler
 .text.DMA15_DriverIRQHandler
                0x0000000000003464       0x14 ./SDK/devices/MK64F12/drivers/fsl_edma.o
                0x0000000000003464                DMA15_DriverIRQHandler
 .text.unlikely.FTM_GetInstance.part.0
                0x0000000000003478       0x1c ./SDK/devices/MK64F12/drivers/fsl_ftm.o
 .text.FTM_Init
                0x0000000000003494      0x258 ./SDK/devices/MK64F12/drivers/fsl_ftm.o
                0x0000000000003494                FTM_Init
 .text.FTM_GetDefaultConfig
                0x00000000000036ec       0x44 ./SDK/devices/MK64F12/drivers/fsl_ftm.o
                0x00000000000036ec                FTM_GetDefaultConfig
 .text.GPIO_PinInit
                0x0000000000003730       0x40 ./SDK/devices/MK64F12/drivers/fsl_gpio.o
                0x0000000000003730                GPIO_PinInit
 .text.unlikely.PIT_GetInstance.part.0
                0x0000000000003770       0x1c ./SDK/devices/MK64F12/drivers/fsl_pit.o
 .text.PIT_Init
                0x000000000000378c       0x70 ./SDK/devices/MK64F12/drivers/fsl_pit.o
                0x000000000000378c                PIT_Init
 .text.UART_GetInstance
                0x00000000000037fc       0x64 ./SDK/devices/MK64F12/drivers/fsl_uart.o
                0x00000000000037fc                UART_GetInstance
 .text.UART_Init
                0x0000000000003860      0x190 ./SDK/devices/MK64F12/drivers/fsl_uart.o
                0x0000000000003860                UART_Init
 .text.UART_GetDefaultConfig
                0x00000000000039f0       0x40 ./SDK/devices/MK64F12/drivers/fsl_uart.o
                0x00000000000039f0                UART_GetDefaultConfig
 .text.UART_EnableInterrupts
                0x0000000000003a30       0x36 ./SDK/devices/MK64F12/drivers/fsl_uart.o
                0x0000000000003a30                UART_EnableInterrupts
 .text.UART_GetStatusFlags
                0x0000000000003a66       0x16 ./SDK/devices/MK64F12/drivers/fsl_uart.o
                0x0000000000003a66                UART_GetStatusFlags
 .text.UART0_DriverIRQHandler
                0x0000000000003a7c       0x20 ./SDK/devices/MK64F12/drivers/fsl_uart.o
                0x0000000000003a7c                UART0_DriverIRQHandler
 .text.UART0_RX_TX_DriverIRQHandler
                0x0000000000003a9c        0xc ./SDK/devices/MK64F12/drivers/fsl_uart.o
                0x0000000000003a9c                UART0_RX_TX_DriverIRQHandler
 .text.UART1_DriverIRQHandler
                0x0000000000003aa8       0x20 ./SDK/devices/MK64F12/drivers/fsl_uart.o
                0x0000000000003aa8                UART1_DriverIRQHandler
 .text.UART1_RX_TX_DriverIRQHandler
                0x0000000000003ac8        0xc ./SDK/devices/MK64F12/drivers/fsl_uart.o
                0x0000000000003ac8                UART1_RX_TX_DriverIRQHandler
 .text.UART2_DriverIRQHandler
                0x0000000000003ad4       0x20 ./SDK/devices/MK64F12/drivers/fsl_uart.o
                0x0000000000003ad4                UART2_DriverIRQHandler
 .text.UART2_RX_TX_DriverIRQHandler
                0x0000000000003af4        0xc ./SDK/devices/MK64F12/drivers/fsl_uart.o
                0x0000000000003af4                UART2_RX_TX_DriverIRQHandler
 .text.UART3_DriverIRQHandler
                0x0000000000003b00       0x20 ./SDK/devices/MK64F12/drivers/fsl_uart.o
                0x0000000000003b00                UART3_DriverIRQHandler
 .text.UART3_RX_TX_DriverIRQHandler
                0x0000000000003b20        0xc ./SDK/devices/MK64F12/drivers/fsl_uart.o
                0x0000000000003b20                UART3_RX_TX_DriverIRQHandler
 .text.UART4_DriverIRQHandler
                0x0000000000003b2c       0x20 ./SDK/devices/MK64F12/drivers/fsl_uart.o
                0x0000000000003b2c                UART4_DriverIRQHandler
 .text.UART4_RX_TX_DriverIRQHandler
                0x0000000000003b4c        0xc ./SDK/devices/MK64F12/drivers/fsl_uart.o
                0x0000000000003b4c                UART4_RX_TX_DriverIRQHandler
 .text.UART5_DriverIRQHandler
                0x0000000000003b58       0x20 ./SDK/devices/MK64F12/drivers/fsl_uart.o
                0x0000000000003b58                UART5_DriverIRQHandler
 .text.UART5_RX_TX_DriverIRQHandler
                0x0000000000003b78        0xc ./SDK/devices/MK64F12/drivers/fsl_uart.o
                0x0000000000003b78                UART5_RX_TX_DriverIRQHandler
 .text.SystemInitHook
                0x0000000000003b84        0x2 ./SDK/devices/MK64F12/system_MK64F12.o
                0x0000000000003b84                SystemInitHook
 *fill*         0x0000000000003b86        0x2 
 .text.SystemInit
                0x0000000000003b88       0x34 ./SDK/devices/MK64F12/system_MK64F12.o
                0x0000000000003b88                SystemInit
 .text.__udivmoddi4
                0x0000000000003bbc      0x2cc c:/users/adrien/appdata/roaming/xpacks/@gnu-mcu-eclipse/arm-none-eabi-gcc/7.3.1-1.1.1/.content/bin/../lib/gcc/arm-none-eabi/7.3.1/thumb/v7e-m/fpv4-sp/hard\libgcc.a(_udivmoddi4.o)
                0x0000000000003bbc                __udivmoddi4
 .text.__assert_func
                0x0000000000003e88       0x3c c:/users/adrien/appdata/roaming/xpacks/@gnu-mcu-eclipse/arm-none-eabi-gcc/7.3.1-1.1.1/.content/bin/../lib/gcc/arm-none-eabi/7.3.1/../../../../arm-none-eabi/lib/thumb/v7e-m/fpv4-sp/hard\libg_nano.a(lib_a-assert.o)
                0x0000000000003e88                __assert_func
 .text.exit     0x0000000000003ec4       0x28 c:/users/adrien/appdata/roaming/xpacks/@gnu-mcu-eclipse/arm-none-eabi-gcc/7.3.1-1.1.1/.content/bin/../lib/gcc/arm-none-eabi/7.3.1/../../../../arm-none-eabi/lib/thumb/v7e-m/fpv4-sp/hard\libg_nano.a(lib_a-exit.o)
                0x0000000000003ec4                exit
 .text.fprintf  0x0000000000003eec       0x24 c:/users/adrien/appdata/roaming/xpacks/@gnu-mcu-eclipse/arm-none-eabi-gcc/7.3.1-1.1.1/.content/bin/../lib/gcc/arm-none-eabi/7.3.1/../../../../arm-none-eabi/lib/thumb/v7e-m/fpv4-sp/hard\libg_nano.a(lib_a-fprintf.o)
                0x0000000000003eec                fiprintf
                0x0000000000003eec                fprintf
 .text.__libc_init_array
                0x0000000000003f10       0x48 c:/users/adrien/appdata/roaming/xpacks/@gnu-mcu-eclipse/arm-none-eabi-gcc/7.3.1-1.1.1/.content/bin/../lib/gcc/arm-none-eabi/7.3.1/../../../../arm-none-eabi/lib/thumb/v7e-m/fpv4-sp/hard\libg_nano.a(lib_a-init.o)
                0x0000000000003f10                __libc_init_array
 .text.memset   0x0000000000003f58       0x10 c:/users/adrien/appdata/roaming/xpacks/@gnu-mcu-eclipse/arm-none-eabi-gcc/7.3.1-1.1.1/.content/bin/../lib/gcc/arm-none-eabi/7.3.1/../../../../arm-none-eabi/lib/thumb/v7e-m/fpv4-sp/hard\libg_nano.a(lib_a-memset.o)
                0x0000000000003f58                memset
 .text._free_r  0x0000000000003f68       0x9c c:/users/adrien/appdata/roaming/xpacks/@gnu-mcu-eclipse/arm-none-eabi-gcc/7.3.1-1.1.1/.content/bin/../lib/gcc/arm-none-eabi/7.3.1/../../../../arm-none-eabi/lib/thumb/v7e-m/fpv4-sp/hard\libg_nano.a(lib_a-nano-freer.o)
                0x0000000000003f68                _free_r
 .text._malloc_r
                0x0000000000004004       0xb4 c:/users/adrien/appdata/roaming/xpacks/@gnu-mcu-eclipse/arm-none-eabi-gcc/7.3.1-1.1.1/.content/bin/../lib/gcc/arm-none-eabi/7.3.1/../../../../arm-none-eabi/lib/thumb/v7e-m/fpv4-sp/hard\libg_nano.a(lib_a-nano-mallocr.o)
                0x0000000000004004                _malloc_r
 .text.__sfputc_r
                0x00000000000040b8       0x2e c:/users/adrien/appdata/roaming/xpacks/@gnu-mcu-eclipse/arm-none-eabi-gcc/7.3.1-1.1.1/.content/bin/../lib/gcc/arm-none-eabi/7.3.1/../../../../arm-none-eabi/lib/thumb/v7e-m/fpv4-sp/hard\libg_nano.a(lib_a-nano-vfprintf.o)
 .text.__sfputs_r
                0x00000000000040e6       0x24 c:/users/adrien/appdata/roaming/xpacks/@gnu-mcu-eclipse/arm-none-eabi-gcc/7.3.1-1.1.1/.content/bin/../lib/gcc/arm-none-eabi/7.3.1/../../../../arm-none-eabi/lib/thumb/v7e-m/fpv4-sp/hard\libg_nano.a(lib_a-nano-vfprintf.o)
                0x00000000000040e6                __sfputs_r
 *fill*         0x000000000000410a        0x2 
 .text._vfprintf_r
                0x000000000000410c      0x22c c:/users/adrien/appdata/roaming/xpacks/@gnu-mcu-eclipse/arm-none-eabi-gcc/7.3.1-1.1.1/.content/bin/../lib/gcc/arm-none-eabi/7.3.1/../../../../arm-none-eabi/lib/thumb/v7e-m/fpv4-sp/hard\libg_nano.a(lib_a-nano-vfprintf.o)
                0x000000000000410c                _vfprintf_r
                0x000000000000410c                _vfiprintf_r
 .text._printf_common
                0x0000000000004338       0xea c:/users/adrien/appdata/roaming/xpacks/@gnu-mcu-eclipse/arm-none-eabi-gcc/7.3.1-1.1.1/.content/bin/../lib/gcc/arm-none-eabi/7.3.1/../../../../arm-none-eabi/lib/thumb/v7e-m/fpv4-sp/hard\libg_nano.a(lib_a-nano-vfprintf_i.o)
                0x0000000000004338                _printf_common
 *fill*         0x0000000000004422        0x2 
 .text._printf_i
                0x0000000000004424      0x224 c:/users/adrien/appdata/roaming/xpacks/@gnu-mcu-eclipse/arm-none-eabi-gcc/7.3.1-1.1.1/.content/bin/../lib/gcc/arm-none-eabi/7.3.1/../../../../arm-none-eabi/lib/thumb/v7e-m/fpv4-sp/hard\libg_nano.a(lib_a-nano-vfprintf_i.o)
                0x0000000000004424                _printf_i
 .text._sbrk_r  0x0000000000004648       0x20 c:/users/adrien/appdata/roaming/xpacks/@gnu-mcu-eclipse/arm-none-eabi-gcc/7.3.1-1.1.1/.content/bin/../lib/gcc/arm-none-eabi/7.3.1/../../../../arm-none-eabi/lib/thumb/v7e-m/fpv4-sp/hard\libg_nano.a(lib_a-sbrkr.o)
                0x0000000000004648                _sbrk_r
 .text.__swbuf_r
                0x0000000000004668       0xa4 c:/users/adrien/appdata/roaming/xpacks/@gnu-mcu-eclipse/arm-none-eabi-gcc/7.3.1-1.1.1/.content/bin/../lib/gcc/arm-none-eabi/7.3.1/../../../../arm-none-eabi/lib/thumb/v7e-m/fpv4-sp/hard\libg_nano.a(lib_a-wbuf.o)
                0x0000000000004668                __swbuf_r
 .text.__swsetup_r
                0x000000000000470c       0xdc c:/users/adrien/appdata/roaming/xpacks/@gnu-mcu-eclipse/arm-none-eabi-gcc/7.3.1-1.1.1/.content/bin/../lib/gcc/arm-none-eabi/7.3.1/../../../../arm-none-eabi/lib/thumb/v7e-m/fpv4-sp/hard\libg_nano.a(lib_a-wsetup.o)
                0x000000000000470c                __swsetup_r
 .text.abort    0x00000000000047e8        0xe c:/users/adrien/appdata/roaming/xpacks/@gnu-mcu-eclipse/arm-none-eabi-gcc/7.3.1-1.1.1/.content/bin/../lib/gcc/arm-none-eabi/7.3.1/../../../../arm-none-eabi/lib/thumb/v7e-m/fpv4-sp/hard\libg_nano.a(lib_a-abort.o)
                0x00000000000047e8                abort
 *fill*         0x00000000000047f6        0x2 
 .text.__sflush_r
                0x00000000000047f8      0x10c c:/users/adrien/appdata/roaming/xpacks/@gnu-mcu-eclipse/arm-none-eabi-gcc/7.3.1-1.1.1/.content/bin/../lib/gcc/arm-none-eabi/7.3.1/../../../../arm-none-eabi/lib/thumb/v7e-m/fpv4-sp/hard\libg_nano.a(lib_a-fflush.o)
                0x00000000000047f8                __sflush_r
 .text._fflush_r
                0x0000000000004904       0x54 c:/users/adrien/appdata/roaming/xpacks/@gnu-mcu-eclipse/arm-none-eabi-gcc/7.3.1-1.1.1/.content/bin/../lib/gcc/arm-none-eabi/7.3.1/../../../../arm-none-eabi/lib/thumb/v7e-m/fpv4-sp/hard\libg_nano.a(lib_a-fflush.o)
                0x0000000000004904                _fflush_r
 .text.std      0x0000000000004958       0x48 c:/users/adrien/appdata/roaming/xpacks/@gnu-mcu-eclipse/arm-none-eabi-gcc/7.3.1-1.1.1/.content/bin/../lib/gcc/arm-none-eabi/7.3.1/../../../../arm-none-eabi/lib/thumb/v7e-m/fpv4-sp/hard\libg_nano.a(lib_a-findfp.o)
 .text._cleanup_r
                0x00000000000049a0        0xc c:/users/adrien/appdata/roaming/xpacks/@gnu-mcu-eclipse/arm-none-eabi-gcc/7.3.1-1.1.1/.content/bin/../lib/gcc/arm-none-eabi/7.3.1/../../../../arm-none-eabi/lib/thumb/v7e-m/fpv4-sp/hard\libg_nano.a(lib_a-findfp.o)
                0x00000000000049a0                _cleanup_r
 .text.__sfmoreglue
                0x00000000000049ac       0x2c c:/users/adrien/appdata/roaming/xpacks/@gnu-mcu-eclipse/arm-none-eabi-gcc/7.3.1-1.1.1/.content/bin/../lib/gcc/arm-none-eabi/7.3.1/../../../../arm-none-eabi/lib/thumb/v7e-m/fpv4-sp/hard\libg_nano.a(lib_a-findfp.o)
                0x00000000000049ac                __sfmoreglue
 .text.__sinit  0x00000000000049d8       0x60 c:/users/adrien/appdata/roaming/xpacks/@gnu-mcu-eclipse/arm-none-eabi-gcc/7.3.1-1.1.1/.content/bin/../lib/gcc/arm-none-eabi/7.3.1/../../../../arm-none-eabi/lib/thumb/v7e-m/fpv4-sp/hard\libg_nano.a(lib_a-findfp.o)
                0x00000000000049d8                __sinit
 .text.__sfp    0x0000000000004a38       0x78 c:/users/adrien/appdata/roaming/xpacks/@gnu-mcu-eclipse/arm-none-eabi-gcc/7.3.1-1.1.1/.content/bin/../lib/gcc/arm-none-eabi/7.3.1/../../../../arm-none-eabi/lib/thumb/v7e-m/fpv4-sp/hard\libg_nano.a(lib_a-findfp.o)
                0x0000000000004a38                __sfp
 .text._fwalk_reent
                0x0000000000004ab0       0x3c c:/users/adrien/appdata/roaming/xpacks/@gnu-mcu-eclipse/arm-none-eabi-gcc/7.3.1-1.1.1/.content/bin/../lib/gcc/arm-none-eabi/7.3.1/../../../../arm-none-eabi/lib/thumb/v7e-m/fpv4-sp/hard\libg_nano.a(lib_a-fwalk.o)
                0x0000000000004ab0                _fwalk_reent
 .text.__swhatbuf_r
                0x0000000000004aec       0x48 c:/users/adrien/appdata/roaming/xpacks/@gnu-mcu-eclipse/arm-none-eabi-gcc/7.3.1-1.1.1/.content/bin/../lib/gcc/arm-none-eabi/7.3.1/../../../../arm-none-eabi/lib/thumb/v7e-m/fpv4-sp/hard\libg_nano.a(lib_a-makebuf.o)
                0x0000000000004aec                __swhatbuf_r
 .text.__smakebuf_r
                0x0000000000004b34       0x80 c:/users/adrien/appdata/roaming/xpacks/@gnu-mcu-eclipse/arm-none-eabi-gcc/7.3.1-1.1.1/.content/bin/../lib/gcc/arm-none-eabi/7.3.1/../../../../arm-none-eabi/lib/thumb/v7e-m/fpv4-sp/hard\libg_nano.a(lib_a-makebuf.o)
                0x0000000000004b34                __smakebuf_r
 .text.__malloc_lock
                0x0000000000004bb4        0x2 c:/users/adrien/appdata/roaming/xpacks/@gnu-mcu-eclipse/arm-none-eabi-gcc/7.3.1-1.1.1/.content/bin/../lib/gcc/arm-none-eabi/7.3.1/../../../../arm-none-eabi/lib/thumb/v7e-m/fpv4-sp/hard\libg_nano.a(lib_a-mlock.o)
                0x0000000000004bb4                __malloc_lock
 .text.__malloc_unlock
                0x0000000000004bb6        0x2 c:/users/adrien/appdata/roaming/xpacks/@gnu-mcu-eclipse/arm-none-eabi-gcc/7.3.1-1.1.1/.content/bin/../lib/gcc/arm-none-eabi/7.3.1/../../../../arm-none-eabi/lib/thumb/v7e-m/fpv4-sp/hard\libg_nano.a(lib_a-mlock.o)
                0x0000000000004bb6                __malloc_unlock
 .text._raise_r
                0x0000000000004bb8       0x50 c:/users/adrien/appdata/roaming/xpacks/@gnu-mcu-eclipse/arm-none-eabi-gcc/7.3.1-1.1.1/.content/bin/../lib/gcc/arm-none-eabi/7.3.1/../../../../arm-none-eabi/lib/thumb/v7e-m/fpv4-sp/hard\libg_nano.a(lib_a-signal.o)
                0x0000000000004bb8                _raise_r
 .text.raise    0x0000000000004c08       0x10 c:/users/adrien/appdata/roaming/xpacks/@gnu-mcu-eclipse/arm-none-eabi-gcc/7.3.1-1.1.1/.content/bin/../lib/gcc/arm-none-eabi/7.3.1/../../../../arm-none-eabi/lib/thumb/v7e-m/fpv4-sp/hard\libg_nano.a(lib_a-signal.o)
                0x0000000000004c08                raise
 .text._kill_r  0x0000000000004c18       0x24 c:/users/adrien/appdata/roaming/xpacks/@gnu-mcu-eclipse/arm-none-eabi-gcc/7.3.1-1.1.1/.content/bin/../lib/gcc/arm-none-eabi/7.3.1/../../../../arm-none-eabi/lib/thumb/v7e-m/fpv4-sp/hard\libg_nano.a(lib_a-signalr.o)
                0x0000000000004c18                _kill_r
 .text._getpid_r
                0x0000000000004c3c        0x4 c:/users/adrien/appdata/roaming/xpacks/@gnu-mcu-eclipse/arm-none-eabi-gcc/7.3.1-1.1.1/.content/bin/../lib/gcc/arm-none-eabi/7.3.1/../../../../arm-none-eabi/lib/thumb/v7e-m/fpv4-sp/hard\libg_nano.a(lib_a-signalr.o)
                0x0000000000004c3c                _getpid_r
 .text.__sread  0x0000000000004c40       0x22 c:/users/adrien/appdata/roaming/xpacks/@gnu-mcu-eclipse/arm-none-eabi-gcc/7.3.1-1.1.1/.content/bin/../lib/gcc/arm-none-eabi/7.3.1/../../../../arm-none-eabi/lib/thumb/v7e-m/fpv4-sp/hard\libg_nano.a(lib_a-stdio.o)
                0x0000000000004c40                __sread
 .text.__swrite
                0x0000000000004c62       0x38 c:/users/adrien/appdata/roaming/xpacks/@gnu-mcu-eclipse/arm-none-eabi-gcc/7.3.1-1.1.1/.content/bin/../lib/gcc/arm-none-eabi/7.3.1/../../../../arm-none-eabi/lib/thumb/v7e-m/fpv4-sp/hard\libg_nano.a(lib_a-stdio.o)
                0x0000000000004c62                __swrite
 .text.__sseek  0x0000000000004c9a       0x24 c:/users/adrien/appdata/roaming/xpacks/@gnu-mcu-eclipse/arm-none-eabi-gcc/7.3.1-1.1.1/.content/bin/../lib/gcc/arm-none-eabi/7.3.1/../../../../arm-none-eabi/lib/thumb/v7e-m/fpv4-sp/hard\libg_nano.a(lib_a-stdio.o)
                0x0000000000004c9a                __sseek
 .text.__sclose
                0x0000000000004cbe        0x8 c:/users/adrien/appdata/roaming/xpacks/@gnu-mcu-eclipse/arm-none-eabi-gcc/7.3.1-1.1.1/.content/bin/../lib/gcc/arm-none-eabi/7.3.1/../../../../arm-none-eabi/lib/thumb/v7e-m/fpv4-sp/hard\libg_nano.a(lib_a-stdio.o)
                0x0000000000004cbe                __sclose
 *fill*         0x0000000000004cc6        0x2 
 .text._write_r
                0x0000000000004cc8       0x24 c:/users/adrien/appdata/roaming/xpacks/@gnu-mcu-eclipse/arm-none-eabi-gcc/7.3.1-1.1.1/.content/bin/../lib/gcc/arm-none-eabi/7.3.1/../../../../arm-none-eabi/lib/thumb/v7e-m/fpv4-sp/hard\libg_nano.a(lib_a-writer.o)
                0x0000000000004cc8                _write_r
 .text._close_r
                0x0000000000004cec       0x20 c:/users/adrien/appdata/roaming/xpacks/@gnu-mcu-eclipse/arm-none-eabi-gcc/7.3.1-1.1.1/.content/bin/../lib/gcc/arm-none-eabi/7.3.1/../../../../arm-none-eabi/lib/thumb/v7e-m/fpv4-sp/hard\libg_nano.a(lib_a-closer.o)
                0x0000000000004cec                _close_r
 .text._fstat_r
                0x0000000000004d0c       0x24 c:/users/adrien/appdata/roaming/xpacks/@gnu-mcu-eclipse/arm-none-eabi-gcc/7.3.1-1.1.1/.content/bin/../lib/gcc/arm-none-eabi/7.3.1/../../../../arm-none-eabi/lib/thumb/v7e-m/fpv4-sp/hard\libg_nano.a(lib_a-fstatr.o)
                0x0000000000004d0c                _fstat_r
 .text._isatty_r
                0x0000000000004d30       0x20 c:/users/adrien/appdata/roaming/xpacks/@gnu-mcu-eclipse/arm-none-eabi-gcc/7.3.1-1.1.1/.content/bin/../lib/gcc/arm-none-eabi/7.3.1/../../../../arm-none-eabi/lib/thumb/v7e-m/fpv4-sp/hard\libg_nano.a(lib_a-isattyr.o)
                0x0000000000004d30                _isatty_r
 .text._lseek_r
                0x0000000000004d50       0x24 c:/users/adrien/appdata/roaming/xpacks/@gnu-mcu-eclipse/arm-none-eabi-gcc/7.3.1-1.1.1/.content/bin/../lib/gcc/arm-none-eabi/7.3.1/../../../../arm-none-eabi/lib/thumb/v7e-m/fpv4-sp/hard\libg_nano.a(lib_a-lseekr.o)
                0x0000000000004d50                _lseek_r
 .text._read_r  0x0000000000004d74       0x24 c:/users/adrien/appdata/roaming/xpacks/@gnu-mcu-eclipse/arm-none-eabi-gcc/7.3.1-1.1.1/.content/bin/../lib/gcc/arm-none-eabi/7.3.1/../../../../arm-none-eabi/lib/thumb/v7e-m/fpv4-sp/hard\libg_nano.a(lib_a-readr.o)
                0x0000000000004d74                _read_r
 .text._close   0x0000000000004d98       0x10 c:/users/adrien/appdata/roaming/xpacks/@gnu-mcu-eclipse/arm-none-eabi-gcc/7.3.1-1.1.1/.content/bin/../lib/gcc/arm-none-eabi/7.3.1/../../../../arm-none-eabi/lib/thumb/v7e-m/fpv4-sp/hard\libnosys.a(close.o)
                0x0000000000004d98                _close
 .text._fstat   0x0000000000004da8       0x10 c:/users/adrien/appdata/roaming/xpacks/@gnu-mcu-eclipse/arm-none-eabi-gcc/7.3.1-1.1.1/.content/bin/../lib/gcc/arm-none-eabi/7.3.1/../../../../arm-none-eabi/lib/thumb/v7e-m/fpv4-sp/hard\libnosys.a(fstat.o)
                0x0000000000004da8                _fstat
 .text._getpid  0x0000000000004db8       0x10 c:/users/adrien/appdata/roaming/xpacks/@gnu-mcu-eclipse/arm-none-eabi-gcc/7.3.1-1.1.1/.content/bin/../lib/gcc/arm-none-eabi/7.3.1/../../../../arm-none-eabi/lib/thumb/v7e-m/fpv4-sp/hard\libnosys.a(getpid.o)
                0x0000000000004db8                _getpid
 .text._isatty  0x0000000000004dc8       0x10 c:/users/adrien/appdata/roaming/xpacks/@gnu-mcu-eclipse/arm-none-eabi-gcc/7.3.1-1.1.1/.content/bin/../lib/gcc/arm-none-eabi/7.3.1/../../../../arm-none-eabi/lib/thumb/v7e-m/fpv4-sp/hard\libnosys.a(isatty.o)
                0x0000000000004dc8                _isatty
 .text._kill    0x0000000000004dd8       0x10 c:/users/adrien/appdata/roaming/xpacks/@gnu-mcu-eclipse/arm-none-eabi-gcc/7.3.1-1.1.1/.content/bin/../lib/gcc/arm-none-eabi/7.3.1/../../../../arm-none-eabi/lib/thumb/v7e-m/fpv4-sp/hard\libnosys.a(kill.o)
                0x0000000000004dd8                _kill
 .text._lseek   0x0000000000004de8       0x10 c:/users/adrien/appdata/roaming/xpacks/@gnu-mcu-eclipse/arm-none-eabi-gcc/7.3.1-1.1.1/.content/bin/../lib/gcc/arm-none-eabi/7.3.1/../../../../arm-none-eabi/lib/thumb/v7e-m/fpv4-sp/hard\libnosys.a(lseek.o)
                0x0000000000004de8                _lseek
 .text._read    0x0000000000004df8       0x10 c:/users/adrien/appdata/roaming/xpacks/@gnu-mcu-eclipse/arm-none-eabi-gcc/7.3.1-1.1.1/.content/bin/../lib/gcc/arm-none-eabi/7.3.1/../../../../arm-none-eabi/lib/thumb/v7e-m/fpv4-sp/hard\libnosys.a(read.o)
                0x0000000000004df8                _read
 .text._sbrk    0x0000000000004e08       0x1c c:/users/adrien/appdata/roaming/xpacks/@gnu-mcu-eclipse/arm-none-eabi-gcc/7.3.1-1.1.1/.content/bin/../lib/gcc/arm-none-eabi/7.3.1/../../../../arm-none-eabi/lib/thumb/v7e-m/fpv4-sp/hard\libnosys.a(sbrk.o)
                0x0000000000004e08                _sbrk
 .text._write   0x0000000000004e24       0x10 c:/users/adrien/appdata/roaming/xpacks/@gnu-mcu-eclipse/arm-none-eabi-gcc/7.3.1-1.1.1/.content/bin/../lib/gcc/arm-none-eabi/7.3.1/../../../../arm-none-eabi/lib/thumb/v7e-m/fpv4-sp/hard\libnosys.a(write.o)
                0x0000000000004e24                _write
 .text._exit    0x0000000000004e34        0x4 c:/users/adrien/appdata/roaming/xpacks/@gnu-mcu-eclipse/arm-none-eabi-gcc/7.3.1-1.1.1/.content/bin/../lib/gcc/arm-none-eabi/7.3.1/../../../../arm-none-eabi/lib/thumb/v7e-m/fpv4-sp/hard\libnosys.a(_exit.o)
                0x0000000000004e34                _exit
 *(.rodata)
 *(.rodata*)
 .rodata.mcgConfig_BOARD_BootClockRUN
                0x0000000000004e38        0xb ./Sources/clock_config.o
                0x0000000000004e38                mcgConfig_BOARD_BootClockRUN
 *fill*         0x0000000000004e43        0x1 
 .rodata.oscConfig_BOARD_BootClockRUN
                0x0000000000004e44        0x8 ./Sources/clock_config.o
                0x0000000000004e44                oscConfig_BOARD_BootClockRUN
 .rodata.simConfig_BOARD_BootClockRUN
                0x0000000000004e4c        0x8 ./Sources/clock_config.o
                0x0000000000004e4c                simConfig_BOARD_BootClockRUN
 .rodata.CLOCK_EnablePll0.str1.1
                0x0000000000004e54        0x7 ./SDK/devices/MK64F12/drivers/fsl_clock.o
 .rodata.CLOCK_GetMcgExtClkFreq.str1.1
                0x0000000000004e5b       0x44 ./SDK/devices/MK64F12/drivers/fsl_clock.o
 .rodata.CLOCK_GetPll0Freq.str1.1
                0x0000000000004e9f        0xb ./SDK/devices/MK64F12/drivers/fsl_clock.o
 .rodata.__func__.8639
                0x0000000000004eaa       0x17 ./SDK/devices/MK64F12/drivers/fsl_clock.o
 .rodata.__func__.8677
                0x0000000000004ec1       0x17 ./SDK/devices/MK64F12/drivers/fsl_clock.o
 .rodata.__func__.8685
                0x0000000000004ed8       0x16 ./SDK/devices/MK64F12/drivers/fsl_clock.o
 .rodata.__func__.8775
                0x0000000000004eee       0x12 ./SDK/devices/MK64F12/drivers/fsl_clock.o
 .rodata.__func__.8820
                0x0000000000004f00       0x11 ./SDK/devices/MK64F12/drivers/fsl_clock.o
 .rodata.__func__.8962
                0x0000000000004f11       0x11 ./SDK/devices/MK64F12/drivers/fsl_clock.o
 .rodata.__func__.9029
                0x0000000000004f22       0x14 ./SDK/devices/MK64F12/drivers/fsl_clock.o
 .rodata.fllFactorTable.8760
                0x0000000000004f36       0x10 ./SDK/devices/MK64F12/drivers/fsl_clock.o
 .rodata.DMAMUX_GetInstance.part.0.str1.1
                0x0000000000004f46       0x51 ./SDK/devices/MK64F12/drivers/fsl_dmamux.o
 .rodata.__func__.8642
                0x0000000000004f97       0x13 ./SDK/devices/MK64F12/drivers/fsl_dmamux.o
 .rodata.DSPI_GetInstance.str1.1
                0x0000000000004faa       0x4d ./SDK/devices/MK64F12/drivers/fsl_dspi.o
 .rodata.DSPI_MasterGetDefaultConfig.str1.1
                0x0000000000004ff7        0xd ./SDK/devices/MK64F12/drivers/fsl_dspi.o
 .rodata.DSPI_MasterInit.str1.1
                0x0000000000005004        0x6 ./SDK/devices/MK64F12/drivers/fsl_dspi.o
 .rodata.SPI0_DriverIRQHandler.str1.1
                0x000000000000500a       0x10 ./SDK/devices/MK64F12/drivers/fsl_dspi.o
 .rodata.SPI1_DriverIRQHandler.str1.1
                0x000000000000501a       0x10 ./SDK/devices/MK64F12/drivers/fsl_dspi.o
 .rodata.SPI2_DriverIRQHandler.str1.1
                0x000000000000502a       0x10 ./SDK/devices/MK64F12/drivers/fsl_dspi.o
 .rodata.__func__.9019
                0x000000000000503a       0x11 ./SDK/devices/MK64F12/drivers/fsl_dspi.o
 .rodata.__func__.9030
                0x000000000000504b       0x10 ./SDK/devices/MK64F12/drivers/fsl_dspi.o
 .rodata.__func__.9339
                0x000000000000505b       0x16 ./SDK/devices/MK64F12/drivers/fsl_dspi.o
 .rodata.__func__.9343
                0x0000000000005071       0x16 ./SDK/devices/MK64F12/drivers/fsl_dspi.o
 .rodata.__func__.9347
                0x0000000000005087       0x16 ./SDK/devices/MK64F12/drivers/fsl_dspi.o
 *fill*         0x000000000000509d        0x3 
 .rodata.s_baudratePrescaler
                0x00000000000050a0       0x10 ./SDK/devices/MK64F12/drivers/fsl_dspi.o
 .rodata.s_baudrateScaler
                0x00000000000050b0       0x40 ./SDK/devices/MK64F12/drivers/fsl_dspi.o
 .rodata.s_delayPrescaler
                0x00000000000050f0       0x10 ./SDK/devices/MK64F12/drivers/fsl_dspi.o
 .rodata.s_delayScaler
                0x0000000000005100       0x40 ./SDK/devices/MK64F12/drivers/fsl_dspi.o
 .rodata.s_dspiClock
                0x0000000000005140        0xc ./SDK/devices/MK64F12/drivers/fsl_dspi.o
 .rodata.EDMA_CreateHandle.str1.1
                0x000000000000514c        0xf ./SDK/devices/MK64F12/drivers/fsl_edma.o
 .rodata.EDMA_GetInstance.str1.1
                0x000000000000515b       0x4d ./SDK/devices/MK64F12/drivers/fsl_edma.o
 .rodata.EDMA_Init.str1.1
                0x00000000000051a8        0xf ./SDK/devices/MK64F12/drivers/fsl_edma.o
 .rodata.EDMA_InstallTCD.str1.1
                0x00000000000051b7       0x53 ./SDK/devices/MK64F12/drivers/fsl_edma.o
 .rodata.EDMA_PrepareTransfer.str1.1
                0x000000000000520a      0x112 ./SDK/devices/MK64F12/drivers/fsl_edma.o
 .rodata.EDMA_TcdSetChannelLink.str1.1
                0x000000000000531c       0x30 ./SDK/devices/MK64F12/drivers/fsl_edma.o
 .rodata.EDMA_TcdSetTransferConfig.str1.1
                0x000000000000534c       0x21 ./SDK/devices/MK64F12/drivers/fsl_edma.o
 .rodata.__func__.8910
                0x000000000000536d       0x11 ./SDK/devices/MK64F12/drivers/fsl_edma.o
 .rodata.__func__.8916
                0x000000000000537e       0x10 ./SDK/devices/MK64F12/drivers/fsl_edma.o
 .rodata.__func__.8921
                0x000000000000538e        0xa ./SDK/devices/MK64F12/drivers/fsl_edma.o
 .rodata.__func__.8929
                0x0000000000005398       0x16 ./SDK/devices/MK64F12/drivers/fsl_edma.o
 .rodata.__func__.8991
                0x00000000000053ae       0x1a ./SDK/devices/MK64F12/drivers/fsl_edma.o
 .rodata.__func__.9003
                0x00000000000053c8       0x17 ./SDK/devices/MK64F12/drivers/fsl_edma.o
 .rodata.__func__.9018
                0x00000000000053df       0x19 ./SDK/devices/MK64F12/drivers/fsl_edma.o
 .rodata.__func__.9041
                0x00000000000053f8       0x1d ./SDK/devices/MK64F12/drivers/fsl_edma.o
 .rodata.__func__.9051
                0x0000000000005415       0x12 ./SDK/devices/MK64F12/drivers/fsl_edma.o
 .rodata.__func__.9067
                0x0000000000005427       0x11 ./SDK/devices/MK64F12/drivers/fsl_edma.o
 .rodata.__func__.9078
                0x0000000000005438       0x15 ./SDK/devices/MK64F12/drivers/fsl_edma.o
 .rodata.__func__.9113
                0x000000000000544d       0x13 ./SDK/devices/MK64F12/drivers/fsl_edma.o
 .rodata.__func__.9126
                0x0000000000005460        0xf ./SDK/devices/MK64F12/drivers/fsl_edma.o
 .rodata.s_edmaIRQNumber
                0x000000000000546f       0x10 ./SDK/devices/MK64F12/drivers/fsl_edma.o
 .rodata.FTM_GetInstance.part.0.str1.1
                0x000000000000547f       0x42 ./SDK/devices/MK64F12/drivers/fsl_ftm.o
 .rodata.FTM_Init.str1.1
                0x00000000000054c1        0x7 ./SDK/devices/MK64F12/drivers/fsl_ftm.o
 .rodata.__func__.8945
                0x00000000000054c1       0x10 ./SDK/devices/MK64F12/drivers/fsl_ftm.o
 .rodata.__func__.8969
                0x00000000000054d1        0x9 ./SDK/devices/MK64F12/drivers/fsl_ftm.o
 .rodata.__func__.8977
                0x00000000000054da       0x15 ./SDK/devices/MK64F12/drivers/fsl_ftm.o
 *fill*         0x00000000000054ef        0x1 
 .rodata.s_ftmClocks
                0x00000000000054f0       0x10 ./SDK/devices/MK64F12/drivers/fsl_ftm.o
 .rodata.GPIO_GetInstance.part.0.str1.1
                0x0000000000005500       0x4d ./SDK/devices/MK64F12/drivers/fsl_gpio.o
 .rodata.GPIO_PinInit.str1.1
                0x000000000000554d        0x7 ./SDK/devices/MK64F12/drivers/fsl_gpio.o
 .rodata.__func__.8656
                0x000000000000554d        0xd ./SDK/devices/MK64F12/drivers/fsl_gpio.o
 .rodata.PIT_GetInstance.part.0.str1.1
                0x000000000000555a       0x4b ./SDK/devices/MK64F12/drivers/fsl_pit.o
 .rodata.PIT_Init.str1.1
                0x00000000000055a5        0x7 ./SDK/devices/MK64F12/drivers/fsl_pit.o
 .rodata.__func__.8681
                0x00000000000055a5       0x10 ./SDK/devices/MK64F12/drivers/fsl_pit.o
 .rodata.__func__.8686
                0x00000000000055b5        0x9 ./SDK/devices/MK64F12/drivers/fsl_pit.o
 .rodata.UART_GetInstance.str1.1
                0x00000000000055be       0x1a ./SDK/devices/MK64F12/drivers/fsl_uart.o
 .rodata.UART_Init.str1.1
                0x00000000000055d8       0x8f ./SDK/devices/MK64F12/drivers/fsl_uart.o
                                         0x96 (size before relaxing)
 .rodata.UART_ReadNonBlocking.part.0.str1.1
                0x0000000000005667       0x2f ./SDK/devices/MK64F12/drivers/fsl_uart.o
 .rodata.__func__.8839
                0x0000000000005696       0x11 ./SDK/devices/MK64F12/drivers/fsl_uart.o
 .rodata.__func__.8855
                0x00000000000056a7        0xa ./SDK/devices/MK64F12/drivers/fsl_uart.o
 .rodata.__func__.8873
                0x00000000000056b1       0x16 ./SDK/devices/MK64F12/drivers/fsl_uart.o
 *fill*         0x00000000000056c7        0x1 
 .rodata.s_uartClock
                0x00000000000056c8       0x18 ./SDK/devices/MK64F12/drivers/fsl_uart.o
 .rodata.__assert_func.str1.1
                0x00000000000056e0       0x3c c:/users/adrien/appdata/roaming/xpacks/@gnu-mcu-eclipse/arm-none-eabi-gcc/7.3.1-1.1.1/.content/bin/../lib/gcc/arm-none-eabi/7.3.1/../../../../arm-none-eabi/lib/thumb/v7e-m/fpv4-sp/hard\libg_nano.a(lib_a-assert.o)
                                         0x3d (size before relaxing)
 .rodata._global_impure_ptr
                0x000000000000571c        0x4 c:/users/adrien/appdata/roaming/xpacks/@gnu-mcu-eclipse/arm-none-eabi-gcc/7.3.1-1.1.1/.content/bin/../lib/gcc/arm-none-eabi/7.3.1/../../../../arm-none-eabi/lib/thumb/v7e-m/fpv4-sp/hard\libg_nano.a(lib_a-impure.o)
                0x000000000000571c                _global_impure_ptr
 .rodata._vfprintf_r.str1.1
                0x0000000000005720       0x11 c:/users/adrien/appdata/roaming/xpacks/@gnu-mcu-eclipse/arm-none-eabi-gcc/7.3.1-1.1.1/.content/bin/../lib/gcc/arm-none-eabi/7.3.1/../../../../arm-none-eabi/lib/thumb/v7e-m/fpv4-sp/hard\libg_nano.a(lib_a-nano-vfprintf.o)
 .rodata._printf_i.str1.1
                0x0000000000005731       0x22 c:/users/adrien/appdata/roaming/xpacks/@gnu-mcu-eclipse/arm-none-eabi-gcc/7.3.1-1.1.1/.content/bin/../lib/gcc/arm-none-eabi/7.3.1/../../../../arm-none-eabi/lib/thumb/v7e-m/fpv4-sp/hard\libg_nano.a(lib_a-nano-vfprintf_i.o)
 *fill*         0x0000000000005753        0x1 
 .rodata.__sf_fake_stderr
                0x0000000000005754       0x20 c:/users/adrien/appdata/roaming/xpacks/@gnu-mcu-eclipse/arm-none-eabi-gcc/7.3.1-1.1.1/.content/bin/../lib/gcc/arm-none-eabi/7.3.1/../../../../arm-none-eabi/lib/thumb/v7e-m/fpv4-sp/hard\libg_nano.a(lib_a-findfp.o)
                0x0000000000005754                __sf_fake_stderr
 .rodata.__sf_fake_stdin
                0x0000000000005774       0x20 c:/users/adrien/appdata/roaming/xpacks/@gnu-mcu-eclipse/arm-none-eabi-gcc/7.3.1-1.1.1/.content/bin/../lib/gcc/arm-none-eabi/7.3.1/../../../../arm-none-eabi/lib/thumb/v7e-m/fpv4-sp/hard\libg_nano.a(lib_a-findfp.o)
                0x0000000000005774                __sf_fake_stdin
 .rodata.__sf_fake_stdout
                0x0000000000005794       0x20 c:/users/adrien/appdata/roaming/xpacks/@gnu-mcu-eclipse/arm-none-eabi-gcc/7.3.1-1.1.1/.content/bin/../lib/gcc/arm-none-eabi/7.3.1/../../../../arm-none-eabi/lib/thumb/v7e-m/fpv4-sp/hard\libg_nano.a(lib_a-findfp.o)
                0x0000000000005794                __sf_fake_stdout
 *(.glue_7)
 .glue_7        0x00000000000057b4        0x0 linker stubs
 *(.glue_7t)
 .glue_7t       0x00000000000057b4        0x0 linker stubs
 *(.eh_frame)
 .eh_frame      0x00000000000057b4        0x0 c:/users/adrien/appdata/roaming/xpacks/@gnu-mcu-eclipse/arm-none-eabi-gcc/7.3.1-1.1.1/.content/bin/../lib/gcc/arm-none-eabi/7.3.1/thumb/v7e-m/fpv4-sp/hard/crtbegin.o
 *(.init)
 .init          0x00000000000057b4        0x4 c:/users/adrien/appdata/roaming/xpacks/@gnu-mcu-eclipse/arm-none-eabi-gcc/7.3.1-1.1.1/.content/bin/../lib/gcc/arm-none-eabi/7.3.1/thumb/v7e-m/fpv4-sp/hard/crti.o
                0x00000000000057b4                _init
 .init          0x00000000000057b8        0x8 c:/users/adrien/appdata/roaming/xpacks/@gnu-mcu-eclipse/arm-none-eabi-gcc/7.3.1-1.1.1/.content/bin/../lib/gcc/arm-none-eabi/7.3.1/thumb/v7e-m/fpv4-sp/hard/crtn.o
 *(.fini)
 .fini          0x00000000000057c0        0x4 c:/users/adrien/appdata/roaming/xpacks/@gnu-mcu-eclipse/arm-none-eabi-gcc/7.3.1-1.1.1/.content/bin/../lib/gcc/arm-none-eabi/7.3.1/thumb/v7e-m/fpv4-sp/hard/crti.o
                0x00000000000057c0                _fini
 .fini          0x00000000000057c4        0x8 c:/users/adrien/appdata/roaming/xpacks/@gnu-mcu-eclipse/arm-none-eabi-gcc/7.3.1-1.1.1/.content/bin/../lib/gcc/arm-none-eabi/7.3.1/thumb/v7e-m/fpv4-sp/hard/crtn.o
                0x00000000000057cc                . = ALIGN (0x4)

.vfp11_veneer   0x00000000000057cc        0x0
 .vfp11_veneer  0x00000000000057cc        0x0 linker stubs

.v4_bx          0x00000000000057cc        0x0
 .v4_bx         0x00000000000057cc        0x0 linker stubs

.iplt           0x00000000000057cc        0x0
 .iplt          0x00000000000057cc        0x0 c:/users/adrien/appdata/roaming/xpacks/@gnu-mcu-eclipse/arm-none-eabi-gcc/7.3.1-1.1.1/.content/bin/../lib/gcc/arm-none-eabi/7.3.1/thumb/v7e-m/fpv4-sp/hard/crtbegin.o

.ARM.extab
 *(.ARM.extab* .gnu.linkonce.armextab.*)

.ARM            0x00000000000057cc        0x8
                0x00000000000057cc                __exidx_start = .
 *(.ARM.exidx*)
 .ARM.exidx     0x00000000000057cc        0x8 c:/users/adrien/appdata/roaming/xpacks/@gnu-mcu-eclipse/arm-none-eabi-gcc/7.3.1-1.1.1/.content/bin/../lib/gcc/arm-none-eabi/7.3.1/../../../../arm-none-eabi/lib/thumb/v7e-m/fpv4-sp/hard/crt0.o
 .ARM.exidx.text.__udivmoddi4
                0x00000000000057d4        0x0 c:/users/adrien/appdata/roaming/xpacks/@gnu-mcu-eclipse/arm-none-eabi-gcc/7.3.1-1.1.1/.content/bin/../lib/gcc/arm-none-eabi/7.3.1/thumb/v7e-m/fpv4-sp/hard\libgcc.a(_udivmoddi4.o)
                                          0x8 (size before relaxing)
                0x00000000000057d4                __exidx_end = .

.rel.dyn        0x00000000000057d4        0x0
 .rel.iplt      0x00000000000057d4        0x0 c:/users/adrien/appdata/roaming/xpacks/@gnu-mcu-eclipse/arm-none-eabi-gcc/7.3.1-1.1.1/.content/bin/../lib/gcc/arm-none-eabi/7.3.1/thumb/v7e-m/fpv4-sp/hard/crtbegin.o

.ctors          0x00000000000057d4        0x0
                0x00000000000057d4                __CTOR_LIST__ = .
 *crtbegin.o(.ctors)
 *crtbegin?.o(.ctors)
 *(EXCLUDE_FILE(*crtend.o *crtend?.o) .ctors)
 *(SORT_BY_NAME(.ctors.*))
 *(.ctors)
                0x00000000000057d4                __CTOR_END__ = .

.dtors          0x00000000000057d4        0x0
                0x00000000000057d4                __DTOR_LIST__ = .
 *crtbegin.o(.dtors)
 *crtbegin?.o(.dtors)
 *(EXCLUDE_FILE(*crtend.o *crtend?.o) .dtors)
 *(SORT_BY_NAME(.dtors.*))
 *(.dtors)
                0x00000000000057d4                __DTOR_END__ = .

.preinit_array  0x00000000000057d4        0x0
                0x00000000000057d4                PROVIDE (__preinit_array_start = .)
 *(.preinit_array*)
                0x00000000000057d4                PROVIDE (__preinit_array_end = .)

.init_array     0x00000000000057d4        0x4
                0x00000000000057d4                PROVIDE (__init_array_start = .)
 *(SORT_BY_NAME(.init_array.*))
 *(.init_array*)
 .init_array    0x00000000000057d4        0x4 c:/users/adrien/appdata/roaming/xpacks/@gnu-mcu-eclipse/arm-none-eabi-gcc/7.3.1-1.1.1/.content/bin/../lib/gcc/arm-none-eabi/7.3.1/thumb/v7e-m/fpv4-sp/hard/crtbegin.o
                0x00000000000057d8                PROVIDE (__init_array_end = .)

.fini_array     0x00000000000057d8        0x4
                [!provide]                        PROVIDE (__fini_array_start = .)
 *(SORT_BY_NAME(.fini_array.*))
 *(.fini_array*)
 .fini_array    0x00000000000057d8        0x4 c:/users/adrien/appdata/roaming/xpacks/@gnu-mcu-eclipse/arm-none-eabi-gcc/7.3.1-1.1.1/.content/bin/../lib/gcc/arm-none-eabi/7.3.1/thumb/v7e-m/fpv4-sp/hard/crtbegin.o
                [!provide]                        PROVIDE (__fini_array_end = .)
                0x00000000000057dc                __etext = .
                0x00000000000057dc                __DATA_ROM = .

.data           0x000000001fff0000       0xb0 load address 0x00000000000057dc
                0x000000001fff0000                . = ALIGN (0x4)
                0x000000001fff0000                __DATA_RAM = .
                0x000000001fff0000                __data_start__ = .
 *(.data)
 *(.data*)
 .data.GPIOStimTriggerPins
                0x000000001fff0000       0x10 ./Sources/K64F_HFAC_Stimulator.o
                0x000000001fff0000                GPIOStimTriggerPins
 .data.dacChannelAddress
                0x000000001fff0010        0x8 ./Sources/K64F_HFAC_Stimulator.o
                0x000000001fff0010                dacChannelAddress
 .data.dummyRoutingPath
                0x000000001fff0018        0x4 ./Sources/K64F_HFAC_Stimulator.o
                0x000000001fff0018                dummyRoutingPath
 .data.electrodeBitsRoutingPosition
                0x000000001fff001c        0x4 ./Sources/K64F_HFAC_Stimulator.o
                0x000000001fff001c                electrodeBitsRoutingPosition
 .data.electrodeRoutingPath
                0x000000001fff0020        0x4 ./Sources/K64F_HFAC_Stimulator.o
                0x000000001fff0020                electrodeRoutingPath
 .data.extADCzeropoint
                0x000000001fff0024        0x2 ./Sources/K64F_HFAC_Stimulator.o
                0x000000001fff0024                extADCzeropoint
 *fill*         0x000000001fff0026        0x2 
 .data.gain     0x000000001fff0028       0x10 ./Sources/K64F_HFAC_Stimulator.o
                0x000000001fff0028                gain
 .data.zeropoint
                0x000000001fff0038        0x8 ./Sources/K64F_HFAC_Stimulator.o
                0x000000001fff0038                zeropoint
 .data.s_fastIrcFreq
                0x000000001fff0040        0x4 ./SDK/devices/MK64F12/drivers/fsl_clock.o
 .data.s_slowIrcFreq
                0x000000001fff0044        0x4 ./SDK/devices/MK64F12/drivers/fsl_clock.o
 .data.SystemCoreClock
                0x000000001fff0048        0x4 ./SDK/devices/MK64F12/system_MK64F12.o
                0x000000001fff0048                SystemCoreClock
 .data._impure_ptr
                0x000000001fff004c        0x4 c:/users/adrien/appdata/roaming/xpacks/@gnu-mcu-eclipse/arm-none-eabi-gcc/7.3.1-1.1.1/.content/bin/../lib/gcc/arm-none-eabi/7.3.1/../../../../arm-none-eabi/lib/thumb/v7e-m/fpv4-sp/hard\libg_nano.a(lib_a-impure.o)
                0x000000001fff004c                _impure_ptr
 .data.impure_data
                0x000000001fff0050       0x60 c:/users/adrien/appdata/roaming/xpacks/@gnu-mcu-eclipse/arm-none-eabi-gcc/7.3.1-1.1.1/.content/bin/../lib/gcc/arm-none-eabi/7.3.1/../../../../arm-none-eabi/lib/thumb/v7e-m/fpv4-sp/hard\libg_nano.a(lib_a-impure.o)
 *(.jcr*)
                0x000000001fff00b0                . = ALIGN (0x4)
                0x000000001fff00b0                __data_end__ = .
                0x000000000000588c                __DATA_END = (__DATA_ROM + (__data_end__ - __data_start__))
                0x0000000000100000                text_end = (ORIGIN (m_text) + LENGTH (m_text))
                0x0000000000000001                ASSERT ((__DATA_END <= text_end), region m_text overflowed with text and data)

.tm_clone_table
                0x000000001fff00b0        0x0 load address 0x000000000000588c
 .tm_clone_table
                0x000000001fff00b0        0x0 c:/users/adrien/appdata/roaming/xpacks/@gnu-mcu-eclipse/arm-none-eabi-gcc/7.3.1-1.1.1/.content/bin/../lib/gcc/arm-none-eabi/7.3.1/thumb/v7e-m/fpv4-sp/hard/crtbegin.o
 .tm_clone_table
                0x000000001fff00b0        0x0 c:/users/adrien/appdata/roaming/xpacks/@gnu-mcu-eclipse/arm-none-eabi-gcc/7.3.1-1.1.1/.content/bin/../lib/gcc/arm-none-eabi/7.3.1/thumb/v7e-m/fpv4-sp/hard/crtend.o

.igot.plt       0x000000001fff00b0        0x0 load address 0x000000000000588c
 .igot.plt      0x000000001fff00b0        0x0 c:/users/adrien/appdata/roaming/xpacks/@gnu-mcu-eclipse/arm-none-eabi-gcc/7.3.1-1.1.1/.content/bin/../lib/gcc/arm-none-eabi/7.3.1/thumb/v7e-m/fpv4-sp/hard/crtbegin.o

.bss            0x000000001fff00c0     0xe90c load address 0x00000000000058a0
                0x000000001fff00c0                . = ALIGN (0x4)
                0x000000001fff00c0                __START_BSS = .
                0x000000001fff00c0                __bss_start__ = .
 *(.bss)
 *(.bss*)
 .bss.completed.7761
                0x000000001fff00c0        0x1 c:/users/adrien/appdata/roaming/xpacks/@gnu-mcu-eclipse/arm-none-eabi-gcc/7.3.1-1.1.1/.content/bin/../lib/gcc/arm-none-eabi/7.3.1/thumb/v7e-m/fpv4-sp/hard/crtbegin.o
 *fill*         0x000000001fff00c1        0x3 
 .bss.object.7766
                0x000000001fff00c4       0x18 c:/users/adrien/appdata/roaming/xpacks/@gnu-mcu-eclipse/arm-none-eabi-gcc/7.3.1-1.1.1/.content/bin/../lib/gcc/arm-none-eabi/7.3.1/thumb/v7e-m/fpv4-sp/hard/crtbegin.o
 .bss.ADCCommand
                0x000000001fff00dc        0x2 ./Sources/K64F_HFAC_Stimulator.o
                0x000000001fff00dc                ADCCommand
 .bss.ADCData   0x000000001fff00de      0x400 ./Sources/K64F_HFAC_Stimulator.o
                0x000000001fff00de                ADCData
 .bss.DMADummyTransfer
                0x000000001fff04de     0x7d00 ./Sources/K64F_HFAC_Stimulator.o
                0x000000001fff04de                DMADummyTransfer
 *fill*         0x000000001fff81de        0x2 
 .bss.blockDACArray
                0x000000001fff81e0     0x2000 ./Sources/K64F_HFAC_Stimulator.o
                0x000000001fff81e0                blockDACArray
 .bss.blockDACArrayStop
                0x000000001fffa1e0       0x20 ./Sources/K64F_HFAC_Stimulator.o
                0x000000001fffa1e0                blockDACArrayStop
 .bss.blockNumberOfTransfers
                0x000000001fffa200       0x10 ./Sources/K64F_HFAC_Stimulator.o
                0x000000001fffa200                blockNumberOfTransfers
 .bss.blockPITArray
                0x000000001fffa210       0x60 ./Sources/K64F_HFAC_Stimulator.o
                0x000000001fffa210                blockPITArray
 .bss.blockTcdDACPenUltPtr
                0x000000001fffa270       0x10 ./Sources/K64F_HFAC_Stimulator.o
                0x000000001fffa270                blockTcdDACPenUltPtr
 .bss.calibrationReference
                0x000000001fffa280        0x2 ./Sources/K64F_HFAC_Stimulator.o
                0x000000001fffa280                calibrationReference
 .bss.calibrationRoute
                0x000000001fffa282        0x2 ./Sources/K64F_HFAC_Stimulator.o
                0x000000001fffa282                calibrationRoute
 .bss.channelRoute
                0x000000001fffa284        0x8 ./Sources/K64F_HFAC_Stimulator.o
                0x000000001fffa284                channelRoute
 .bss.channelState
                0x000000001fffa28c        0x4 ./Sources/K64F_HFAC_Stimulator.o
                0x000000001fffa28c                channelState
 .bss.dummyRoute
                0x000000001fffa290        0x2 ./Sources/K64F_HFAC_Stimulator.o
                0x000000001fffa290                dummyRoute
 .bss.exStimAmp
                0x000000001fffa292        0x2 ./Sources/K64F_HFAC_Stimulator.o
                0x000000001fffa292                exStimAmp
 .bss.exStimChannel
                0x000000001fffa294        0x1 ./Sources/K64F_HFAC_Stimulator.o
                0x000000001fffa294                exStimChannel
 *fill*         0x000000001fffa295        0x3 
 .bss.exStimFlag
                0x000000001fffa298        0x4 ./Sources/K64F_HFAC_Stimulator.o
                0x000000001fffa298                exStimFlag
 .bss.exStimIPD
                0x000000001fffa29c        0x4 ./Sources/K64F_HFAC_Stimulator.o
                0x000000001fffa29c                exStimIPD
 .bss.exStimPW  0x000000001fffa2a0        0x4 ./Sources/K64F_HFAC_Stimulator.o
                0x000000001fffa2a0                exStimPW
 .bss.exStimState
                0x000000001fffa2a4        0x4 ./Sources/K64F_HFAC_Stimulator.o
                0x000000001fffa2a4                exStimState
 .bss.g_Transfer_Done
                0x000000001fffa2a8        0x1 ./Sources/K64F_HFAC_Stimulator.o
                0x000000001fffa2a8                g_Transfer_Done
 *fill*         0x000000001fffa2a9        0x3 
 .bss.stimDACArray
                0x000000001fffa2ac     0x1f40 ./Sources/K64F_HFAC_Stimulator.o
                0x000000001fffa2ac                stimDACArray
 .bss.stimEventNumber
                0x000000001fffc1ec       0x10 ./Sources/K64F_HFAC_Stimulator.o
                0x000000001fffc1ec                stimEventNumber
 .bss.stimGPIOArray
                0x000000001fffc1fc       0x10 ./Sources/K64F_HFAC_Stimulator.o
                0x000000001fffc1fc                stimGPIOArray
 .bss.stimPITArray
                0x000000001fffc20c     0x1f40 ./Sources/K64F_HFAC_Stimulator.o
                0x000000001fffc20c                stimPITArray
 .bss.timerPeriods
                0x000000001fffe14c        0x8 ./Sources/K64F_HFAC_Stimulator.o
                0x000000001fffe14c                timerPeriods
 .bss.uartCommandArray
                0x000000001fffe154        0x8 ./Sources/K64F_HFAC_Stimulator.o
                0x000000001fffe154                uartCommandArray
 .bss.uartCommandCounter
                0x000000001fffe15c        0x4 ./Sources/K64F_HFAC_Stimulator.o
                0x000000001fffe15c                uartCommandCounter
 .bss.uartCommandFlag
                0x000000001fffe160        0x4 ./Sources/K64F_HFAC_Stimulator.o
                0x000000001fffe160                uartCommandFlag
 .bss.g_dspiDummyData
                0x000000001fffe164        0x3 ./SDK/devices/MK64F12/drivers/fsl_dspi.o
                0x000000001fffe164                g_dspiDummyData
 *fill*         0x000000001fffe167        0x1 
 .bss.g_dspiHandle
                0x000000001fffe168        0xc ./SDK/devices/MK64F12/drivers/fsl_dspi.o
 .bss.s_dspiMasterIsr
                0x000000001fffe174        0x4 ./SDK/devices/MK64F12/drivers/fsl_dspi.o
 .bss.s_dspiSlaveIsr
                0x000000001fffe178        0x4 ./SDK/devices/MK64F12/drivers/fsl_dspi.o
 .bss.s_EDMAHandle
                0x000000001fffe17c       0x40 ./SDK/devices/MK64F12/drivers/fsl_edma.o
 .bss.s_uartHandle
                0x000000001fffe1bc       0x18 ./SDK/devices/MK64F12/drivers/fsl_uart.o
 .bss.s_uartIsr
                0x000000001fffe1d4        0x4 ./SDK/devices/MK64F12/drivers/fsl_uart.o
 .bss.__malloc_free_list
                0x000000001fffe1d8        0x4 c:/users/adrien/appdata/roaming/xpacks/@gnu-mcu-eclipse/arm-none-eabi-gcc/7.3.1-1.1.1/.content/bin/../lib/gcc/arm-none-eabi/7.3.1/../../../../arm-none-eabi/lib/thumb/v7e-m/fpv4-sp/hard\libg_nano.a(lib_a-nano-mallocr.o)
                0x000000001fffe1d8                __malloc_free_list
 .bss.__malloc_sbrk_start
                0x000000001fffe1dc        0x4 c:/users/adrien/appdata/roaming/xpacks/@gnu-mcu-eclipse/arm-none-eabi-gcc/7.3.1-1.1.1/.content/bin/../lib/gcc/arm-none-eabi/7.3.1/../../../../arm-none-eabi/lib/thumb/v7e-m/fpv4-sp/hard\libg_nano.a(lib_a-nano-mallocr.o)
                0x000000001fffe1dc                __malloc_sbrk_start
 .bss.heap_end.5377
                0x000000001fffe1e0        0x4 c:/users/adrien/appdata/roaming/xpacks/@gnu-mcu-eclipse/arm-none-eabi-gcc/7.3.1-1.1.1/.content/bin/../lib/gcc/arm-none-eabi/7.3.1/../../../../arm-none-eabi/lib/thumb/v7e-m/fpv4-sp/hard\libnosys.a(sbrk.o)
 *(COMMON)
 *fill*         0x000000001fffe1e4       0x1c 
 COMMON         0x000000001fffe200      0x7c0 ./Sources/K64F_HFAC_Stimulator.o
                0x000000001fffe200                stimTcdGPIO
                0x000000001fffe280                blockTcdPITMain
                0x000000001fffe300                spiToSwitchCommand
                0x000000001fffe320                extADCWriteTcd
                0x000000001fffe340                spiToDACCommand
                0x000000001fffe360                blockTcdDACLast
                0x000000001fffe3e0                g_EDMA_Handle
                0x000000001fffe540                stimTcdDAC
                0x000000001fffe5c0                extADCReadTcd
                0x000000001fffe5e0                blockTcdDACPenUlt
                0x000000001fffe660                blockTcdDACMain
                0x000000001fffe6e0                test
                0x000000001fffe700                blockTcdDACStart
                0x000000001fffe780                stimTcdPIT
                0x000000001fffe800                test2
                0x000000001fffe820                blockTcdPITLast
                0x000000001fffe8a0                blockTcdPITStart
                0x000000001fffe920                spiToADCCommand
                0x000000001fffe940                blockTcdPITPenUlt
 COMMON         0x000000001fffe9c0        0x8 ./SDK/devices/MK64F12/drivers/fsl_clock.o
                0x000000001fffe9c0                g_xtal32Freq
                0x000000001fffe9c4                g_xtal0Freq
 COMMON         0x000000001fffe9c8        0x4 c:/users/adrien/appdata/roaming/xpacks/@gnu-mcu-eclipse/arm-none-eabi-gcc/7.3.1-1.1.1/.content/bin/../lib/gcc/arm-none-eabi/7.3.1/../../../../arm-none-eabi/lib/thumb/v7e-m/fpv4-sp/hard\libg_nano.a(lib_a-reent.o)
                0x000000001fffe9c8                errno
                0x000000001fffe9cc                . = ALIGN (0x4)
                0x000000001fffe9cc                __bss_end__ = .
                0x000000001fffe9cc                __END_BSS = .

.heap           0x0000000020000000      0x400
                0x0000000020000000                . = ALIGN (0x8)
                0x0000000020000000                __end__ = .
                0x0000000020000000                PROVIDE (end = .)
                0x0000000020000000                __HeapBase = .
                0x0000000020000400                . = (. + HEAP_SIZE)
 *fill*         0x0000000020000000      0x400 
                0x0000000020000400                __HeapLimit = .
                0x0000000020000400                __heap_limit = .

.stack          0x0000000020000400      0x400
                0x0000000020000400                . = ALIGN (0x8)
                0x0000000020000800                . = (. + STACK_SIZE)
 *fill*         0x0000000020000400      0x400 
                0x0000000020030000                __StackTop = (ORIGIN (m_data_2) + LENGTH (m_data_2))
                0x000000002002fc00                __StackLimit = (__StackTop - STACK_SIZE)
                0x0000000020030000                PROVIDE (__stack = __StackTop)

.ARM.attributes
                0x0000000000000000       0x30
 *(.ARM.attributes)
 .ARM.attributes
                0x0000000000000000       0x22 c:/users/adrien/appdata/roaming/xpacks/@gnu-mcu-eclipse/arm-none-eabi-gcc/7.3.1-1.1.1/.content/bin/../lib/gcc/arm-none-eabi/7.3.1/thumb/v7e-m/fpv4-sp/hard/crti.o
 .ARM.attributes
                0x0000000000000022       0x34 c:/users/adrien/appdata/roaming/xpacks/@gnu-mcu-eclipse/arm-none-eabi-gcc/7.3.1-1.1.1/.content/bin/../lib/gcc/arm-none-eabi/7.3.1/thumb/v7e-m/fpv4-sp/hard/crtbegin.o
 .ARM.attributes
                0x0000000000000056       0x20 c:/users/adrien/appdata/roaming/xpacks/@gnu-mcu-eclipse/arm-none-eabi-gcc/7.3.1-1.1.1/.content/bin/../lib/gcc/arm-none-eabi/7.3.1/../../../../arm-none-eabi/lib/thumb/v7e-m/fpv4-sp/hard/crt0.o
 .ARM.attributes
                0x0000000000000076       0x39 ./Sources/K64F_HFAC_Stimulator.o
 .ARM.attributes
                0x00000000000000af       0x39 ./Sources/clock_config.o
 .ARM.attributes
                0x00000000000000e8       0x39 ./Sources/pin_mux.o
 .ARM.attributes
                0x0000000000000121       0x1f ./SDK/devices/MK64F12/gcc/startup_MK64F12.o
 .ARM.attributes
                0x0000000000000140       0x39 ./SDK/devices/MK64F12/drivers/fsl_clock.o
 .ARM.attributes
                0x0000000000000179       0x39 ./SDK/devices/MK64F12/drivers/fsl_dmamux.o
 .ARM.attributes
                0x00000000000001b2       0x39 ./SDK/devices/MK64F12/drivers/fsl_dspi.o
 .ARM.attributes
                0x00000000000001eb       0x39 ./SDK/devices/MK64F12/drivers/fsl_edma.o
 .ARM.attributes
                0x0000000000000224       0x39 ./SDK/devices/MK64F12/drivers/fsl_ftm.o
 .ARM.attributes
                0x000000000000025d       0x39 ./SDK/devices/MK64F12/drivers/fsl_gpio.o
 .ARM.attributes
                0x0000000000000296       0x39 ./SDK/devices/MK64F12/drivers/fsl_pit.o
 .ARM.attributes
                0x00000000000002cf       0x39 ./SDK/devices/MK64F12/drivers/fsl_uart.o
 .ARM.attributes
                0x0000000000000308       0x39 ./SDK/devices/MK64F12/system_MK64F12.o
 .ARM.attributes
                0x0000000000000341       0x22 c:/users/adrien/appdata/roaming/xpacks/@gnu-mcu-eclipse/arm-none-eabi-gcc/7.3.1-1.1.1/.content/bin/../lib/gcc/arm-none-eabi/7.3.1/thumb/v7e-m/fpv4-sp/hard\libgcc.a(_aeabi_uldivmod.o)
 .ARM.attributes
                0x0000000000000363       0x34 c:/users/adrien/appdata/roaming/xpacks/@gnu-mcu-eclipse/arm-none-eabi-gcc/7.3.1-1.1.1/.content/bin/../lib/gcc/arm-none-eabi/7.3.1/thumb/v7e-m/fpv4-sp/hard\libgcc.a(_udivmoddi4.o)
 .ARM.attributes
                0x0000000000000397       0x22 c:/users/adrien/appdata/roaming/xpacks/@gnu-mcu-eclipse/arm-none-eabi-gcc/7.3.1-1.1.1/.content/bin/../lib/gcc/arm-none-eabi/7.3.1/thumb/v7e-m/fpv4-sp/hard\libgcc.a(_dvmd_tls.o)
 .ARM.attributes
                0x00000000000003b9       0x34 c:/users/adrien/appdata/roaming/xpacks/@gnu-mcu-eclipse/arm-none-eabi-gcc/7.3.1-1.1.1/.content/bin/../lib/gcc/arm-none-eabi/7.3.1/../../../../arm-none-eabi/lib/thumb/v7e-m/fpv4-sp/hard\libg_nano.a(lib_a-assert.o)
 .ARM.attributes
                0x00000000000003ed       0x34 c:/users/adrien/appdata/roaming/xpacks/@gnu-mcu-eclipse/arm-none-eabi-gcc/7.3.1-1.1.1/.content/bin/../lib/gcc/arm-none-eabi/7.3.1/../../../../arm-none-eabi/lib/thumb/v7e-m/fpv4-sp/hard\libg_nano.a(lib_a-exit.o)
 .ARM.attributes
                0x0000000000000421       0x34 c:/users/adrien/appdata/roaming/xpacks/@gnu-mcu-eclipse/arm-none-eabi-gcc/7.3.1-1.1.1/.content/bin/../lib/gcc/arm-none-eabi/7.3.1/../../../../arm-none-eabi/lib/thumb/v7e-m/fpv4-sp/hard\libg_nano.a(lib_a-fprintf.o)
 .ARM.attributes
                0x0000000000000455       0x34 c:/users/adrien/appdata/roaming/xpacks/@gnu-mcu-eclipse/arm-none-eabi-gcc/7.3.1-1.1.1/.content/bin/../lib/gcc/arm-none-eabi/7.3.1/../../../../arm-none-eabi/lib/thumb/v7e-m/fpv4-sp/hard\libg_nano.a(lib_a-impure.o)
 .ARM.attributes
                0x0000000000000489       0x34 c:/users/adrien/appdata/roaming/xpacks/@gnu-mcu-eclipse/arm-none-eabi-gcc/7.3.1-1.1.1/.content/bin/../lib/gcc/arm-none-eabi/7.3.1/../../../../arm-none-eabi/lib/thumb/v7e-m/fpv4-sp/hard\libg_nano.a(lib_a-init.o)
 .ARM.attributes
                0x00000000000004bd       0x34 c:/users/adrien/appdata/roaming/xpacks/@gnu-mcu-eclipse/arm-none-eabi-gcc/7.3.1-1.1.1/.content/bin/../lib/gcc/arm-none-eabi/7.3.1/../../../../arm-none-eabi/lib/thumb/v7e-m/fpv4-sp/hard\libg_nano.a(lib_a-memset.o)
 .ARM.attributes
                0x00000000000004f1       0x34 c:/users/adrien/appdata/roaming/xpacks/@gnu-mcu-eclipse/arm-none-eabi-gcc/7.3.1-1.1.1/.content/bin/../lib/gcc/arm-none-eabi/7.3.1/../../../../arm-none-eabi/lib/thumb/v7e-m/fpv4-sp/hard\libg_nano.a(lib_a-nano-freer.o)
 .ARM.attributes
                0x0000000000000525       0x34 c:/users/adrien/appdata/roaming/xpacks/@gnu-mcu-eclipse/arm-none-eabi-gcc/7.3.1-1.1.1/.content/bin/../lib/gcc/arm-none-eabi/7.3.1/../../../../arm-none-eabi/lib/thumb/v7e-m/fpv4-sp/hard\libg_nano.a(lib_a-nano-mallocr.o)
 .ARM.attributes
                0x0000000000000559       0x34 c:/users/adrien/appdata/roaming/xpacks/@gnu-mcu-eclipse/arm-none-eabi-gcc/7.3.1-1.1.1/.content/bin/../lib/gcc/arm-none-eabi/7.3.1/../../../../arm-none-eabi/lib/thumb/v7e-m/fpv4-sp/hard\libg_nano.a(lib_a-nano-vfprintf.o)
 .ARM.attributes
                0x000000000000058d       0x34 c:/users/adrien/appdata/roaming/xpacks/@gnu-mcu-eclipse/arm-none-eabi-gcc/7.3.1-1.1.1/.content/bin/../lib/gcc/arm-none-eabi/7.3.1/../../../../arm-none-eabi/lib/thumb/v7e-m/fpv4-sp/hard\libg_nano.a(lib_a-nano-vfprintf_i.o)
 .ARM.attributes
                0x00000000000005c1       0x34 c:/users/adrien/appdata/roaming/xpacks/@gnu-mcu-eclipse/arm-none-eabi-gcc/7.3.1-1.1.1/.content/bin/../lib/gcc/arm-none-eabi/7.3.1/../../../../arm-none-eabi/lib/thumb/v7e-m/fpv4-sp/hard\libg_nano.a(lib_a-sbrkr.o)
 .ARM.attributes
                0x00000000000005f5       0x34 c:/users/adrien/appdata/roaming/xpacks/@gnu-mcu-eclipse/arm-none-eabi-gcc/7.3.1-1.1.1/.content/bin/../lib/gcc/arm-none-eabi/7.3.1/../../../../arm-none-eabi/lib/thumb/v7e-m/fpv4-sp/hard\libg_nano.a(lib_a-wbuf.o)
 .ARM.attributes
                0x0000000000000629       0x34 c:/users/adrien/appdata/roaming/xpacks/@gnu-mcu-eclipse/arm-none-eabi-gcc/7.3.1-1.1.1/.content/bin/../lib/gcc/arm-none-eabi/7.3.1/../../../../arm-none-eabi/lib/thumb/v7e-m/fpv4-sp/hard\libg_nano.a(lib_a-wsetup.o)
 .ARM.attributes
                0x000000000000065d       0x34 c:/users/adrien/appdata/roaming/xpacks/@gnu-mcu-eclipse/arm-none-eabi-gcc/7.3.1-1.1.1/.content/bin/../lib/gcc/arm-none-eabi/7.3.1/../../../../arm-none-eabi/lib/thumb/v7e-m/fpv4-sp/hard\libg_nano.a(lib_a-abort.o)
 .ARM.attributes
                0x0000000000000691       0x34 c:/users/adrien/appdata/roaming/xpacks/@gnu-mcu-eclipse/arm-none-eabi-gcc/7.3.1-1.1.1/.content/bin/../lib/gcc/arm-none-eabi/7.3.1/../../../../arm-none-eabi/lib/thumb/v7e-m/fpv4-sp/hard\libg_nano.a(lib_a-fflush.o)
 .ARM.attributes
                0x00000000000006c5       0x34 c:/users/adrien/appdata/roaming/xpacks/@gnu-mcu-eclipse/arm-none-eabi-gcc/7.3.1-1.1.1/.content/bin/../lib/gcc/arm-none-eabi/7.3.1/../../../../arm-none-eabi/lib/thumb/v7e-m/fpv4-sp/hard\libg_nano.a(lib_a-findfp.o)
 .ARM.attributes
                0x00000000000006f9       0x34 c:/users/adrien/appdata/roaming/xpacks/@gnu-mcu-eclipse/arm-none-eabi-gcc/7.3.1-1.1.1/.content/bin/../lib/gcc/arm-none-eabi/7.3.1/../../../../arm-none-eabi/lib/thumb/v7e-m/fpv4-sp/hard\libg_nano.a(lib_a-fwalk.o)
 .ARM.attributes
                0x000000000000072d       0x34 c:/users/adrien/appdata/roaming/xpacks/@gnu-mcu-eclipse/arm-none-eabi-gcc/7.3.1-1.1.1/.content/bin/../lib/gcc/arm-none-eabi/7.3.1/../../../../arm-none-eabi/lib/thumb/v7e-m/fpv4-sp/hard\libg_nano.a(lib_a-makebuf.o)
 .ARM.attributes
                0x0000000000000761       0x20 c:/users/adrien/appdata/roaming/xpacks/@gnu-mcu-eclipse/arm-none-eabi-gcc/7.3.1-1.1.1/.content/bin/../lib/gcc/arm-none-eabi/7.3.1/../../../../arm-none-eabi/lib/thumb/v7e-m/fpv4-sp/hard\libg_nano.a(lib_a-memchr.o)
 .ARM.attributes
                0x0000000000000781       0x34 c:/users/adrien/appdata/roaming/xpacks/@gnu-mcu-eclipse/arm-none-eabi-gcc/7.3.1-1.1.1/.content/bin/../lib/gcc/arm-none-eabi/7.3.1/../../../../arm-none-eabi/lib/thumb/v7e-m/fpv4-sp/hard\libg_nano.a(lib_a-mlock.o)
 .ARM.attributes
                0x00000000000007b5       0x34 c:/users/adrien/appdata/roaming/xpacks/@gnu-mcu-eclipse/arm-none-eabi-gcc/7.3.1-1.1.1/.content/bin/../lib/gcc/arm-none-eabi/7.3.1/../../../../arm-none-eabi/lib/thumb/v7e-m/fpv4-sp/hard\libg_nano.a(lib_a-reent.o)
 .ARM.attributes
                0x00000000000007e9       0x34 c:/users/adrien/appdata/roaming/xpacks/@gnu-mcu-eclipse/arm-none-eabi-gcc/7.3.1-1.1.1/.content/bin/../lib/gcc/arm-none-eabi/7.3.1/../../../../arm-none-eabi/lib/thumb/v7e-m/fpv4-sp/hard\libg_nano.a(lib_a-signal.o)
 .ARM.attributes
                0x000000000000081d       0x34 c:/users/adrien/appdata/roaming/xpacks/@gnu-mcu-eclipse/arm-none-eabi-gcc/7.3.1-1.1.1/.content/bin/../lib/gcc/arm-none-eabi/7.3.1/../../../../arm-none-eabi/lib/thumb/v7e-m/fpv4-sp/hard\libg_nano.a(lib_a-signalr.o)
 .ARM.attributes
                0x0000000000000851       0x34 c:/users/adrien/appdata/roaming/xpacks/@gnu-mcu-eclipse/arm-none-eabi-gcc/7.3.1-1.1.1/.content/bin/../lib/gcc/arm-none-eabi/7.3.1/../../../../arm-none-eabi/lib/thumb/v7e-m/fpv4-sp/hard\libg_nano.a(lib_a-stdio.o)
 .ARM.attributes
                0x0000000000000885       0x34 c:/users/adrien/appdata/roaming/xpacks/@gnu-mcu-eclipse/arm-none-eabi-gcc/7.3.1-1.1.1/.content/bin/../lib/gcc/arm-none-eabi/7.3.1/../../../../arm-none-eabi/lib/thumb/v7e-m/fpv4-sp/hard\libg_nano.a(lib_a-writer.o)
 .ARM.attributes
                0x00000000000008b9       0x34 c:/users/adrien/appdata/roaming/xpacks/@gnu-mcu-eclipse/arm-none-eabi-gcc/7.3.1-1.1.1/.content/bin/../lib/gcc/arm-none-eabi/7.3.1/../../../../arm-none-eabi/lib/thumb/v7e-m/fpv4-sp/hard\libg_nano.a(lib_a-closer.o)
 .ARM.attributes
                0x00000000000008ed       0x34 c:/users/adrien/appdata/roaming/xpacks/@gnu-mcu-eclipse/arm-none-eabi-gcc/7.3.1-1.1.1/.content/bin/../lib/gcc/arm-none-eabi/7.3.1/../../../../arm-none-eabi/lib/thumb/v7e-m/fpv4-sp/hard\libg_nano.a(lib_a-fstatr.o)
 .ARM.attributes
                0x0000000000000921       0x34 c:/users/adrien/appdata/roaming/xpacks/@gnu-mcu-eclipse/arm-none-eabi-gcc/7.3.1-1.1.1/.content/bin/../lib/gcc/arm-none-eabi/7.3.1/../../../../arm-none-eabi/lib/thumb/v7e-m/fpv4-sp/hard\libg_nano.a(lib_a-isattyr.o)
 .ARM.attributes
                0x0000000000000955       0x34 c:/users/adrien/appdata/roaming/xpacks/@gnu-mcu-eclipse/arm-none-eabi-gcc/7.3.1-1.1.1/.content/bin/../lib/gcc/arm-none-eabi/7.3.1/../../../../arm-none-eabi/lib/thumb/v7e-m/fpv4-sp/hard\libg_nano.a(lib_a-lseekr.o)
 .ARM.attributes
                0x0000000000000989       0x34 c:/users/adrien/appdata/roaming/xpacks/@gnu-mcu-eclipse/arm-none-eabi-gcc/7.3.1-1.1.1/.content/bin/../lib/gcc/arm-none-eabi/7.3.1/../../../../arm-none-eabi/lib/thumb/v7e-m/fpv4-sp/hard\libg_nano.a(lib_a-readr.o)
 .ARM.attributes
                0x00000000000009bd       0x34 c:/users/adrien/appdata/roaming/xpacks/@gnu-mcu-eclipse/arm-none-eabi-gcc/7.3.1-1.1.1/.content/bin/../lib/gcc/arm-none-eabi/7.3.1/../../../../arm-none-eabi/lib/thumb/v7e-m/fpv4-sp/hard\libnosys.a(close.o)
 .ARM.attributes
                0x00000000000009f1       0x34 c:/users/adrien/appdata/roaming/xpacks/@gnu-mcu-eclipse/arm-none-eabi-gcc/7.3.1-1.1.1/.content/bin/../lib/gcc/arm-none-eabi/7.3.1/../../../../arm-none-eabi/lib/thumb/v7e-m/fpv4-sp/hard\libnosys.a(fstat.o)
 .ARM.attributes
                0x0000000000000a25       0x34 c:/users/adrien/appdata/roaming/xpacks/@gnu-mcu-eclipse/arm-none-eabi-gcc/7.3.1-1.1.1/.content/bin/../lib/gcc/arm-none-eabi/7.3.1/../../../../arm-none-eabi/lib/thumb/v7e-m/fpv4-sp/hard\libnosys.a(getpid.o)
 .ARM.attributes
                0x0000000000000a59       0x34 c:/users/adrien/appdata/roaming/xpacks/@gnu-mcu-eclipse/arm-none-eabi-gcc/7.3.1-1.1.1/.content/bin/../lib/gcc/arm-none-eabi/7.3.1/../../../../arm-none-eabi/lib/thumb/v7e-m/fpv4-sp/hard\libnosys.a(isatty.o)
 .ARM.attributes
                0x0000000000000a8d       0x34 c:/users/adrien/appdata/roaming/xpacks/@gnu-mcu-eclipse/arm-none-eabi-gcc/7.3.1-1.1.1/.content/bin/../lib/gcc/arm-none-eabi/7.3.1/../../../../arm-none-eabi/lib/thumb/v7e-m/fpv4-sp/hard\libnosys.a(kill.o)
 .ARM.attributes
                0x0000000000000ac1       0x34 c:/users/adrien/appdata/roaming/xpacks/@gnu-mcu-eclipse/arm-none-eabi-gcc/7.3.1-1.1.1/.content/bin/../lib/gcc/arm-none-eabi/7.3.1/../../../../arm-none-eabi/lib/thumb/v7e-m/fpv4-sp/hard\libnosys.a(lseek.o)
 .ARM.attributes
                0x0000000000000af5       0x34 c:/users/adrien/appdata/roaming/xpacks/@gnu-mcu-eclipse/arm-none-eabi-gcc/7.3.1-1.1.1/.content/bin/../lib/gcc/arm-none-eabi/7.3.1/../../../../arm-none-eabi/lib/thumb/v7e-m/fpv4-sp/hard\libnosys.a(read.o)
 .ARM.attributes