Archive member included to satisfy reference by file (symbol)

c:/users/adrien/appdata/roaming/xpacks/@gnu-mcu-eclipse/arm-none-eabi-gcc/7.3.1-1.1.1/.content/bin/../lib/gcc/arm-none-eabi/7.3.1/thumb/v7e-m/fpv4-sp/hard\libgcc.a(_aeabi_uldivmod.o)
                              ./Sources/K64F_HFAC_Stimulator.o (__aeabi_uldivmod)
c:/users/adrien/appdata/roaming/xpacks/@gnu-mcu-eclipse/arm-none-eabi-gcc/7.3.1-1.1.1/.content/bin/../lib/gcc/arm-none-eabi/7.3.1/thumb/v7e-m/fpv4-sp/hard\libgcc.a(_fixunssfdi.o)
                              ./Sources/K64F_HFAC_Stimulator.o (__aeabi_f2ulz)
c:/users/adrien/appdata/roaming/xpacks/@gnu-mcu-eclipse/arm-none-eabi-gcc/7.3.1-1.1.1/.content/bin/../lib/gcc/arm-none-eabi/7.3.1/thumb/v7e-m/fpv4-sp/hard\libgcc.a(_udivmoddi4.o)
                              c:/users/adrien/appdata/roaming/xpacks/@gnu-mcu-eclipse/arm-none-eabi-gcc/7.3.1-1.1.1/.content/bin/../lib/gcc/arm-none-eabi/7.3.1/thumb/v7e-m/fpv4-sp/hard\libgcc.a(_aeabi_uldivmod.o) (__udivmoddi4)
c:/users/adrien/appdata/roaming/xpacks/@gnu-mcu-eclipse/arm-none-eabi-gcc/7.3.1-1.1.1/.content/bin/../lib/gcc/arm-none-eabi/7.3.1/thumb/v7e-m/fpv4-sp/hard\libgcc.a(_dvmd_tls.o)
                              c:/users/adrien/appdata/roaming/xpacks/@gnu-mcu-eclipse/arm-none-eabi-gcc/7.3.1-1.1.1/.content/bin/../lib/gcc/arm-none-eabi/7.3.1/thumb/v7e-m/fpv4-sp/hard\libgcc.a(_aeabi_uldivmod.o) (__aeabi_ldiv0)
c:/users/adrien/appdata/roaming/xpacks/@gnu-mcu-eclipse/arm-none-eabi-gcc/7.3.1-1.1.1/.content/bin/../lib/gcc/arm-none-eabi/7.3.1/thumb/v7e-m/fpv4-sp/hard\libgcc.a(_arm_addsubdf3.o)
                              c:/users/adrien/appdata/roaming/xpacks/@gnu-mcu-eclipse/arm-none-eabi-gcc/7.3.1-1.1.1/.content/bin/../lib/gcc/arm-none-eabi/7.3.1/thumb/v7e-m/fpv4-sp/hard\libgcc.a(_fixunssfdi.o) (__aeabi_dsub)
c:/users/adrien/appdata/roaming/xpacks/@gnu-mcu-eclipse/arm-none-eabi-gcc/7.3.1-1.1.1/.content/bin/../lib/gcc/arm-none-eabi/7.3.1/thumb/v7e-m/fpv4-sp/hard\libgcc.a(_arm_muldivdf3.o)
                              c:/users/adrien/appdata/roaming/xpacks/@gnu-mcu-eclipse/arm-none-eabi-gcc/7.3.1-1.1.1/.content/bin/../lib/gcc/arm-none-eabi/7.3.1/thumb/v7e-m/fpv4-sp/hard\libgcc.a(_fixunssfdi.o) (__aeabi_dmul)
c:/users/adrien/appdata/roaming/xpacks/@gnu-mcu-eclipse/arm-none-eabi-gcc/7.3.1-1.1.1/.content/bin/../lib/gcc/arm-none-eabi/7.3.1/thumb/v7e-m/fpv4-sp/hard\libgcc.a(_arm_fixunsdfsi.o)
                              c:/users/adrien/appdata/roaming/xpacks/@gnu-mcu-eclipse/arm-none-eabi-gcc/7.3.1-1.1.1/.content/bin/../lib/gcc/arm-none-eabi/7.3.1/thumb/v7e-m/fpv4-sp/hard\libgcc.a(_fixunssfdi.o) (__aeabi_d2uiz)
c:/users/adrien/appdata/roaming/xpacks/@gnu-mcu-eclipse/arm-none-eabi-gcc/7.3.1-1.1.1/.content/bin/../lib/gcc/arm-none-eabi/7.3.1/../../../../arm-none-eabi/lib/thumb/v7e-m/fpv4-sp/hard\libg_nano.a(lib_a-assert.o)
                              ./Sources/K64F_HFAC_Stimulator.o (__assert_func)
c:/users/adrien/appdata/roaming/xpacks/@gnu-mcu-eclipse/arm-none-eabi-gcc/7.3.1-1.1.1/.content/bin/../lib/gcc/arm-none-eabi/7.3.1/../../../../arm-none-eabi/lib/thumb/v7e-m/fpv4-sp/hard\libg_nano.a(lib_a-exit.o)
                              c:/users/adrien/appdata/roaming/xpacks/@gnu-mcu-eclipse/arm-none-eabi-gcc/7.3.1-1.1.1/.content/bin/../lib/gcc/arm-none-eabi/7.3.1/../../../../arm-none-eabi/lib/thumb/v7e-m/fpv4-sp/hard/rdimon-crt0.o (exit)
c:/users/adrien/appdata/roaming/xpacks/@gnu-mcu-eclipse/arm-none-eabi-gcc/7.3.1-1.1.1/.content/bin/../lib/gcc/arm-none-eabi/7.3.1/../../../../arm-none-eabi/lib/thumb/v7e-m/fpv4-sp/hard\libg_nano.a(lib_a-fprintf.o)
                              c:/users/adrien/appdata/roaming/xpacks/@gnu-mcu-eclipse/arm-none-eabi-gcc/7.3.1-1.1.1/.content/bin/../lib/gcc/arm-none-eabi/7.3.1/../../../../arm-none-eabi/lib/thumb/v7e-m/fpv4-sp/hard\libg_nano.a(lib_a-assert.o) (fiprintf)
c:/users/adrien/appdata/roaming/xpacks/@gnu-mcu-eclipse/arm-none-eabi-gcc/7.3.1-1.1.1/.content/bin/../lib/gcc/arm-none-eabi/7.3.1/../../../../arm-none-eabi/lib/thumb/v7e-m/fpv4-sp/hard\libg_nano.a(lib_a-impure.o)
                              c:/users/adrien/appdata/roaming/xpacks/@gnu-mcu-eclipse/arm-none-eabi-gcc/7.3.1-1.1.1/.content/bin/../lib/gcc/arm-none-eabi/7.3.1/../../../../arm-none-eabi/lib/thumb/v7e-m/fpv4-sp/hard\libg_nano.a(lib_a-exit.o) (_global_impure_ptr)
c:/users/adrien/appdata/roaming/xpacks/@gnu-mcu-eclipse/arm-none-eabi-gcc/7.3.1-1.1.1/.content/bin/../lib/gcc/arm-none-eabi/7.3.1/../../../../arm-none-eabi/lib/thumb/v7e-m/fpv4-sp/hard\libg_nano.a(lib_a-init.o)
                              c:/users/adrien/appdata/roaming/xpacks/@gnu-mcu-eclipse/arm-none-eabi-gcc/7.3.1-1.1.1/.content/bin/../lib/gcc/arm-none-eabi/7.3.1/../../../../arm-none-eabi/lib/thumb/v7e-m/fpv4-sp/hard/rdimon-crt0.o (__libc_init_array)
c:/users/adrien/appdata/roaming/xpacks/@gnu-mcu-eclipse/arm-none-eabi-gcc/7.3.1-1.1.1/.content/bin/../lib/gcc/arm-none-eabi/7.3.1/../../../../arm-none-eabi/lib/thumb/v7e-m/fpv4-sp/hard\libg_nano.a(lib_a-malloc.o)
[...]
Memory Configuration

Name             Origin             Length             Attributes
m_interrupts     0x0000000000000000 0x0000000000000400 xr
m_flash_config   0x0000000000000400 0x0000000000000010 xr
m_text           0x0000000000000410 0x00000000000ffbf0 xr
m_data           0x000000001fff0000 0x0000000000010000 rw
m_data_2         0x0000000020000000 0x0000000000030000 rw
*default*        0x0000000000000000 0xffffffffffffffff

Linker script and memory map

LOAD c:/users/adrien/appdata/roaming/xpacks/@gnu-mcu-eclipse/arm-none-eabi-gcc/7.3.1-1.1.1/.content/bin/../lib/gcc/arm-none-eabi/7.3.1/thumb/v7e-m/fpv4-sp/hard/crti.o
LOAD c:/users/adrien/appdata/roaming/xpacks/@gnu-mcu-eclipse/arm-none-eabi-gcc/7.3.1-1.1.1/.content/bin/../lib/gcc/arm-none-eabi/7.3.1/thumb/v7e-m/fpv4-sp/hard/crtbegin.o
LOAD c:/users/adrien/appdata/roaming/xpacks/@gnu-mcu-eclipse/arm-none-eabi-gcc/7.3.1-1.1.1/.content/bin/../lib/gcc/arm-none-eabi/7.3.1/../../../../arm-none-eabi/lib/thumb/v7e-m/fpv4-sp/hard/rdimon-crt0.o
LOAD ./Sources/K64F_HFAC_Stimulator.o
LOAD ./Sources/clock_config.o
LOAD ./Sources/peripherals.o
LOAD ./Sources/pin_mux.o
LOAD ./SDK/devices/MK64F12/gcc/startup_MK64F12.o
LOAD ./SDK/devices/MK64F12/drivers/fsl_clock.o
LOAD ./SDK/devices/MK64F12/drivers/fsl_common.o
LOAD ./SDK/devices/MK64F12/drivers/fsl_dmamux.o
LOAD ./SDK/devices/MK64F12/drivers/fsl_dspi.o
LOAD ./SDK/devices/MK64F12/drivers/fsl_edma.o
LOAD ./SDK/devices/MK64F12/drivers/fsl_ftm.o
LOAD ./SDK/devices/MK64F12/drivers/fsl_gpio.o
LOAD ./SDK/devices/MK64F12/drivers/fsl_pit.o
LOAD ./SDK/devices/MK64F12/drivers/fsl_uart.o
LOAD ./SDK/devices/MK64F12/system_MK64F12.o
START GROUP
LOAD c:/users/adrien/appdata/roaming/xpacks/@gnu-mcu-eclipse/arm-none-eabi-gcc/7.3.1-1.1.1/.content/bin/../lib/gcc/arm-none-eabi/7.3.1/thumb/v7e-m/fpv4-sp/hard\libgcc.a
LOAD c:/users/adrien/appdata/roaming/xpacks/@gnu-mcu-eclipse/arm-none-eabi-gcc/7.3.1-1.1.1/.content/bin/../lib/gcc/arm-none-eabi/7.3.1/../../../../arm-none-eabi/lib/thumb/v7e-m/fpv4-sp/hard\libg_nano.a
LOAD c:/users/adrien/appdata/roaming/xpacks/@gnu-mcu-eclipse/arm-none-eabi-gcc/7.3.1-1.1.1/.content/bin/../lib/gcc/arm-none-eabi/7.3.1/../../../../arm-none-eabi/lib/thumb/v7e-m/fpv4-sp/hard\libc_nano.a
END GROUP
START GROUP
LOAD c:/users/adrien/appdata/roaming/xpacks/@gnu-mcu-eclipse/arm-none-eabi-gcc/7.3.1-1.1.1/.content/bin/../lib/gcc/arm-none-eabi/7.3.1/thumb/v7e-m/fpv4-sp/hard\libgcc.a
LOAD c:/users/adrien/appdata/roaming/xpacks/@gnu-mcu-eclipse/arm-none-eabi-gcc/7.3.1-1.1.1/.content/bin/../lib/gcc/arm-none-eabi/7.3.1/../../../../arm-none-eabi/lib/thumb/v7e-m/fpv4-sp/hard\libc_nano.a
LOAD c:/users/adrien/appdata/roaming/xpacks/@gnu-mcu-eclipse/arm-none-eabi-gcc/7.3.1-1.1.1/.content/bin/../lib/gcc/arm-none-eabi/7.3.1/../../../../arm-none-eabi/lib/thumb/v7e-m/fpv4-sp/hard\librdimon_nano.a
END GROUP
START GROUP
LOAD c:/users/adrien/appdata/roaming/xpacks/@gnu-mcu-eclipse/arm-none-eabi-gcc/7.3.1-1.1.1/.content/bin/../lib/gcc/arm-none-eabi/7.3.1/thumb/v7e-m/fpv4-sp/hard\libgcc.a
LOAD c:/users/adrien/appdata/roaming/xpacks/@gnu-mcu-eclipse/arm-none-eabi-gcc/7.3.1-1.1.1/.content/bin/../lib/gcc/arm-none-eabi/7.3.1/../../../../arm-none-eabi/lib/thumb/v7e-m/fpv4-sp/hard\libc_nano.a
LOAD c:/users/adrien/appdata/roaming/xpacks/@gnu-mcu-eclipse/arm-none-eabi-gcc/7.3.1-1.1.1/.content/bin/../lib/gcc/arm-none-eabi/7.3.1/../../../../arm-none-eabi/lib/thumb/v7e-m/fpv4-sp/hard\librdimon_nano.a
END GROUP
LOAD c:/users/adrien/appdata/roaming/xpacks/@gnu-mcu-eclipse/arm-none-eabi-gcc/7.3.1-1.1.1/.content/bin/../lib/gcc/arm-none-eabi/7.3.1/thumb/v7e-m/fpv4-sp/hard/crtend.o
LOAD c:/users/adrien/appdata/roaming/xpacks/@gnu-mcu-eclipse/arm-none-eabi-gcc/7.3.1-1.1.1/.content/bin/../lib/gcc/arm-none-eabi/7.3.1/thumb/v7e-m/fpv4-sp/hard/crtn.o
                0x0000000000000400                HEAP_SIZE = DEFINED (__heap_size__)?__heap_size__:0x400
                0x0000000000000400                STACK_SIZE = DEFINED (__stack_size__)?__stack_size__:0x400

.interrupts     0x0000000000000000      0x400
                0x0000000000000000                . = ALIGN (0x4)
 *(.isr_vector)
 .isr_vector    0x0000000000000000      0x400 ./SDK/devices/MK64F12/gcc/startup_MK64F12.o
                0x0000000000000000                __isr_vector
                0x0000000000000400                . = ALIGN (0x4)

.flash_config   0x0000000000000400       0x10
                0x0000000000000400                . = ALIGN (0x4)
 *(.FlashConfig)
 .FlashConfig   0x0000000000000400       0x10 ./SDK/devices/MK64F12/gcc/startup_MK64F12.o
                0x0000000000000410                . = ALIGN (0x4)

.text           0x0000000000000410     0x8f04
                0x0000000000000410                . = ALIGN (0x4)
 *(.text)
 .text          0x0000000000000410       0xe8 c:/users/adrien/appdata/roaming/xpacks/@gnu-mcu-eclipse/arm-none-eabi-gcc/7.3.1-1.1.1/.content/bin/../lib/gcc/arm-none-eabi/7.3.1/../../../../arm-none-eabi/lib/thumb/v7e-m/fpv4-sp/hard/rdimon-crt0.o
                0x0000000000000410                _start
                0x0000000000000410                _mainCRTStartup
 .text          0x00000000000004f8      0x1e8 ./SDK/devices/MK64F12/gcc/startup_MK64F12.o
                0x00000000000004f8                Reset_Handler
                0x0000000000000540                DebugMon_Handler
                0x0000000000000540                PORTC_IRQHandler
                0x0000000000000540                USB0_IRQHandler
                0x0000000000000540                DMA_Error_DriverIRQHandler
                0x0000000000000540                I2S0_Rx_DriverIRQHandler
                0x0000000000000540                CMP0_IRQHandler
                0x0000000000000540                USBDCD_IRQHandler
                0x0000000000000540                WDOG_EWM_IRQHandler
                0x0000000000000540                I2C0_DriverIRQHandler
                0x0000000000000540                ENET_Transmit_DriverIRQHandler
                0x0000000000000540                UART1_ERR_DriverIRQHandler
                0x0000000000000540                BusFault_Handler
                0x0000000000000540                LPTMR0_IRQHandler
                0x0000000000000540                SDHC_DriverIRQHandler
                0x0000000000000540                FTM2_IRQHandler
                0x0000000000000540                CMP2_IRQHandler
                0x0000000000000540                LLWU_IRQHandler
                0x0000000000000540                I2S0_Tx_DriverIRQHandler
                0x0000000000000540                PORTE_IRQHandler
                0x0000000000000540                FTM3_IRQHandler
                0x0000000000000540                CAN0_DriverIRQHandler
                0x0000000000000540                ENET_1588_Timer_DriverIRQHandler
                0x0000000000000540                I2C2_DriverIRQHandler
                0x0000000000000540                SWI_IRQHandler
                0x0000000000000540                ADC0_IRQHandler
                0x0000000000000540                UsageFault_Handler
                0x0000000000000540                MCM_IRQHandler
                0x0000000000000540                CMT_IRQHandler
                0x0000000000000540                DAC1_IRQHandler
                0x0000000000000540                DefaultISR
                0x0000000000000540                PORTA_IRQHandler
                0x0000000000000540                UART5_ERR_DriverIRQHandler
                0x0000000000000540                FTM0_IRQHandler
                0x0000000000000540                CMP1_IRQHandler
                0x0000000000000540                Reserved71_IRQHandler
                0x0000000000000540                PORTD_IRQHandler
                0x0000000000000540                PORTB_IRQHandler
                0x0000000000000540                LVD_LVW_IRQHandler
                0x0000000000000540                UART2_ERR_DriverIRQHandler
                0x0000000000000540                ADC1_IRQHandler
                0x0000000000000540                PIT1_IRQHandler
                0x0000000000000540                PIT2_IRQHandler
                0x0000000000000540                ENET_Error_DriverIRQHandler
                0x0000000000000540                DAC0_IRQHandler
                0x0000000000000540                RTC_IRQHandler
                0x0000000000000540                UART3_ERR_DriverIRQHandler
                0x0000000000000540                PDB0_IRQHandler
                0x0000000000000540                UART0_ERR_DriverIRQHandler
                0x0000000000000540                FTM1_IRQHandler
                0x0000000000000540                ENET_Receive_DriverIRQHandler
                0x0000000000000540                I2C1_DriverIRQHandler
                0x0000000000000540                PIT3_IRQHandler
                0x0000000000000540                MemManage_Handler
                0x0000000000000540                RTC_Seconds_IRQHandler
                0x0000000000000540                MCG_IRQHandler
                0x0000000000000540                FTFE_IRQHandler
                0x0000000000000540                Read_Collision_IRQHandler
                0x0000000000000540                RNG_IRQHandler
                0x0000000000000540                UART0_LON_DriverIRQHandler
                0x0000000000000540                UART4_ERR_DriverIRQHandler
                0x0000000000000544                NMI_Handler
                0x0000000000000548                HardFault_Handler
                0x000000000000054c                SVC_Handler
                0x0000000000000550                PendSV_Handler
                0x0000000000000554                SysTick_Handler
                0x0000000000000558                DMA0_IRQHandler
                0x000000000000055c                DMA1_IRQHandler
                0x0000000000000560                DMA2_IRQHandler
                0x0000000000000564                DMA3_IRQHandler
                0x0000000000000568                DMA4_IRQHandler
                0x000000000000056c                DMA5_IRQHandler
                0x0000000000000570                DMA6_IRQHandler
                0x0000000000000574                DMA7_IRQHandler
                0x0000000000000578                DMA8_IRQHandler
                0x000000000000057c                DMA9_IRQHandler
                0x0000000000000580                DMA10_IRQHandler
                0x0000000000000584                DMA11_IRQHandler
                0x0000000000000588                DMA12_IRQHandler
                0x000000000000058c                DMA13_IRQHandler
                0x0000000000000590                DMA14_IRQHandler
                0x0000000000000594                DMA15_IRQHandler
                0x0000000000000598                DMA_Error_IRQHandler
                0x000000000000059c                I2C0_IRQHandler
                0x00000000000005a0                I2C1_IRQHandler
                0x00000000000005a4                SPI0_IRQHandler
                0x00000000000005a8                SPI1_IRQHandler
                0x00000000000005ac                I2S0_Tx_IRQHandler
                0x00000000000005b0                I2S0_Rx_IRQHandler
                0x00000000000005b4                UART0_LON_IRQHandler
                0x00000000000005b8                UART0_RX_TX_IRQHandler
                0x00000000000005bc                UART0_ERR_IRQHandler
                0x00000000000005c0                UART1_RX_TX_IRQHandler
                0x00000000000005c4                UART1_ERR_IRQHandler
                0x00000000000005c8                UART2_RX_TX_IRQHandler
                0x00000000000005cc                UART2_ERR_IRQHandler
                0x00000000000005d0                UART3_RX_TX_IRQHandler
                0x00000000000005d4                UART3_ERR_IRQHandler
                0x00000000000005d8                SPI2_IRQHandler
                0x00000000000005e0                UART4_ERR_IRQHandler
                0x00000000000005e4                UART5_RX_TX_IRQHandler
                0x00000000000005e8                UART5_ERR_IRQHandler
                0x00000000000005ec                I2C2_IRQHandler
                0x00000000000005f0                CAN0_ORed_Message_buffer_IRQHandler
                0x00000000000005f4                CAN0_Bus_Off_IRQHandler
                0x00000000000005f8                CAN0_Error_IRQHandler
                0x00000000000005fc                CAN0_Tx_Warning_IRQHandler
                0x0000000000000600                CAN0_Rx_Warning_IRQHandler
                0x0000000000000604                CAN0_Wake_Up_IRQHandler
                0x0000000000000608                SDHC_IRQHandler
                0x000000000000060c                ENET_1588_Timer_IRQHandler
                0x0000000000000610                ENET_Transmit_IRQHandler
                0x0000000000000614                ENET_Receive_IRQHandler
                0x0000000000000618                ENET_Error_IRQHandler
 .text          0x00000000000006e0       0x30 c:/users/adrien/appdata/roaming/xpacks/@gnu-mcu-eclipse/arm-none-eabi-gcc/7.3.1-1.1.1/.content/bin/../lib/gcc/arm-none-eabi/7.3.1/thumb/v7e-m/fpv4-sp/hard\libgcc.a(_aeabi_uldivmod.o)
                0x00000000000006e0                __aeabi_uldivmod
 .text          0x0000000000000710        0x4 c:/users/adrien/appdata/roaming/xpacks/@gnu-mcu-eclipse/arm-none-eabi-gcc/7.3.1-1.1.1/.content/bin/../lib/gcc/arm-none-eabi/7.3.1/thumb/v7e-m/fpv4-sp/hard\libgcc.a(_dvmd_tls.o)
                0x0000000000000710                __aeabi_idiv0
                0x0000000000000710                __aeabi_ldiv0
 *fill*         0x0000000000000714        0xc 
 .text          0x0000000000000720       0xa0 c:/users/adrien/appdata/roaming/xpacks/@gnu-mcu-eclipse/arm-none-eabi-gcc/7.3.1-1.1.1/.content/bin/../lib/gcc/arm-none-eabi/7.3.1/../../../../arm-none-eabi/lib/thumb/v7e-m/fpv4-sp/hard\libg_nano.a(lib_a-memchr.o)
                0x0000000000000720                memchr
 .text          0x00000000000007c0       0x10 c:/users/adrien/appdata/roaming/xpacks/@gnu-mcu-eclipse/arm-none-eabi-gcc/7.3.1-1.1.1/.content/bin/../lib/gcc/arm-none-eabi/7.3.1/../../../../arm-none-eabi/lib/thumb/v7e-m/fpv4-sp/hard\libc_nano.a(lib_a-strlen.o)
                0x00000000000007c0                strlen
 *(.text*)
 .text.deregister_tm_clones
                0x00000000000007d0       0x1c c:/users/adrien/appdata/roaming/xpacks/@gnu-mcu-eclipse/arm-none-eabi-gcc/7.3.1-1.1.1/.content/bin/../lib/gcc/arm-none-eabi/7.3.1/thumb/v7e-m/fpv4-sp/hard/crtbegin.o
 .text.register_tm_clones
                0x00000000000007ec       0x24 c:/users/adrien/appdata/roaming/xpacks/@gnu-mcu-eclipse/arm-none-eabi-gcc/7.3.1-1.1.1/.content/bin/../lib/gcc/arm-none-eabi/7.3.1/thumb/v7e-m/fpv4-sp/hard/crtbegin.o
 .text.__do_global_dtors_aux
                0x0000000000000810       0x28 c:/users/adrien/appdata/roaming/xpacks/@gnu-mcu-eclipse/arm-none-eabi-gcc/7.3.1-1.1.1/.content/bin/../lib/gcc/arm-none-eabi/7.3.1/thumb/v7e-m/fpv4-sp/hard/crtbegin.o
 .text.frame_dummy
                0x0000000000000838       0x24 c:/users/adrien/appdata/roaming/xpacks/@gnu-mcu-eclipse/arm-none-eabi-gcc/7.3.1-1.1.1/.content/bin/../lib/gcc/arm-none-eabi/7.3.1/thumb/v7e-m/fpv4-sp/hard/crtbegin.o
 .text.__NVIC_EnableIRQ
                0x000000000000085c       0x3c ./Sources/K64F_HFAC_Stimulator.o
 .text.EnableIRQ
                0x0000000000000898       0x2c ./Sources/K64F_HFAC_Stimulator.o
 .text.GPIO_PortSet
                0x00000000000008c4       0x1c ./Sources/K64F_HFAC_Stimulator.o
 .text.GPIO_PortClear
                0x00000000000008e0       0x1c ./Sources/K64F_HFAC_Stimulator.o
 .text.DSPI_GetStatusFlags
                0x00000000000008fc       0x18 ./Sources/K64F_HFAC_Stimulator.o
 .text.DSPI_ClearStatusFlags
                0x0000000000000914       0x1c ./Sources/K64F_HFAC_Stimulator.o
 .text.DSPI_SetFifoEnable
                0x0000000000000930       0x48 ./Sources/K64F_HFAC_Stimulator.o
 .text.DSPI_MasterGetFormattedCommand
                0x0000000000000978       0x4a ./Sources/K64F_HFAC_Stimulator.o
 .text.UART_ReadByte
                0x00000000000009c2       0x1a ./Sources/K64F_HFAC_Stimulator.o
 .text.DMAMUX_EnableChannel
                0x00000000000009dc       0x4c ./Sources/K64F_HFAC_Stimulator.o
 .text.DMAMUX_DisableChannel
                0x0000000000000a28       0x4c ./Sources/K64F_HFAC_Stimulator.o
 .text.DMAMUX_SetSource
                0x0000000000000a74       0x5c ./Sources/K64F_HFAC_Stimulator.o
 .text.DMAMUX_EnablePeriodTrigger
                0x0000000000000ad0       0x4c ./Sources/K64F_HFAC_Stimulator.o
 .text.PIT_GetDefaultConfig
                0x0000000000000b1c       0x34 ./Sources/K64F_HFAC_Stimulator.o
 .text.PIT_EnableInterrupts
                0x0000000000000b50       0x3a ./Sources/K64F_HFAC_Stimulator.o
 .text.PIT_DisableInterrupts
                0x0000000000000b8a       0x3c ./Sources/K64F_HFAC_Stimulator.o
 .text.PIT_ClearStatusFlags
                0x0000000000000bc6       0x2a ./Sources/K64F_HFAC_Stimulator.o
 .text.PIT_SetTimerPeriod
                0x0000000000000bf0       0x28 ./Sources/K64F_HFAC_Stimulator.o
 .text.FTM_SetTimerPeriod
                0x0000000000000c18       0x1c ./Sources/K64F_HFAC_Stimulator.o
 .text.FTM_StopTimer
                0x0000000000000c34       0x20 ./Sources/K64F_HFAC_Stimulator.o
 .text.EDMA_Callback0
                0x0000000000000c54       0x88 ./Sources/K64F_HFAC_Stimulator.o
                0x0000000000000c54                EDMA_Callback0
 .text.EDMA_Callback1
                0x0000000000000cdc       0x88 ./Sources/K64F_HFAC_Stimulator.o
                0x0000000000000cdc                EDMA_Callback1
 .text.EDMA_Callback2
                0x0000000000000d64       0x88 ./Sources/K64F_HFAC_Stimulator.o
                0x0000000000000d64                EDMA_Callback2
 .text.EDMA_Callback3
                0x0000000000000dec       0x88 ./Sources/K64F_HFAC_Stimulator.o
                0x0000000000000dec                EDMA_Callback3
 .text.EDMA_Callback12
                0x0000000000000e74       0x98 ./Sources/K64F_HFAC_Stimulator.o
                0x0000000000000e74                EDMA_Callback12
 .text.UART4_RX_TX_IRQHandler
                0x0000000000000f0c       0x7c ./Sources/K64F_HFAC_Stimulator.o
                0x0000000000000f0c                UART4_RX_TX_IRQHandler
 .text.PIT0_IRQHandler
                0x0000000000000f88      0x140 ./Sources/K64F_HFAC_Stimulator.o
                0x0000000000000f88                PIT0_IRQHandler
 .text.SendSPIData
                0x00000000000010c8       0x30 ./Sources/K64F_HFAC_Stimulator.o
                0x00000000000010c8                SendSPIData
 .text.FormatDacCommand
                0x00000000000010f8      0x104 ./Sources/K64F_HFAC_Stimulator.o
                0x00000000000010f8                FormatDacCommand
 .text.UpdateChannelRouting
                0x00000000000011fc      0x124 ./Sources/K64F_HFAC_Stimulator.o
                0x00000000000011fc                UpdateChannelRouting
 .text.KIN1_SoftwareReset
                0x0000000000001320       0x14 ./Sources/K64F_HFAC_Stimulator.o
                0x0000000000001320                KIN1_SoftwareReset
 .text.ChannelSetup
                0x0000000000001334      0x8f4 ./Sources/K64F_HFAC_Stimulator.o
                0x0000000000001334                ChannelSetup
 .text.SetExternalDACOutput
                0x0000000000001c28       0x50 ./Sources/K64F_HFAC_Stimulator.o
                0x0000000000001c28                SetExternalDACOutput
 .text.extADC_512Avg
                0x0000000000001c78       0x98 ./Sources/K64F_HFAC_Stimulator.o
                0x0000000000001c78                extADC_512Avg
 .text.main     0x0000000000001d10     0x19bc ./Sources/K64F_HFAC_Stimulator.o
                0x0000000000001d10                main
 .text.CLOCK_SetSdhc0Clock
                0x00000000000036cc       0x3c ./Sources/clock_config.o
 .text.CLOCK_SetEnetTime0Clock
                0x0000000000003708       0x3c ./Sources/clock_config.o
 .text.CLOCK_SetRmii0Clock
                0x0000000000003744       0x3c ./Sources/clock_config.o
 .text.CLOCK_SetTraceClock
                0x0000000000003780       0x3c ./Sources/clock_config.o
 .text.CLOCK_SetClkOutClock
                0x00000000000037bc       0x38 ./Sources/clock_config.o
 .text.CLOCK_SetSimSafeDivs
                0x00000000000037f4       0x20 ./Sources/clock_config.o
 .text.CLOCK_SetXtal0Freq
                0x0000000000003814       0x20 ./Sources/clock_config.o
 .text.CLOCK_CONFIG_SetFllExtRefDiv
                0x0000000000003834       0x3c ./Sources/clock_config.o
 .text.BOARD_BootClockRUN
                0x0000000000003870       0x88 ./Sources/clock_config.o
                0x0000000000003870                BOARD_BootClockRUN
 .text.CLOCK_EnableClock
                0x00000000000038f8       0x34 ./Sources/pin_mux.o
 .text.PORT_SetPinConfig
                0x000000000000392c       0x44 ./Sources/pin_mux.o
 .text.PORT_SetPinMux
                0x0000000000003970       0x3a ./Sources/pin_mux.o
 *fill*         0x00000000000039aa        0x2 
 .text.BOARD_InitPins
                0x00000000000039ac       0xdc ./Sources/pin_mux.o
                0x00000000000039ac                BOARD_InitPins
 .text.BOARD_InitLEDsPins
                0x0000000000003a88       0xdc ./Sources/pin_mux.o
                0x0000000000003a88                BOARD_InitLEDsPins
 .text.CLOCK_EnableClock
                0x0000000000003b64       0x34 ./SDK/devices/MK64F12/drivers/fsl_clock.o
 .text.CLOCK_DisableClock
                0x0000000000003b98       0x38 ./SDK/devices/MK64F12/drivers/fsl_clock.o
 .text.CLOCK_SetEr32kClock
                0x0000000000003bd0       0x30 ./SDK/devices/MK64F12/drivers/fsl_clock.o
 .text.CLOCK_SetPllFllSelClock
                0x0000000000003c00       0x3c ./SDK/devices/MK64F12/drivers/fsl_clock.o
 .text.OSC_SetExtRefClkConfig
                0x0000000000003c3c       0x34 ./SDK/devices/MK64F12/drivers/fsl_clock.o
 .text.OSC_SetCapLoad
                0x0000000000003c70       0x34 ./SDK/devices/MK64F12/drivers/fsl_clock.o
 .text.CLOCK_GetMcgExtClkFreq
                0x0000000000003ca4       0x8c ./SDK/devices/MK64F12/drivers/fsl_clock.o
 .text.CLOCK_GetFllExtRefClkFreq
                0x0000000000003d30       0xd0 ./SDK/devices/MK64F12/drivers/fsl_clock.o
 .text.CLOCK_GetInternalRefClkSelectFreq
                0x0000000000003e00       0x44 ./SDK/devices/MK64F12/drivers/fsl_clock.o
 .text.CLOCK_GetFllRefClkFreq
                0x0000000000003e44       0x2c ./SDK/devices/MK64F12/drivers/fsl_clock.o
 .text.CLOCK_GetPll0RefFreq
                0x0000000000003e70        0xe ./SDK/devices/MK64F12/drivers/fsl_clock.o
 *fill*         0x0000000000003e7e        0x2 
 .text.CLOCK_GetOscRangeFromFreq
                0x0000000000003e80       0x3c ./SDK/devices/MK64F12/drivers/fsl_clock.o
 .text.CLOCK_GetOsc0ErClkFreq
                0x0000000000003ebc       0x48 ./SDK/devices/MK64F12/drivers/fsl_clock.o
                0x0000000000003ebc                CLOCK_GetOsc0ErClkFreq
 .text.CLOCK_GetEr32kClkFreq
                0x0000000000003f04       0x80 ./SDK/devices/MK64F12/drivers/fsl_clock.o
                0x0000000000003f04                CLOCK_GetEr32kClkFreq
 .text.CLOCK_GetPllFllSelClkFreq
                0x0000000000003f84       0x54 ./SDK/devices/MK64F12/drivers/fsl_clock.o
                0x0000000000003f84                CLOCK_GetPllFllSelClkFreq
 .text.CLOCK_GetFreq
                0x0000000000003fd8      0x148 ./SDK/devices/MK64F12/drivers/fsl_clock.o
                0x0000000000003fd8                CLOCK_GetFreq
 .text.CLOCK_SetSimConfig
                0x0000000000004120       0x38 ./SDK/devices/MK64F12/drivers/fsl_clock.o
                0x0000000000004120                CLOCK_SetSimConfig
 .text.CLOCK_EnableUsbfs0Clock
                0x0000000000004158      0x100 ./SDK/devices/MK64F12/drivers/fsl_clock.o
                0x0000000000004158                CLOCK_EnableUsbfs0Clock
 .text.CLOCK_GetOutClkFreq
                0x0000000000004258       0x64 ./SDK/devices/MK64F12/drivers/fsl_clock.o
                0x0000000000004258                CLOCK_GetOutClkFreq
 .text.CLOCK_GetFllFreq
                0x00000000000042bc       0x7c ./SDK/devices/MK64F12/drivers/fsl_clock.o
                0x00000000000042bc                CLOCK_GetFllFreq
 .text.CLOCK_GetInternalRefClkFreq
                0x0000000000004338       0x24 ./SDK/devices/MK64F12/drivers/fsl_clock.o
                0x0000000000004338                CLOCK_GetInternalRefClkFreq
 .text.CLOCK_GetFixedFreqClkFreq
                0x000000000000435c       0x2e ./SDK/devices/MK64F12/drivers/fsl_clock.o
                0x000000000000435c                CLOCK_GetFixedFreqClkFreq
 *fill*         0x000000000000438a        0x2 
 .text.CLOCK_GetPll0Freq
                0x000000000000438c       0x78 ./SDK/devices/MK64F12/drivers/fsl_clock.o
                0x000000000000438c                CLOCK_GetPll0Freq
 .text.CLOCK_SetExternalRefClkConfig
                0x0000000000004404       0x6c ./SDK/devices/MK64F12/drivers/fsl_clock.o
                0x0000000000004404                CLOCK_SetExternalRefClkConfig
 .text.CLOCK_SetInternalRefClkConfig
                0x0000000000004470      0x104 ./SDK/devices/MK64F12/drivers/fsl_clock.o
                0x0000000000004470                CLOCK_SetInternalRefClkConfig
 .text.CLOCK_EnablePll0
                0x0000000000004574       0x94 ./SDK/devices/MK64F12/drivers/fsl_clock.o
                0x0000000000004574                CLOCK_EnablePll0
 .text.CLOCK_InitOsc0
                0x0000000000004608       0x8c ./SDK/devices/MK64F12/drivers/fsl_clock.o
                0x0000000000004608                CLOCK_InitOsc0
 .text.CLOCK_SetPbeMode
                0x0000000000004694       0xb8 ./SDK/devices/MK64F12/drivers/fsl_clock.o
                0x0000000000004694                CLOCK_SetPbeMode
 .text.CLOCK_BootToPeeMode
                0x000000000000474c       0x74 ./SDK/devices/MK64F12/drivers/fsl_clock.o
                0x000000000000474c                CLOCK_BootToPeeMode
 .text.CLOCK_EnableClock
                0x00000000000047c0       0x34 ./SDK/devices/MK64F12/drivers/fsl_dmamux.o
 .text.DMAMUX_GetInstance
                0x00000000000047f4       0x54 ./SDK/devices/MK64F12/drivers/fsl_dmamux.o
 .text.DMAMUX_Init
                0x0000000000004848       0x24 ./SDK/devices/MK64F12/drivers/fsl_dmamux.o
                0x0000000000004848                DMAMUX_Init
 .text.CLOCK_EnableClock
                0x000000000000486c       0x34 ./SDK/devices/MK64F12/drivers/fsl_dspi.o
 .text.DSPI_Enable
                0x00000000000048a0       0x38 ./SDK/devices/MK64F12/drivers/fsl_dspi.o
 .text.DSPI_SetMasterSlaveMode
                0x00000000000048d8       0x2a ./SDK/devices/MK64F12/drivers/fsl_dspi.o
 .text.DSPI_IsMaster
                0x0000000000004902       0x1c ./SDK/devices/MK64F12/drivers/fsl_dspi.o
 .text.DSPI_StartTransfer
                0x000000000000491e       0x20 ./SDK/devices/MK64F12/drivers/fsl_dspi.o
 .text.DSPI_StopTransfer
                0x000000000000493e       0x20 ./SDK/devices/MK64F12/drivers/fsl_dspi.o
 *fill*         0x000000000000495e        0x2 
 .text.DSPI_GetInstance
                0x0000000000004960       0x58 ./SDK/devices/MK64F12/drivers/fsl_dspi.o
                0x0000000000004960                DSPI_GetInstance
 .text.DSPI_SetDummyData
                0x00000000000049b8       0x2c ./SDK/devices/MK64F12/drivers/fsl_dspi.o
                0x00000000000049b8                DSPI_SetDummyData
 .text.DSPI_MasterInit
                0x00000000000049e4      0x180 ./SDK/devices/MK64F12/drivers/fsl_dspi.o
                0x00000000000049e4                DSPI_MasterInit
 .text.DSPI_SetOnePcsPolarity
                0x0000000000004b64       0x4e ./SDK/devices/MK64F12/drivers/fsl_dspi.o
 *fill*         0x0000000000004bb2        0x2 
 .text.DSPI_MasterSetBaudRate
                0x0000000000004bb4      0x120 ./SDK/devices/MK64F12/drivers/fsl_dspi.o
                0x0000000000004bb4                DSPI_MasterSetBaudRate
 .text.DSPI_MasterSetDelayScaler
                0x0000000000004cd4       0xda ./SDK/devices/MK64F12/drivers/fsl_dspi.o
                0x0000000000004cd4                DSPI_MasterSetDelayScaler
 *fill*         0x0000000000004dae        0x2 
 .text.DSPI_MasterSetDelayTimes
                0x0000000000004db0      0x128 ./SDK/devices/MK64F12/drivers/fsl_dspi.o
                0x0000000000004db0                DSPI_MasterSetDelayTimes
 .text.DSPI_CommonIRQHandler
                0x0000000000004ed8       0x40 ./SDK/devices/MK64F12/drivers/fsl_dspi.o
 .text.SPI0_DriverIRQHandler
                0x0000000000004f18       0x40 ./SDK/devices/MK64F12/drivers/fsl_dspi.o
                0x0000000000004f18                SPI0_DriverIRQHandler
 .text.SPI1_DriverIRQHandler
                0x0000000000004f58       0x40 ./SDK/devices/MK64F12/drivers/fsl_dspi.o
                0x0000000000004f58                SPI1_DriverIRQHandler
 .text.SPI2_DriverIRQHandler
                0x0000000000004f98       0x40 ./SDK/devices/MK64F12/drivers/fsl_dspi.o
                0x0000000000004f98                SPI2_DriverIRQHandler
 .text.__NVIC_EnableIRQ
                0x0000000000004fd8       0x3c ./SDK/devices/MK64F12/drivers/fsl_edma.o
 .text.CLOCK_EnableClock
                0x0000000000005014       0x34 ./SDK/devices/MK64F12/drivers/fsl_edma.o
 .text.EnableIRQ
                0x0000000000005048       0x2c ./SDK/devices/MK64F12/drivers/fsl_edma.o
 .text.DisableGlobalIRQ
                0x0000000000005074       0x20 ./SDK/devices/MK64F12/drivers/fsl_edma.o
 .text.EnableGlobalIRQ
                0x0000000000005094       0x1e ./SDK/devices/MK64F12/drivers/fsl_edma.o
 *fill*         0x00000000000050b2        0x2 
 .text.EDMA_GetInstance
                0x00000000000050b4       0x54 ./SDK/devices/MK64F12/drivers/fsl_edma.o
 .text.EDMA_InstallTCD
                0x0000000000005108      0x160 ./SDK/devices/MK64F12/drivers/fsl_edma.o
                0x0000000000005108                EDMA_InstallTCD
 .text.EDMA_Init
                0x0000000000005268       0xa4 ./SDK/devices/MK64F12/drivers/fsl_edma.o
                0x0000000000005268                EDMA_Init
 .text.EDMA_GetDefaultConfig
                0x000000000000530c       0x50 ./SDK/devices/MK64F12/drivers/fsl_edma.o
                0x000000000000530c                EDMA_GetDefaultConfig
 .text.EDMA_TcdSetTransferConfig
                0x000000000000535c      0x110 ./SDK/devices/MK64F12/drivers/fsl_edma.o
                0x000000000000535c                EDMA_TcdSetTransferConfig
 .text.EDMA_TcdSetChannelLink
                0x000000000000546c      0x208 ./SDK/devices/MK64F12/drivers/fsl_edma.o
                0x000000000000546c                EDMA_TcdSetChannelLink
 .text.EDMA_TcdEnableInterrupts
                0x0000000000005674       0x68 ./SDK/devices/MK64F12/drivers/fsl_edma.o
                0x0000000000005674                EDMA_TcdEnableInterrupts
 .text.EDMA_ClearChannelStatusFlags
                0x00000000000056dc       0x6c ./SDK/devices/MK64F12/drivers/fsl_edma.o
                0x00000000000056dc                EDMA_ClearChannelStatusFlags
 .text.Get_StartInstance
                0x0000000000005748       0x24 ./SDK/devices/MK64F12/drivers/fsl_edma.o
 .text.EDMA_CreateHandle
                0x000000000000576c       0xfc ./SDK/devices/MK64F12/drivers/fsl_edma.o
                0x000000000000576c                EDMA_CreateHandle
 .text.EDMA_SetCallback
                0x0000000000005868       0x40 ./SDK/devices/MK64F12/drivers/fsl_edma.o
                0x0000000000005868                EDMA_SetCallback
 .text.EDMA_PrepareTransfer
                0x00000000000058a8      0x2e8 ./SDK/devices/MK64F12/drivers/fsl_edma.o
                0x00000000000058a8                EDMA_PrepareTransfer
 .text.EDMA_StartTransfer
                0x0000000000005b90       0xc0 ./SDK/devices/MK64F12/drivers/fsl_edma.o
                0x0000000000005b90                EDMA_StartTransfer
 .text.EDMA_HandleIRQ
                0x0000000000005c50      0x164 ./SDK/devices/MK64F12/drivers/fsl_edma.o
                0x0000000000005c50                EDMA_HandleIRQ
 .text.DMA0_DriverIRQHandler
                0x0000000000005db4       0x1c ./SDK/devices/MK64F12/drivers/fsl_edma.o
                0x0000000000005db4                DMA0_DriverIRQHandler
 .text.DMA1_DriverIRQHandler
                0x0000000000005dd0       0x1c ./SDK/devices/MK64F12/drivers/fsl_edma.o
                0x0000000000005dd0                DMA1_DriverIRQHandler
 .text.DMA2_DriverIRQHandler
                0x0000000000005dec       0x1c ./SDK/devices/MK64F12/drivers/fsl_edma.o
                0x0000000000005dec                DMA2_DriverIRQHandler
 .text.DMA3_DriverIRQHandler
                0x0000000000005e08       0x1c ./SDK/devices/MK64F12/drivers/fsl_edma.o
                0x0000000000005e08                DMA3_DriverIRQHandler
 .text.DMA4_DriverIRQHandler
                0x0000000000005e24       0x1c ./SDK/devices/MK64F12/drivers/fsl_edma.o
                0x0000000000005e24                DMA4_DriverIRQHandler
 .text.DMA5_DriverIRQHandler
                0x0000000000005e40       0x1c ./SDK/devices/MK64F12/drivers/fsl_edma.o
                0x0000000000005e40                DMA5_DriverIRQHandler
 .text.DMA6_DriverIRQHandler
                0x0000000000005e5c       0x1c ./SDK/devices/MK64F12/drivers/fsl_edma.o
                0x0000000000005e5c                DMA6_DriverIRQHandler
 .text.DMA7_DriverIRQHandler
                0x0000000000005e78       0x1c ./SDK/devices/MK64F12/drivers/fsl_edma.o
                0x0000000000005e78                DMA7_DriverIRQHandler
 .text.DMA8_DriverIRQHandler
                0x0000000000005e94       0x1c ./SDK/devices/MK64F12/drivers/fsl_edma.o
                0x0000000000005e94                DMA8_DriverIRQHandler
 .text.DMA9_DriverIRQHandler
                0x0000000000005eb0       0x1c ./SDK/devices/MK64F12/drivers/fsl_edma.o
                0x0000000000005eb0                DMA9_DriverIRQHandler
 .text.DMA10_DriverIRQHandler
                0x0000000000005ecc       0x1c ./SDK/devices/MK64F12/drivers/fsl_edma.o
                0x0000000000005ecc                DMA10_DriverIRQHandler
 .text.DMA11_DriverIRQHandler
                0x0000000000005ee8       0x1c ./SDK/devices/MK64F12/drivers/fsl_edma.o
                0x0000000000005ee8                DMA11_DriverIRQHandler
 .text.DMA12_DriverIRQHandler
                0x0000000000005f04       0x1c ./SDK/devices/MK64F12/drivers/fsl_edma.o
                0x0000000000005f04                DMA12_DriverIRQHandler
 .text.DMA13_DriverIRQHandler
                0x0000000000005f20       0x1c ./SDK/devices/MK64F12/drivers/fsl_edma.o
                0x0000000000005f20                DMA13_DriverIRQHandler
 .text.DMA14_DriverIRQHandler
                0x0000000000005f3c       0x1c ./SDK/devices/MK64F12/drivers/fsl_edma.o
                0x0000000000005f3c                DMA14_DriverIRQHandler
 .text.DMA15_DriverIRQHandler
                0x0000000000005f58       0x1c ./SDK/devices/MK64F12/drivers/fsl_edma.o
                0x0000000000005f58                DMA15_DriverIRQHandler
 .text.CLOCK_EnableClock
                0x0000000000005f74       0x34 ./SDK/devices/MK64F12/drivers/fsl_ftm.o
 .text.FTM_GetInstance
                0x0000000000005fa8       0x60 ./SDK/devices/MK64F12/drivers/fsl_ftm.o
 .text.FTM_SetPwmSync
                0x0000000000006008      0x11c ./SDK/devices/MK64F12/drivers/fsl_ftm.o
 .text.FTM_SetReloadPoints
                0x0000000000006124      0x174 ./SDK/devices/MK64F12/drivers/fsl_ftm.o
 .text.FTM_Init
                0x0000000000006298      0x100 ./SDK/devices/MK64F12/drivers/fsl_ftm.o
                0x0000000000006298                FTM_Init
 .text.FTM_GetDefaultConfig
                0x0000000000006398       0x84 ./SDK/devices/MK64F12/drivers/fsl_ftm.o
                0x0000000000006398                FTM_GetDefaultConfig
 .text.GPIO_PinWrite
                0x000000000000641c       0x36 ./SDK/devices/MK64F12/drivers/fsl_gpio.o
 *fill*         0x0000000000006452        0x2 
 .text.GPIO_PinInit
                0x0000000000006454       0x70 ./SDK/devices/MK64F12/drivers/fsl_gpio.o
                0x0000000000006454                GPIO_PinInit
 .text.CLOCK_EnableClock
                0x00000000000064c4       0x34 ./SDK/devices/MK64F12/drivers/fsl_pit.o
 .text.PIT_GetInstance
                0x00000000000064f8       0x54 ./SDK/devices/MK64F12/drivers/fsl_pit.o
 .text.PIT_Init
                0x000000000000654c       0xa4 ./SDK/devices/MK64F12/drivers/fsl_pit.o
                0x000000000000654c                PIT_Init
 .text.CLOCK_EnableClock
                0x00000000000065f0       0x34 ./SDK/devices/MK64F12/drivers/fsl_uart.o
 .text.UART_GetInstance
                0x0000000000006624       0x60 ./SDK/devices/MK64F12/drivers/fsl_uart.o
                0x0000000000006624                UART_GetInstance
 .text.UART_Init
                0x0000000000006684      0x2f8 ./SDK/devices/MK64F12/drivers/fsl_uart.o
                0x0000000000006684                UART_Init
 .text.UART_GetDefaultConfig
                0x000000000000697c       0x78 ./SDK/devices/MK64F12/drivers/fsl_uart.o
                0x000000000000697c                UART_GetDefaultConfig
 .text.UART_EnableInterrupts
                0x00000000000069f4       0x70 ./SDK/devices/MK64F12/drivers/fsl_uart.o
                0x00000000000069f4                UART_EnableInterrupts
 .text.UART_GetStatusFlags
                0x0000000000006a64       0x46 ./SDK/devices/MK64F12/drivers/fsl_uart.o
                0x0000000000006a64                UART_GetStatusFlags
 *fill*         0x0000000000006aaa        0x2 
 .text.UART0_DriverIRQHandler
                0x0000000000006aac       0x28 ./SDK/devices/MK64F12/drivers/fsl_uart.o
                0x0000000000006aac                UART0_DriverIRQHandler
 .text.UART0_RX_TX_DriverIRQHandler
                0x0000000000006ad4       0x10 ./SDK/devices/MK64F12/drivers/fsl_uart.o
                0x0000000000006ad4                UART0_RX_TX_DriverIRQHandler
 .text.UART1_DriverIRQHandler
                0x0000000000006ae4       0x28 ./SDK/devices/MK64F12/drivers/fsl_uart.o
                0x0000000000006ae4                UART1_DriverIRQHandler
 .text.UART1_RX_TX_DriverIRQHandler
                0x0000000000006b0c       0x10 ./SDK/devices/MK64F12/drivers/fsl_uart.o
                0x0000000000006b0c                UART1_RX_TX_DriverIRQHandler
 .text.UART2_DriverIRQHandler
                0x0000000000006b1c       0x28 ./SDK/devices/MK64F12/drivers/fsl_uart.o
                0x0000000000006b1c                UART2_DriverIRQHandler
 .text.UART2_RX_TX_DriverIRQHandler
                0x0000000000006b44       0x10 ./SDK/devices/MK64F12/drivers/fsl_uart.o
                0x0000000000006b44                UART2_RX_TX_DriverIRQHandler
 .text.UART3_DriverIRQHandler
                0x0000000000006b54       0x28 ./SDK/devices/MK64F12/drivers/fsl_uart.o
                0x0000000000006b54                UART3_DriverIRQHandler
 .text.UART3_RX_TX_DriverIRQHandler
                0x0000000000006b7c       0x10 ./SDK/devices/MK64F12/drivers/fsl_uart.o
                0x0000000000006b7c                UART3_RX_TX_DriverIRQHandler
 .text.UART4_DriverIRQHandler
                0x0000000000006b8c       0x28 ./SDK/devices/MK64F12/drivers/fsl_uart.o
                0x0000000000006b8c                UART4_DriverIRQHandler
 .text.UART4_RX_TX_DriverIRQHandler
                0x0000000000006bb4       0x10 ./SDK/devices/MK64F12/drivers/fsl_uart.o
                0x0000000000006bb4                UART4_RX_TX_DriverIRQHandler
 .text.UART5_DriverIRQHandler
                0x0000000000006bc4       0x28 ./SDK/devices/MK64F12/drivers/fsl_uart.o
                0x0000000000006bc4                UART5_DriverIRQHandler
 .text.UART5_RX_TX_DriverIRQHandler
                0x0000000000006bec       0x10 ./SDK/devices/MK64F12/drivers/fsl_uart.o
                0x0000000000006bec                UART5_RX_TX_DriverIRQHandler
 .text.SystemInit
                0x0000000000006bfc       0x3c ./SDK/devices/MK64F12/system_MK64F12.o
                0x0000000000006bfc                SystemInit
 .text.SystemInitHook
                0x0000000000006c38        0xe ./SDK/devices/MK64F12/system_MK64F12.o
                0x0000000000006c38                SystemInitHook
 *fill*         0x0000000000006c46        0x2 
 .text.__udivmoddi4
                0x0000000000006c48      0x2cc c:/users/adrien/appdata/roaming/xpacks/@gnu-mcu-eclipse/arm-none-eabi-gcc/7.3.1-1.1.1/.content/bin/../lib/gcc/arm-none-eabi/7.3.1/thumb/v7e-m/fpv4-sp/hard\libgcc.a(_udivmoddi4.o)
                0x0000000000006c48                __udivmoddi4
 .text.__assert_func
                0x0000000000006f14       0x3c c:/users/adrien/appdata/roaming/xpacks/@gnu-mcu-eclipse/arm-none-eabi-gcc/7.3.1-1.1.1/.content/bin/../lib/gcc/arm-none-eabi/7.3.1/../../../../arm-none-eabi/lib/thumb/v7e-m/fpv4-sp/hard\libg_nano.a(lib_a-assert.o)
                0x0000000000006f14                __assert_func
 .text.exit     0x0000000000006f50       0x28 c:/users/adrien/appdata/roaming/xpacks/@gnu-mcu-eclipse/arm-none-eabi-gcc/7.3.1-1.1.1/.content/bin/../lib/gcc/arm-none-eabi/7.3.1/../../../../arm-none-eabi/lib/thumb/v7e-m/fpv4-sp/hard\libg_nano.a(lib_a-exit.o)
                0x0000000000006f50                exit
 .text.fprintf  0x0000000000006f78       0x24 c:/users/adrien/appdata/roaming/xpacks/@gnu-mcu-eclipse/arm-none-eabi-gcc/7.3.1-1.1.1/.content/bin/../lib/gcc/arm-none-eabi/7.3.1/../../../../arm-none-eabi/lib/thumb/v7e-m/fpv4-sp/hard\libg_nano.a(lib_a-fprintf.o)
                0x0000000000006f78                fiprintf
                0x0000000000006f78                fprintf
 .text.__libc_init_array
                0x0000000000006f9c       0x48 c:/users/adrien/appdata/roaming/xpacks/@gnu-mcu-eclipse/arm-none-eabi-gcc/7.3.1-1.1.1/.content/bin/../lib/gcc/arm-none-eabi/7.3.1/../../../../arm-none-eabi/lib/thumb/v7e-m/fpv4-sp/hard\libg_nano.a(lib_a-init.o)
                0x0000000000006f9c                __libc_init_array
 .text.memset   0x0000000000006fe4       0x10 c:/users/adrien/appdata/roaming/xpacks/@gnu-mcu-eclipse/arm-none-eabi-gcc/7.3.1-1.1.1/.content/bin/../lib/gcc/arm-none-eabi/7.3.1/../../../../arm-none-eabi/lib/thumb/v7e-m/fpv4-sp/hard\libg_nano.a(lib_a-memset.o)
                0x0000000000006fe4                memset
 .text._free_r  0x0000000000006ff4       0x9c c:/users/adrien/appdata/roaming/xpacks/@gnu-mcu-eclipse/arm-none-eabi-gcc/7.3.1-1.1.1/.content/bin/../lib/gcc/arm-none-eabi/7.3.1/../../../../arm-none-eabi/lib/thumb/v7e-m/fpv4-sp/hard\libg_nano.a(lib_a-nano-freer.o)
                0x0000000000006ff4                _free_r
 .text._malloc_r
                0x0000000000007090       0xb4 c:/users/adrien/appdata/roaming/xpacks/@gnu-mcu-eclipse/arm-none-eabi-gcc/7.3.1-1.1.1/.content/bin/../lib/gcc/arm-none-eabi/7.3.1/../../../../arm-none-eabi/lib/thumb/v7e-m/fpv4-sp/hard\libg_nano.a(lib_a-nano-mallocr.o)
                0x0000000000007090                _malloc_r
 .text.__sfputc_r
                0x0000000000007144       0x2e c:/users/adrien/appdata/roaming/xpacks/@gnu-mcu-eclipse/arm-none-eabi-gcc/7.3.1-1.1.1/.content/bin/../lib/gcc/arm-none-eabi/7.3.1/../../../../arm-none-eabi/lib/thumb/v7e-m/fpv4-sp/hard\libg_nano.a(lib_a-nano-vfprintf.o)
 .text.__sfputs_r
                0x0000000000007172       0x24 c:/users/adrien/appdata/roaming/xpacks/@gnu-mcu-eclipse/arm-none-eabi-gcc/7.3.1-1.1.1/.content/bin/../lib/gcc/arm-none-eabi/7.3.1/../../../../arm-none-eabi/lib/thumb/v7e-m/fpv4-sp/hard\libg_nano.a(lib_a-nano-vfprintf.o)
                0x0000000000007172                __sfputs_r
 *fill*         0x0000000000007196        0x2 
 .text._vfprintf_r
                0x0000000000007198      0x22c c:/users/adrien/appdata/roaming/xpacks/@gnu-mcu-eclipse/arm-none-eabi-gcc/7.3.1-1.1.1/.content/bin/../lib/gcc/arm-none-eabi/7.3.1/../../../../arm-none-eabi/lib/thumb/v7e-m/fpv4-sp/hard\libg_nano.a(lib_a-nano-vfprintf.o)
                0x0000000000007198                _vfprintf_r
                0x0000000000007198                _vfiprintf_r
 .text._printf_common
                0x00000000000073c4       0xea c:/users/adrien/appdata/roaming/xpacks/@gnu-mcu-eclipse/arm-none-eabi-gcc/7.3.1-1.1.1/.content/bin/../lib/gcc/arm-none-eabi/7.3.1/../../../../arm-none-eabi/lib/thumb/v7e-m/fpv4-sp/hard\libg_nano.a(lib_a-nano-vfprintf_i.o)
                0x00000000000073c4                _printf_common
 *fill*         0x00000000000074ae        0x2 
 .text._printf_i
                0x00000000000074b0      0x224 c:/users/adrien/appdata/roaming/xpacks/@gnu-mcu-eclipse/arm-none-eabi-gcc/7.3.1-1.1.1/.content/bin/../lib/gcc/arm-none-eabi/7.3.1/../../../../arm-none-eabi/lib/thumb/v7e-m/fpv4-sp/hard\libg_nano.a(lib_a-nano-vfprintf_i.o)
                0x00000000000074b0                _printf_i
 .text._puts_r  0x00000000000076d4       0xb8 c:/users/adrien/appdata/roaming/xpacks/@gnu-mcu-eclipse/arm-none-eabi-gcc/7.3.1-1.1.1/.content/bin/../lib/gcc/arm-none-eabi/7.3.1/../../../../arm-none-eabi/lib/thumb/v7e-m/fpv4-sp/hard\libg_nano.a(lib_a-puts.o)
                0x00000000000076d4                _puts_r
 .text.puts     0x000000000000778c       0x10 c:/users/adrien/appdata/roaming/xpacks/@gnu-mcu-eclipse/arm-none-eabi-gcc/7.3.1-1.1.1/.content/bin/../lib/gcc/arm-none-eabi/7.3.1/../../../../arm-none-eabi/lib/thumb/v7e-m/fpv4-sp/hard\libg_nano.a(lib_a-puts.o)
                0x000000000000778c                puts
 .text._sbrk_r  0x000000000000779c       0x20 c:/users/adrien/appdata/roaming/xpacks/@gnu-mcu-eclipse/arm-none-eabi-gcc/7.3.1-1.1.1/.content/bin/../lib/gcc/arm-none-eabi/7.3.1/../../../../arm-none-eabi/lib/thumb/v7e-m/fpv4-sp/hard\libg_nano.a(lib_a-sbrkr.o)
                0x000000000000779c                _sbrk_r
 .text.__swbuf_r
                0x00000000000077bc       0xa4 c:/users/adrien/appdata/roaming/xpacks/@gnu-mcu-eclipse/arm-none-eabi-gcc/7.3.1-1.1.1/.content/bin/../lib/gcc/arm-none-eabi/7.3.1/../../../../arm-none-eabi/lib/thumb/v7e-m/fpv4-sp/hard\libg_nano.a(lib_a-wbuf.o)
                0x00000000000077bc                __swbuf_r
 .text.__swsetup_r
                0x0000000000007860       0xdc c:/users/adrien/appdata/roaming/xpacks/@gnu-mcu-eclipse/arm-none-eabi-gcc/7.3.1-1.1.1/.content/bin/../lib/gcc/arm-none-eabi/7.3.1/../../../../arm-none-eabi/lib/thumb/v7e-m/fpv4-sp/hard\libg_nano.a(lib_a-wsetup.o)
                0x0000000000007860                __swsetup_r
 .text.abort    0x000000000000793c        0xe c:/users/adrien/appdata/roaming/xpacks/@gnu-mcu-eclipse/arm-none-eabi-gcc/7.3.1-1.1.1/.content/bin/../lib/gcc/arm-none-eabi/7.3.1/../../../../arm-none-eabi/lib/thumb/v7e-m/fpv4-sp/hard\libg_nano.a(lib_a-abort.o)
                0x000000000000793c                abort
 *fill*         0x000000000000794a        0x2 
 .text.__sflush_r
                0x000000000000794c      0x10c c:/users/adrien/appdata/roaming/xpacks/@gnu-mcu-eclipse/arm-none-eabi-gcc/7.3.1-1.1.1/.content/bin/../lib/gcc/arm-none-eabi/7.3.1/../../../../arm-none-eabi/lib/thumb/v7e-m/fpv4-sp/hard\libg_nano.a(lib_a-fflush.o)
                0x000000000000794c                __sflush_r
 .text._fflush_r
                0x0000000000007a58       0x54 c:/users/adrien/appdata/roaming/xpacks/@gnu-mcu-eclipse/arm-none-eabi-gcc/7.3.1-1.1.1/.content/bin/../lib/gcc/arm-none-eabi/7.3.1/../../../../arm-none-eabi/lib/thumb/v7e-m/fpv4-sp/hard\libg_nano.a(lib_a-fflush.o)
                0x0000000000007a58                _fflush_r
 .text.std      0x0000000000007aac       0x48 c:/users/adrien/appdata/roaming/xpacks/@gnu-mcu-eclipse/arm-none-eabi-gcc/7.3.1-1.1.1/.content/bin/../lib/gcc/arm-none-eabi/7.3.1/../../../../arm-none-eabi/lib/thumb/v7e-m/fpv4-sp/hard\libg_nano.a(lib_a-findfp.o)
 .text._cleanup_r
                0x0000000000007af4        0xc c:/users/adrien/appdata/roaming/xpacks/@gnu-mcu-eclipse/arm-none-eabi-gcc/7.3.1-1.1.1/.content/bin/../lib/gcc/arm-none-eabi/7.3.1/../../../../arm-none-eabi/lib/thumb/v7e-m/fpv4-sp/hard\libg_nano.a(lib_a-findfp.o)
                0x0000000000007af4                _cleanup_r
 .text.__sfmoreglue
                0x0000000000007b00       0x2c c:/users/adrien/appdata/roaming/xpacks/@gnu-mcu-eclipse/arm-none-eabi-gcc/7.3.1-1.1.1/.content/bin/../lib/gcc/arm-none-eabi/7.3.1/../../../../arm-none-eabi/lib/thumb/v7e-m/fpv4-sp/hard\libg_nano.a(lib_a-findfp.o)
                0x0000000000007b00                __sfmoreglue
 .text.__sinit  0x0000000000007b2c       0x60 c:/users/adrien/appdata/roaming/xpacks/@gnu-mcu-eclipse/arm-none-eabi-gcc/7.3.1-1.1.1/.content/bin/../lib/gcc/arm-none-eabi/7.3.1/../../../../arm-none-eabi/lib/thumb/v7e-m/fpv4-sp/hard\libg_nano.a(lib_a-findfp.o)
                0x0000000000007b2c                __sinit
 .text.__sfp    0x0000000000007b8c       0x78 c:/users/adrien/appdata/roaming/xpacks/@gnu-mcu-eclipse/arm-none-eabi-gcc/7.3.1-1.1.1/.content/bin/../lib/gcc/arm-none-eabi/7.3.1/../../../../arm-none-eabi/lib/thumb/v7e-m/fpv4-sp/hard\libg_nano.a(lib_a-findfp.o)
                0x0000000000007b8c                __sfp
 .text._fwalk_reent
                0x0000000000007c04       0x3c c:/users/adrien/appdata/roaming/xpacks/@gnu-mcu-eclipse/arm-none-eabi-gcc/7.3.1-1.1.1/.content/bin/../lib/gcc/arm-none-eabi/7.3.1/../../../../arm-none-eabi/lib/thumb/v7e-m/fpv4-sp/hard\libg_nano.a(lib_a-fwalk.o)
                0x0000000000007c04                _fwalk_reent
 .text.__swhatbuf_r
                0x0000000000007c40       0x48 c:/users/adrien/appdata/roaming/xpacks/@gnu-mcu-eclipse/arm-none-eabi-gcc/7.3.1-1.1.1/.content/bin/../lib/gcc/arm-none-eabi/7.3.1/../../../../arm-none-eabi/lib/thumb/v7e-m/fpv4-sp/hard\libg_nano.a(lib_a-makebuf.o)
                0x0000000000007c40                __swhatbuf_r
 .text.__smakebuf_r
                0x0000000000007c88       0x80 c:/users/adrien/appdata/roaming/xpacks/@gnu-mcu-eclipse/arm-none-eabi-gcc/7.3.1-1.1.1/.content/bin/../lib/gcc/arm-none-eabi/7.3.1/../../../../arm-none-eabi/lib/thumb/v7e-m/fpv4-sp/hard\libg_nano.a(lib_a-makebuf.o)
                0x0000000000007c88                __smakebuf_r
 .text.__malloc_lock
                0x0000000000007d08        0x2 c:/users/adrien/appdata/roaming/xpacks/@gnu-mcu-eclipse/arm-none-eabi-gcc/7.3.1-1.1.1/.content/bin/../lib/gcc/arm-none-eabi/7.3.1/../../../../arm-none-eabi/lib/thumb/v7e-m/fpv4-sp/hard\libg_nano.a(lib_a-mlock.o)
                0x0000000000007d08                __malloc_lock
 .text.__malloc_unlock
                0x0000000000007d0a        0x2 c:/users/adrien/appdata/roaming/xpacks/@gnu-mcu-eclipse/arm-none-eabi-gcc/7.3.1-1.1.1/.content/bin/../lib/gcc/arm-none-eabi/7.3.1/../../../../arm-none-eabi/lib/thumb/v7e-m/fpv4-sp/hard\libg_nano.a(lib_a-mlock.o)
                0x0000000000007d0a                __malloc_unlock
 .text._raise_r
                0x0000000000007d0c       0x50 c:/users/adrien/appdata/roaming/xpacks/@gnu-mcu-eclipse/arm-none-eabi-gcc/7.3.1-1.1.1/.content/bin/../lib/gcc/arm-none-eabi/7.3.1/../../../../arm-none-eabi/lib/thumb/v7e-m/fpv4-sp/hard\libg_nano.a(lib_a-signal.o)
                0x0000000000007d0c                _raise_r
 .text.raise    0x0000000000007d5c       0x10 c:/users/adrien/appdata/roaming/xpacks/@gnu-mcu-eclipse/arm-none-eabi-gcc/7.3.1-1.1.1/.content/bin/../lib/gcc/arm-none-eabi/7.3.1/../../../../arm-none-eabi/lib/thumb/v7e-m/fpv4-sp/hard\libg_nano.a(lib_a-signal.o)
                0x0000000000007d5c                raise
 .text._kill_r  0x0000000000007d6c       0x24 c:/users/adrien/appdata/roaming/xpacks/@gnu-mcu-eclipse/arm-none-eabi-gcc/7.3.1-1.1.1/.content/bin/../lib/gcc/arm-none-eabi/7.3.1/../../../../arm-none-eabi/lib/thumb/v7e-m/fpv4-sp/hard\libg_nano.a(lib_a-signalr.o)
                0x0000000000007d6c                _kill_r
 .text._getpid_r
                0x0000000000007d90        0x4 c:/users/adrien/appdata/roaming/xpacks/@gnu-mcu-eclipse/arm-none-eabi-gcc/7.3.1-1.1.1/.content/bin/../lib/gcc/arm-none-eabi/7.3.1/../../../../arm-none-eabi/lib/thumb/v7e-m/fpv4-sp/hard\libg_nano.a(lib_a-signalr.o)
                0x0000000000007d90                _getpid_r
 .text.__sread  0x0000000000007d94       0x22 c:/users/adrien/appdata/roaming/xpacks/@gnu-mcu-eclipse/arm-none-eabi-gcc/7.3.1-1.1.1/.content/bin/../lib/gcc/arm-none-eabi/7.3.1/../../../../arm-none-eabi/lib/thumb/v7e-m/fpv4-sp/hard\libg_nano.a(lib_a-stdio.o)
                0x0000000000007d94                __sread
 .text.__swrite
                0x0000000000007db6       0x38 c:/users/adrien/appdata/roaming/xpacks/@gnu-mcu-eclipse/arm-none-eabi-gcc/7.3.1-1.1.1/.content/bin/../lib/gcc/arm-none-eabi/7.3.1/../../../../arm-none-eabi/lib/thumb/v7e-m/fpv4-sp/hard\libg_nano.a(lib_a-stdio.o)
                0x0000000000007db6                __swrite
 .text.__sseek  0x0000000000007dee       0x24 c:/users/adrien/appdata/roaming/xpacks/@gnu-mcu-eclipse/arm-none-eabi-gcc/7.3.1-1.1.1/.content/bin/../lib/gcc/arm-none-eabi/7.3.1/../../../../arm-none-eabi/lib/thumb/v7e-m/fpv4-sp/hard\libg_nano.a(lib_a-stdio.o)
                0x0000000000007dee                __sseek
 .text.__sclose
                0x0000000000007e12        0x8 c:/users/adrien/appdata/roaming/xpacks/@gnu-mcu-eclipse/arm-none-eabi-gcc/7.3.1-1.1.1/.content/bin/../lib/gcc/arm-none-eabi/7.3.1/../../../../arm-none-eabi/lib/thumb/v7e-m/fpv4-sp/hard\libg_nano.a(lib_a-stdio.o)
                0x0000000000007e12                __sclose
 *fill*         0x0000000000007e1a        0x2 
 .text._write_r
                0x0000000000007e1c       0x24 c:/users/adrien/appdata/roaming/xpacks/@gnu-mcu-eclipse/arm-none-eabi-gcc/7.3.1-1.1.1/.content/bin/../lib/gcc/arm-none-eabi/7.3.1/../../../../arm-none-eabi/lib/thumb/v7e-m/fpv4-sp/hard\libg_nano.a(lib_a-writer.o)
                0x0000000000007e1c                _write_r
 .text._close_r
                0x0000000000007e40       0x20 c:/users/adrien/appdata/roaming/xpacks/@gnu-mcu-eclipse/arm-none-eabi-gcc/7.3.1-1.1.1/.content/bin/../lib/gcc/arm-none-eabi/7.3.1/../../../../arm-none-eabi/lib/thumb/v7e-m/fpv4-sp/hard\libg_nano.a(lib_a-closer.o)
                0x0000000000007e40                _close_r
 .text._fstat_r
                0x0000000000007e60       0x24 c:/users/adrien/appdata/roaming/xpacks/@gnu-mcu-eclipse/arm-none-eabi-gcc/7.3.1-1.1.1/.content/bin/../lib/gcc/arm-none-eabi/7.3.1/../../../../arm-none-eabi/lib/thumb/v7e-m/fpv4-sp/hard\libg_nano.a(lib_a-fstatr.o)
                0x0000000000007e60                _fstat_r
 .text._isatty_r
                0x0000000000007e84       0x20 c:/users/adrien/appdata/roaming/xpacks/@gnu-mcu-eclipse/arm-none-eabi-gcc/7.3.1-1.1.1/.content/bin/../lib/gcc/arm-none-eabi/7.3.1/../../../../arm-none-eabi/lib/thumb/v7e-m/fpv4-sp/hard\libg_nano.a(lib_a-isattyr.o)
                0x0000000000007e84                _isatty_r
 .text._lseek_r
                0x0000000000007ea4       0x24 c:/users/adrien/appdata/roaming/xpacks/@gnu-mcu-eclipse/arm-none-eabi-gcc/7.3.1-1.1.1/.content/bin/../lib/gcc/arm-none-eabi/7.3.1/../../../../arm-none-eabi/lib/thumb/v7e-m/fpv4-sp/hard\libg_nano.a(lib_a-lseekr.o)
                0x0000000000007ea4                _lseek_r
 .text._read_r  0x0000000000007ec8       0x24 c:/users/adrien/appdata/roaming/xpacks/@gnu-mcu-eclipse/arm-none-eabi-gcc/7.3.1-1.1.1/.content/bin/../lib/gcc/arm-none-eabi/7.3.1/../../../../arm-none-eabi/lib/thumb/v7e-m/fpv4-sp/hard\libg_nano.a(lib_a-readr.o)
                0x0000000000007ec8                _read_r
 .text.findslot
                0x0000000000007eec       0x34 c:/users/adrien/appdata/roaming/xpacks/@gnu-mcu-eclipse/arm-none-eabi-gcc/7.3.1-1.1.1/.content/bin/../lib/gcc/arm-none-eabi/7.3.1/../../../../arm-none-eabi/lib/thumb/v7e-m/fpv4-sp/hard\librdimon_nano.a(rdimon-syscalls.o)
 .text.checkerror
                0x0000000000007f20       0x20 c:/users/adrien/appdata/roaming/xpacks/@gnu-mcu-eclipse/arm-none-eabi-gcc/7.3.1-1.1.1/.content/bin/../lib/gcc/arm-none-eabi/7.3.1/../../../../arm-none-eabi/lib/thumb/v7e-m/fpv4-sp/hard\librdimon_nano.a(rdimon-syscalls.o)
 .text.error    0x0000000000007f40       0x1c c:/users/adrien/appdata/roaming/xpacks/@gnu-mcu-eclipse/arm-none-eabi-gcc/7.3.1-1.1.1/.content/bin/../lib/gcc/arm-none-eabi/7.3.1/../../../../arm-none-eabi/lib/thumb/v7e-m/fpv4-sp/hard\librdimon_nano.a(rdimon-syscalls.o)
 .text._swiread
                0x0000000000007f5c       0x20 c:/users/adrien/appdata/roaming/xpacks/@gnu-mcu-eclipse/arm-none-eabi-gcc/7.3.1-1.1.1/.content/bin/../lib/gcc/arm-none-eabi/7.3.1/../../../../arm-none-eabi/lib/thumb/v7e-m/fpv4-sp/hard\librdimon_nano.a(rdimon-syscalls.o)
                0x0000000000007f5c                _swiread
 .text._read    0x0000000000007f7c       0x34 c:/users/adrien/appdata/roaming/xpacks/@gnu-mcu-eclipse/arm-none-eabi-gcc/7.3.1-1.1.1/.content/bin/../lib/gcc/arm-none-eabi/7.3.1/../../../../arm-none-eabi/lib/thumb/v7e-m/fpv4-sp/hard\librdimon_nano.a(rdimon-syscalls.o)
                0x0000000000007f7c                _read
 .text._swilseek
                0x0000000000007fb0       0x7a c:/users/adrien/appdata/roaming/xpacks/@gnu-mcu-eclipse/arm-none-eabi-gcc/7.3.1-1.1.1/.content/bin/../lib/gcc/arm-none-eabi/7.3.1/../../../../arm-none-eabi/lib/thumb/v7e-m/fpv4-sp/hard\librdimon_nano.a(rdimon-syscalls.o)
                0x0000000000007fb0                _swilseek
 .text._lseek   0x000000000000802a        0x4 c:/users/adrien/appdata/roaming/xpacks/@gnu-mcu-eclipse/arm-none-eabi-gcc/7.3.1-1.1.1/.content/bin/../lib/gcc/arm-none-eabi/7.3.1/../../../../arm-none-eabi/lib/thumb/v7e-m/fpv4-sp/hard\librdimon_nano.a(rdimon-syscalls.o)
                0x000000000000802a                _lseek
 .text._swiwrite
                0x000000000000802e       0x20 c:/users/adrien/appdata/roaming/xpacks/@gnu-mcu-eclipse/arm-none-eabi-gcc/7.3.1-1.1.1/.content/bin/../lib/gcc/arm-none-eabi/7.3.1/../../../../arm-none-eabi/lib/thumb/v7e-m/fpv4-sp/hard\librdimon_nano.a(rdimon-syscalls.o)
                0x000000000000802e                _swiwrite
 .text._write   0x000000000000804e       0x40 c:/users/adrien/appdata/roaming/xpacks/@gnu-mcu-eclipse/arm-none-eabi-gcc/7.3.1-1.1.1/.content/bin/../lib/gcc/arm-none-eabi/7.3.1/../../../../arm-none-eabi/lib/thumb/v7e-m/fpv4-sp/hard\librdimon_nano.a(rdimon-syscalls.o)
                0x000000000000804e                _write
 .text._swiclose
                0x000000000000808e       0x1c c:/users/adrien/appdata/roaming/xpacks/@gnu-mcu-eclipse/arm-none-eabi-gcc/7.3.1-1.1.1/.content/bin/../lib/gcc/arm-none-eabi/7.3.1/../../../../arm-none-eabi/lib/thumb/v7e-m/fpv4-sp/hard\librdimon_nano.a(rdimon-syscalls.o)
                0x000000000000808e                _swiclose
 *fill*         0x00000000000080aa        0x2 
 .text._close   0x00000000000080ac       0x4c c:/users/adrien/appdata/roaming/xpacks/@gnu-mcu-eclipse/arm-none-eabi-gcc/7.3.1-1.1.1/.content/bin/../lib/gcc/arm-none-eabi/7.3.1/../../../../arm-none-eabi/lib/thumb/v7e-m/fpv4-sp/hard\librdimon_nano.a(rdimon-syscalls.o)
                0x00000000000080ac                _close
 .text._getpid  0x00000000000080f8        0x4 c:/users/adrien/appdata/roaming/xpacks/@gnu-mcu-eclipse/arm-none-eabi-gcc/7.3.1-1.1.1/.content/bin/../lib/gcc/arm-none-eabi/7.3.1/../../../../arm-none-eabi/lib/thumb/v7e-m/fpv4-sp/hard\librdimon_nano.a(rdimon-syscalls.o)
                0x00000000000080f8                _getpid
 .text._sbrk    0x00000000000080fc       0x48 c:/users/adrien/appdata/roaming/xpacks/@gnu-mcu-eclipse/arm-none-eabi-gcc/7.3.1-1.1.1/.content/bin/../lib/gcc/arm-none-eabi/7.3.1/../../../../arm-none-eabi/lib/thumb/v7e-m/fpv4-sp/hard\librdimon_nano.a(rdimon-syscalls.o)
                0x00000000000080fc                _sbrk
 .text._swistat
                0x0000000000008144       0x42 c:/users/adrien/appdata/roaming/xpacks/@gnu-mcu-eclipse/arm-none-eabi-gcc/7.3.1-1.1.1/.content/bin/../lib/gcc/arm-none-eabi/7.3.1/../../../../arm-none-eabi/lib/thumb/v7e-m/fpv4-sp/hard\librdimon_nano.a(rdimon-syscalls.o)
                0x0000000000008144                _swistat
 .text._fstat   0x0000000000008186       0x1c c:/users/adrien/appdata/roaming/xpacks/@gnu-mcu-eclipse/arm-none-eabi-gcc/7.3.1-1.1.1/.content/bin/../lib/gcc/arm-none-eabi/7.3.1/../../../../arm-none-eabi/lib/thumb/v7e-m/fpv4-sp/hard\librdimon_nano.a(rdimon-syscalls.o)
                0x0000000000008186                _fstat
 .text._stat    0x00000000000081a2       0x3a c:/users/adrien/appdata/roaming/xpacks/@gnu-mcu-eclipse/arm-none-eabi-gcc/7.3.1-1.1.1/.content/bin/../lib/gcc/arm-none-eabi/7.3.1/../../../../arm-none-eabi/lib/thumb/v7e-m/fpv4-sp/hard\librdimon_nano.a(rdimon-syscalls.o)
                0x00000000000081a2                _stat
 .text._swiopen
                0x00000000000081dc       0xb8 c:/users/adrien/appdata/roaming/xpacks/@gnu-mcu-eclipse/arm-none-eabi-gcc/7.3.1-1.1.1/.content/bin/../lib/gcc/arm-none-eabi/7.3.1/../../../../arm-none-eabi/lib/thumb/v7e-m/fpv4-sp/hard\librdimon_nano.a(rdimon-syscalls.o)
                0x00000000000081dc                _swiopen
 .text._get_semihosting_exts
                0x0000000000008294       0xb4 c:/users/adrien/appdata/roaming/xpacks/@gnu-mcu-eclipse/arm-none-eabi-gcc/7.3.1-1.1.1/.content/bin/../lib/gcc/arm-none-eabi/7.3.1/../../../../arm-none-eabi/lib/thumb/v7e-m/fpv4-sp/hard\librdimon_nano.a(rdimon-syscalls.o)
                0x0000000000008294                _get_semihosting_exts
 .text.initialise_semihosting_exts
                0x0000000000008348       0x34 c:/users/adrien/appdata/roaming/xpacks/@gnu-mcu-eclipse/arm-none-eabi-gcc/7.3.1-1.1.1/.content/bin/../lib/gcc/arm-none-eabi/7.3.1/../../../../arm-none-eabi/lib/thumb/v7e-m/fpv4-sp/hard\librdimon_nano.a(rdimon-syscalls.o)
 .text._has_ext_exit_extended
                0x000000000000837c       0x18 c:/users/adrien/appdata/roaming/xpacks/@gnu-mcu-eclipse/arm-none-eabi-gcc/7.3.1-1.1.1/.content/bin/../lib/gcc/arm-none-eabi/7.3.1/../../../../arm-none-eabi/lib/thumb/v7e-m/fpv4-sp/hard\librdimon_nano.a(rdimon-syscalls.o)
                0x000000000000837c                _has_ext_exit_extended
 .text._has_ext_stdout_stderr
                0x0000000000008394       0x18 c:/users/adrien/appdata/roaming/xpacks/@gnu-mcu-eclipse/arm-none-eabi-gcc/7.3.1-1.1.1/.content/bin/../lib/gcc/arm-none-eabi/7.3.1/../../../../arm-none-eabi/lib/thumb/v7e-m/fpv4-sp/hard\librdimon_nano.a(rdimon-syscalls.o)
                0x0000000000008394                _has_ext_stdout_stderr
 .text.initialise_monitor_handles
                0x00000000000083ac       0xbc c:/users/adrien/appdata/roaming/xpacks/@gnu-mcu-eclipse/arm-none-eabi-gcc/7.3.1-1.1.1/.content/bin/../lib/gcc/arm-none-eabi/7.3.1/../../../../arm-none-eabi/lib/thumb/v7e-m/fpv4-sp/hard\librdimon_nano.a(rdimon-syscalls.o)
                0x00000000000083ac                initialise_monitor_handles
 .text._isatty  0x0000000000008468       0x38 c:/users/adrien/appdata/roaming/xpacks/@gnu-mcu-eclipse/arm-none-eabi-gcc/7.3.1-1.1.1/.content/bin/../lib/gcc/arm-none-eabi/7.3.1/../../../../arm-none-eabi/lib/thumb/v7e-m/fpv4-sp/hard\librdimon_nano.a(rdimon-syscalls.o)
                0x0000000000008468                _isatty
 .text._exit    0x00000000000084a0        0x8 c:/users/adrien/appdata/roaming/xpacks/@gnu-mcu-eclipse/arm-none-eabi-gcc/7.3.1-1.1.1/.content/bin/../lib/gcc/arm-none-eabi/7.3.1/../../../../arm-none-eabi/lib/thumb/v7e-m/fpv4-sp/hard\librdimon_nano.a(rdimon-_exit.o)
                0x00000000000084a0                _exit
 .text._kill    0x00000000000084a8       0x34 c:/users/adrien/appdata/roaming/xpacks/@gnu-mcu-eclipse/arm-none-eabi-gcc/7.3.1-1.1.1/.content/bin/../lib/gcc/arm-none-eabi/7.3.1/../../../../arm-none-eabi/lib/thumb/v7e-m/fpv4-sp/hard\librdimon_nano.a(rdimon-_kill.o)
                0x00000000000084a8                _kill
 .text.__errno  0x00000000000084dc        0xc c:/users/adrien/appdata/roaming/xpacks/@gnu-mcu-eclipse/arm-none-eabi-gcc/7.3.1-1.1.1/.content/bin/../lib/gcc/arm-none-eabi/7.3.1/../../../../arm-none-eabi/lib/thumb/v7e-m/fpv4-sp/hard\libc_nano.a(lib_a-errno.o)
                0x00000000000084dc                __errno
 *(.rodata)
 .rodata        0x00000000000084e8      0x198 ./Sources/K64F_HFAC_Stimulator.o
 .rodata        0x0000000000008680       0x66 ./Sources/pin_mux.o
 *fill*         0x00000000000086e6        0x2 
 .rodata        0x00000000000086e8       0x5b ./SDK/devices/MK64F12/drivers/fsl_clock.o
 *fill*         0x0000000000008743        0x1 
 .rodata        0x0000000000008744       0x54 ./SDK/devices/MK64F12/drivers/fsl_dmamux.o
 .rodata        0x0000000000008798       0xc8 ./SDK/devices/MK64F12/drivers/fsl_dspi.o
 .rodata        0x0000000000008860      0x256 ./SDK/devices/MK64F12/drivers/fsl_edma.o
 *fill*         0x0000000000008ab6        0x2 
 .rodata        0x0000000000008ab8       0xc8 ./SDK/devices/MK64F12/drivers/fsl_ftm.o
 .rodata        0x0000000000008b80       0x57 ./SDK/devices/MK64F12/drivers/fsl_gpio.o
 *fill*         0x0000000000008bd7        0x1 
 .rodata        0x0000000000008bd8       0x57 ./SDK/devices/MK64F12/drivers/fsl_pit.o
 *fill*         0x0000000000008c2f        0x1 
 .rodata        0x0000000000008c30      0x13e ./SDK/devices/MK64F12/drivers/fsl_uart.o
 *(.rodata*)
 *fill*         0x0000000000008d6e        0x2 
 .rodata.__func__.10380
                0x0000000000008d70       0x15 ./Sources/K64F_HFAC_Stimulator.o
 *fill*         0x0000000000008d85        0x3 
 .rodata.__func__.10351
                0x0000000000008d88       0x1b ./Sources/K64F_HFAC_Stimulator.o
 *fill*         0x0000000000008da3        0x1 
 .rodata.__func__.10346
                0x0000000000008da4       0x11 ./Sources/K64F_HFAC_Stimulator.o
 *fill*         0x0000000000008db5        0x3 
 .rodata.__func__.10340
                0x0000000000008db8       0x16 ./Sources/K64F_HFAC_Stimulator.o
 *fill*         0x0000000000008dce        0x2 
 .rodata.__func__.10335
                0x0000000000008dd0       0x15 ./Sources/K64F_HFAC_Stimulator.o
 *fill*         0x0000000000008de5        0x3 
 .rodata.mcgConfig_BOARD_BootClockRUN
                0x0000000000008de8        0xb ./Sources/clock_config.o
                0x0000000000008de8                mcgConfig_BOARD_BootClockRUN
 *fill*         0x0000000000008df3        0x1 
 .rodata.simConfig_BOARD_BootClockRUN
                0x0000000000008df4        0x8 ./Sources/clock_config.o
                0x0000000000008df4                simConfig_BOARD_BootClockRUN
 .rodata.oscConfig_BOARD_BootClockRUN
                0x0000000000008dfc        0x8 ./Sources/clock_config.o
                0x0000000000008dfc                oscConfig_BOARD_BootClockRUN
 .rodata.__func__.8675
                0x0000000000008e04       0x12 ./Sources/pin_mux.o
 *fill*         0x0000000000008e16        0x2 
 .rodata.__func__.8639
                0x0000000000008e18       0x17 ./SDK/devices/MK64F12/drivers/fsl_clock.o
 *fill*         0x0000000000008e2f        0x1 
 .rodata.__func__.8677
                0x0000000000008e30       0x17 ./SDK/devices/MK64F12/drivers/fsl_clock.o
 *fill*         0x0000000000008e47        0x1 
 .rodata.__func__.8685
                0x0000000000008e48       0x16 ./SDK/devices/MK64F12/drivers/fsl_clock.o
 *fill*         0x0000000000008e5e        0x2 
 .rodata.fllFactorTable.8760
                0x0000000000008e60       0x10 ./SDK/devices/MK64F12/drivers/fsl_clock.o
 .rodata.__func__.8775
                0x0000000000008e70       0x12 ./SDK/devices/MK64F12/drivers/fsl_clock.o
 *fill*         0x0000000000008e82        0x2 
 .rodata.__func__.8820
                0x0000000000008e84       0x11 ./SDK/devices/MK64F12/drivers/fsl_clock.o
 *fill*         0x0000000000008e95        0x3 
 .rodata.__func__.8962
                0x0000000000008e98       0x11 ./SDK/devices/MK64F12/drivers/fsl_clock.o
 *fill*         0x0000000000008ea9        0x3 
 .rodata.__func__.9029
                0x0000000000008eac       0x14 ./SDK/devices/MK64F12/drivers/fsl_clock.o
 .rodata.__func__.8642
                0x0000000000008ec0       0x13 ./SDK/devices/MK64F12/drivers/fsl_dmamux.o
 *fill*         0x0000000000008ed3        0x1 
 .rodata.s_baudratePrescaler
                0x0000000000008ed4       0x10 ./SDK/devices/MK64F12/drivers/fsl_dspi.o
 .rodata.s_baudrateScaler
                0x0000000000008ee4       0x40 ./SDK/devices/MK64F12/drivers/fsl_dspi.o
 .rodata.s_delayPrescaler
                0x0000000000008f24       0x10 ./SDK/devices/MK64F12/drivers/fsl_dspi.o
 .rodata.s_delayScaler
                0x0000000000008f34       0x40 ./SDK/devices/MK64F12/drivers/fsl_dspi.o
 .rodata.s_dspiBases
                0x0000000000008f74        0xc ./SDK/devices/MK64F12/drivers/fsl_dspi.o
 .rodata.s_dspiClock
                0x0000000000008f80        0xc ./SDK/devices/MK64F12/drivers/fsl_dspi.o
 .rodata.__func__.9019
                0x0000000000008f8c       0x11 ./SDK/devices/MK64F12/drivers/fsl_dspi.o
 *fill*         0x0000000000008f9d        0x3 
 .rodata.__func__.9030
                0x0000000000008fa0       0x10 ./SDK/devices/MK64F12/drivers/fsl_dspi.o
 .rodata.__func__.9339
                0x0000000000008fb0       0x16 ./SDK/devices/MK64F12/drivers/fsl_dspi.o
 *fill*         0x0000000000008fc6        0x2 
 .rodata.__func__.9343
                0x0000000000008fc8       0x16 ./SDK/devices/MK64F12/drivers/fsl_dspi.o
 *fill*         0x0000000000008fde        0x2 
 .rodata.__func__.9347
                0x0000000000008fe0       0x16 ./SDK/devices/MK64F12/drivers/fsl_dspi.o
 *fill*         0x0000000000008ff6        0x2 
 .rodata.s_edmaIRQNumber
                0x0000000000008ff8       0x10 ./SDK/devices/MK64F12/drivers/fsl_edma.o
 .rodata.__func__.8910
                0x0000000000009008       0x11 ./SDK/devices/MK64F12/drivers/fsl_edma.o
 *fill*         0x0000000000009019        0x3 
 .rodata.__func__.8916
                0x000000000000901c       0x10 ./SDK/devices/MK64F12/drivers/fsl_edma.o
 .rodata.__func__.8921
                0x000000000000902c        0xa ./SDK/devices/MK64F12/drivers/fsl_edma.o
 *fill*         0x0000000000009036        0x2 
 .rodata.__func__.8929
                0x0000000000009038       0x16 ./SDK/devices/MK64F12/drivers/fsl_edma.o
 *fill*         0x000000000000904e        0x2 
 .rodata.__func__.8991
                0x0000000000009050       0x1a ./SDK/devices/MK64F12/drivers/fsl_edma.o
 *fill*         0x000000000000906a        0x2 
 .rodata.__func__.9003
                0x000000000000906c       0x17 ./SDK/devices/MK64F12/drivers/fsl_edma.o
 *fill*         0x0000000000009083        0x1 
 .rodata.__func__.9018
                0x0000000000009084       0x19 ./SDK/devices/MK64F12/drivers/fsl_edma.o
 *fill*         0x000000000000909d        0x3 
 .rodata.__func__.9041
                0x00000000000090a0       0x1d ./SDK/devices/MK64F12/drivers/fsl_edma.o
 *fill*         0x00000000000090bd        0x3 
 .rodata.__func__.9051
                0x00000000000090c0       0x12 ./SDK/devices/MK64F12/drivers/fsl_edma.o
 *fill*         0x00000000000090d2        0x2 
 .rodata.__func__.9067
                0x00000000000090d4       0x11 ./SDK/devices/MK64F12/drivers/fsl_edma.o
 *fill*         0x00000000000090e5        0x3 
 .rodata.__func__.9078
                0x00000000000090e8       0x15 ./SDK/devices/MK64F12/drivers/fsl_edma.o
 *fill*         0x00000000000090fd        0x3 
 .rodata.__func__.9113
                0x0000000000009100       0x13 ./SDK/devices/MK64F12/drivers/fsl_edma.o
 *fill*         0x0000000000009113        0x1 
 .rodata.__func__.9126
                0x0000000000009114        0xf ./SDK/devices/MK64F12/drivers/fsl_edma.o
 *fill*         0x0000000000009123        0x1 
 .rodata.s_ftmBases
                0x0000000000009124       0x10 ./SDK/devices/MK64F12/drivers/fsl_ftm.o
 .rodata.s_ftmClocks
                0x0000000000009134       0x10 ./SDK/devices/MK64F12/drivers/fsl_ftm.o
 .rodata.__func__.8945
                0x0000000000009144       0x10 ./SDK/devices/MK64F12/drivers/fsl_ftm.o
 .rodata.__func__.8969
                0x0000000000009154        0x9 ./SDK/devices/MK64F12/drivers/fsl_ftm.o
 *fill*         0x000000000000915d        0x3 
 .rodata.__func__.8977
                0x0000000000009160       0x15 ./SDK/devices/MK64F12/drivers/fsl_ftm.o
 *fill*         0x0000000000009175        0x3 
 .rodata.__func__.8656
                0x0000000000009178        0xd ./SDK/devices/MK64F12/drivers/fsl_gpio.o
 *fill*         0x0000000000009185        0x3 
 .rodata.__func__.8681
                0x0000000000009188       0x10 ./SDK/devices/MK64F12/drivers/fsl_pit.o
 .rodata.__func__.8686
                0x0000000000009198        0x9 ./SDK/devices/MK64F12/drivers/fsl_pit.o
 *fill*         0x00000000000091a1        0x3 
 .rodata.s_uartBases
                0x00000000000091a4       0x18 ./SDK/devices/MK64F12/drivers/fsl_uart.o
 .rodata.s_uartClock
                0x00000000000091bc       0x18 ./SDK/devices/MK64F12/drivers/fsl_uart.o
 .rodata.__func__.8839
                0x00000000000091d4       0x11 ./SDK/devices/MK64F12/drivers/fsl_uart.o
 *fill*         0x00000000000091e5        0x3 
 .rodata.__func__.8855
                0x00000000000091e8        0xa ./SDK/devices/MK64F12/drivers/fsl_uart.o
 *fill*         0x00000000000091f2        0x2 
 .rodata.__func__.8873
                0x00000000000091f4       0x16 ./SDK/devices/MK64F12/drivers/fsl_uart.o
 .rodata.__assert_func.str1.1
                0x000000000000920a       0x3c c:/users/adrien/appdata/roaming/xpacks/@gnu-mcu-eclipse/arm-none-eabi-gcc/7.3.1-1.1.1/.content/bin/../lib/gcc/arm-none-eabi/7.3.1/../../../../arm-none-eabi/lib/thumb/v7e-m/fpv4-sp/hard\libg_nano.a(lib_a-assert.o)
                                         0x3d (size before relaxing)
 *fill*         0x0000000000009246        0x2 
 .rodata._global_impure_ptr
                0x0000000000009248        0x4 c:/users/adrien/appdata/roaming/xpacks/@gnu-mcu-eclipse/arm-none-eabi-gcc/7.3.1-1.1.1/.content/bin/../lib/gcc/arm-none-eabi/7.3.1/../../../../arm-none-eabi/lib/thumb/v7e-m/fpv4-sp/hard\libg_nano.a(lib_a-impure.o)
                0x0000000000009248                _global_impure_ptr
 .rodata._vfprintf_r.str1.1
                0x000000000000924c       0x11 c:/users/adrien/appdata/roaming/xpacks/@gnu-mcu-eclipse/arm-none-eabi-gcc/7.3.1-1.1.1/.content/bin/../lib/gcc/arm-none-eabi/7.3.1/../../../../arm-none-eabi/lib/thumb/v7e-m/fpv4-sp/hard\libg_nano.a(lib_a-nano-vfprintf.o)
 .rodata._printf_i.str1.1
                0x000000000000925d       0x22 c:/users/adrien/appdata/roaming/xpacks/@gnu-mcu-eclipse/arm-none-eabi-gcc/7.3.1-1.1.1/.content/bin/../lib/gcc/arm-none-eabi/7.3.1/../../../../arm-none-eabi/lib/thumb/v7e-m/fpv4-sp/hard\libg_nano.a(lib_a-nano-vfprintf_i.o)
 *fill*         0x000000000000927f        0x1 
 .rodata.__sf_fake_stderr
                0x0000000000009280       0x20 c:/users/adrien/appdata/roaming/xpacks/@gnu-mcu-eclipse/arm-none-eabi-gcc/7.3.1-1.1.1/.content/bin/../lib/gcc/arm-none-eabi/7.3.1/../../../../arm-none-eabi/lib/thumb/v7e-m/fpv4-sp/hard\libg_nano.a(lib_a-findfp.o)
                0x0000000000009280                __sf_fake_stderr
 .rodata.__sf_fake_stdin
                0x00000000000092a0       0x20 c:/users/adrien/appdata/roaming/xpacks/@gnu-mcu-eclipse/arm-none-eabi-gcc/7.3.1-1.1.1/.content/bin/../lib/gcc/arm-none-eabi/7.3.1/../../../../arm-none-eabi/lib/thumb/v7e-m/fpv4-sp/hard\libg_nano.a(lib_a-findfp.o)
                0x00000000000092a0                __sf_fake_stdin
 .rodata.__sf_fake_stdout
                0x00000000000092c0       0x20 c:/users/adrien/appdata/roaming/xpacks/@gnu-mcu-eclipse/arm-none-eabi-gcc/7.3.1-1.1.1/.content/bin/../lib/gcc/arm-none-eabi/7.3.1/../../../../arm-none-eabi/lib/thumb/v7e-m/fpv4-sp/hard\libg_nano.a(lib_a-findfp.o)
                0x00000000000092c0                __sf_fake_stdout
 .rodata._get_semihosting_exts.str1.1
                0x00000000000092e0       0x16 c:/users/adrien/appdata/roaming/xpacks/@gnu-mcu-eclipse/arm-none-eabi-gcc/7.3.1-1.1.1/.content/bin/../lib/gcc/arm-none-eabi/7.3.1/../../../../arm-none-eabi/lib/thumb/v7e-m/fpv4-sp/hard\librdimon_nano.a(rdimon-syscalls.o)
 .rodata.initialise_monitor_handles.str1.1
                0x00000000000092f6        0x4 c:/users/adrien/appdata/roaming/xpacks/@gnu-mcu-eclipse/arm-none-eabi-gcc/7.3.1-1.1.1/.content/bin/../lib/gcc/arm-none-eabi/7.3.1/../../../../arm-none-eabi/lib/thumb/v7e-m/fpv4-sp/hard\librdimon_nano.a(rdimon-syscalls.o)
 *(.glue_7)
 .glue_7        0x00000000000092fa        0x0 linker stubs
 *(.glue_7t)
 .glue_7t       0x00000000000092fa        0x0 linker stubs
 *(.eh_frame)
 *fill*         0x00000000000092fa        0x2 
 .eh_frame      0x00000000000092fc        0x0 c:/users/adrien/appdata/roaming/xpacks/@gnu-mcu-eclipse/arm-none-eabi-gcc/7.3.1-1.1.1/.content/bin/../lib/gcc/arm-none-eabi/7.3.1/thumb/v7e-m/fpv4-sp/hard/crtbegin.o
 *(.init)
 .init          0x00000000000092fc        0x4 c:/users/adrien/appdata/roaming/xpacks/@gnu-mcu-eclipse/arm-none-eabi-gcc/7.3.1-1.1.1/.content/bin/../lib/gcc/arm-none-eabi/7.3.1/thumb/v7e-m/fpv4-sp/hard/crti.o
                0x00000000000092fc                _init
 .init          0x0000000000009300        0x8 c:/users/adrien/appdata/roaming/xpacks/@gnu-mcu-eclipse/arm-none-eabi-gcc/7.3.1-1.1.1/.content/bin/../lib/gcc/arm-none-eabi/7.3.1/thumb/v7e-m/fpv4-sp/hard/crtn.o
 *(.fini)
 .fini          0x0000000000009308        0x4 c:/users/adrien/appdata/roaming/xpacks/@gnu-mcu-eclipse/arm-none-eabi-gcc/7.3.1-1.1.1/.content/bin/../lib/gcc/arm-none-eabi/7.3.1/thumb/v7e-m/fpv4-sp/hard/crti.o
                0x0000000000009308                _fini
 .fini          0x000000000000930c        0x8 c:/users/adrien/appdata/roaming/xpacks/@gnu-mcu-eclipse/arm-none-eabi-gcc/7.3.1-1.1.1/.content/bin/../lib/gcc/arm-none-eabi/7.3.1/thumb/v7e-m/fpv4-sp/hard/crtn.o
                0x0000000000009314                . = ALIGN (0x4)

.vfp11_veneer   0x0000000000009314        0x0
 .vfp11_veneer  0x0000000000009314        0x0 linker stubs

.v4_bx          0x0000000000009314        0x0
 .v4_bx         0x0000000000009314        0x0 linker stubs

.iplt           0x0000000000009314        0x0
 .iplt          0x0000000000009314        0x0 c:/users/adrien/appdata/roaming/xpacks/@gnu-mcu-eclipse/arm-none-eabi-gcc/7.3.1-1.1.1/.content/bin/../lib/gcc/arm-none-eabi/7.3.1/thumb/v7e-m/fpv4-sp/hard/crtbegin.o

.ARM.extab
 *(.ARM.extab* .gnu.linkonce.armextab.*)

.ARM            0x0000000000009314        0x8
                0x0000000000009314                __exidx_start = .
 *(.ARM.exidx*)
 .ARM.exidx     0x0000000000009314        0x8 c:/users/adrien/appdata/roaming/xpacks/@gnu-mcu-eclipse/arm-none-eabi-gcc/7.3.1-1.1.1/.content/bin/../lib/gcc/arm-none-eabi/7.3.1/../../../../arm-none-eabi/lib/thumb/v7e-m/fpv4-sp/hard/rdimon-crt0.o
 .ARM.exidx.text.__udivmoddi4
                0x000000000000931c        0x0 c:/users/adrien/appdata/roaming/xpacks/@gnu-mcu-eclipse/arm-none-eabi-gcc/7.3.1-1.1.1/.content/bin/../lib/gcc/arm-none-eabi/7.3.1/thumb/v7e-m/fpv4-sp/hard\libgcc.a(_udivmoddi4.o)
                                          0x8 (size before relaxing)
                0x000000000000931c                __exidx_end = .

.rel.dyn        0x000000000000931c        0x0
 .rel.iplt      0x000000000000931c        0x0 c:/users/adrien/appdata/roaming/xpacks/@gnu-mcu-eclipse/arm-none-eabi-gcc/7.3.1-1.1.1/.content/bin/../lib/gcc/arm-none-eabi/7.3.1/thumb/v7e-m/fpv4-sp/hard/crtbegin.o

.ctors          0x000000000000931c        0x0
                0x000000000000931c                __CTOR_LIST__ = .
 *crtbegin.o(.ctors)
 *crtbegin?.o(.ctors)
 *(EXCLUDE_FILE(*crtend.o *crtend?.o) .ctors)
 *(SORT_BY_NAME(.ctors.*))
 *(.ctors)
                0x000000000000931c                __CTOR_END__ = .

.dtors          0x000000000000931c        0x0
                0x000000000000931c                __DTOR_LIST__ = .
 *crtbegin.o(.dtors)
 *crtbegin?.o(.dtors)
 *(EXCLUDE_FILE(*crtend.o *crtend?.o) .dtors)
 *(SORT_BY_NAME(.dtors.*))
 *(.dtors)
                0x000000000000931c                __DTOR_END__ = .

.preinit_array  0x000000000000931c        0x0
                0x000000000000931c                PROVIDE (__preinit_array_start = .)
 *(.preinit_array*)
                0x000000000000931c                PROVIDE (__preinit_array_end = .)

.init_array     0x000000000000931c        0x4
                0x000000000000931c                PROVIDE (__init_array_start = .)
 *(SORT_BY_NAME(.init_array.*))
 *(.init_array*)
 .init_array    0x000000000000931c        0x4 c:/users/adrien/appdata/roaming/xpacks/@gnu-mcu-eclipse/arm-none-eabi-gcc/7.3.1-1.1.1/.content/bin/../lib/gcc/arm-none-eabi/7.3.1/thumb/v7e-m/fpv4-sp/hard/crtbegin.o
                0x0000000000009320                PROVIDE (__init_array_end = .)

.fini_array     0x0000000000009320        0x4
                [!provide]                        PROVIDE (__fini_array_start = .)
 *(SORT_BY_NAME(.fini_array.*))
 *(.fini_array*)
 .fini_array    0x0000000000009320        0x4 c:/users/adrien/appdata/roaming/xpacks/@gnu-mcu-eclipse/arm-none-eabi-gcc/7.3.1-1.1.1/.content/bin/../lib/gcc/arm-none-eabi/7.3.1/thumb/v7e-m/fpv4-sp/hard/crtbegin.o
                [!provide]                        PROVIDE (__fini_array_end = .)
                0x0000000000009324                __etext = .
                0x0000000000009324                __DATA_ROM = .

.data           0x000000001fff0000      0x1d4 load address 0x0000000000009324
                0x000000001fff0000                . = ALIGN (0x4)
                0x000000001fff0000                __DATA_RAM = .
                0x000000001fff0000                __data_start__ = .
 *(.data)
 .data          0x000000001fff0000      0x118 c:/users/adrien/appdata/roaming/xpacks/@gnu-mcu-eclipse/arm-none-eabi-gcc/7.3.1-1.1.1/.content/bin/../lib/gcc/arm-none-eabi/7.3.1/../../../../arm-none-eabi/lib/thumb/v7e-m/fpv4-sp/hard/rdimon-crt0.o
                0x000000001fff0008                __stack_base__
 *(.data*)
 .data.extADCzeropoint
                0x000000001fff0118        0x2 ./Sources/K64F_HFAC_Stimulator.o
                0x000000001fff0118                extADCzeropoint
 *fill*         0x000000001fff011a        0x2 
 .data.zeropoint
                0x000000001fff011c        0x8 ./Sources/K64F_HFAC_Stimulator.o
                0x000000001fff011c                zeropoint
 .data.gain     0x000000001fff0124       0x10 ./Sources/K64F_HFAC_Stimulator.o
                0x000000001fff0124                gain
 .data.dacChannelAddress
                0x000000001fff0134        0x8 ./Sources/K64F_HFAC_Stimulator.o
                0x000000001fff0134                dacChannelAddress
 .data.electrodeRoutingPath
                0x000000001fff013c        0x4 ./Sources/K64F_HFAC_Stimulator.o
                0x000000001fff013c                electrodeRoutingPath
 .data.dummyRoutingPath
                0x000000001fff0140        0x4 ./Sources/K64F_HFAC_Stimulator.o
                0x000000001fff0140                dummyRoutingPath
 .data.electrodeBitsRoutingPosition
                0x000000001fff0144        0x4 ./Sources/K64F_HFAC_Stimulator.o
                0x000000001fff0144                electrodeBitsRoutingPosition
 .data.GPIOStimTriggerPins
                0x000000001fff0148       0x10 ./Sources/K64F_HFAC_Stimulator.o
                0x000000001fff0148                GPIOStimTriggerPins
 .data.s_slowIrcFreq
                0x000000001fff0158        0x4 ./SDK/devices/MK64F12/drivers/fsl_clock.o
 .data.s_fastIrcFreq
                0x000000001fff015c        0x4 ./SDK/devices/MK64F12/drivers/fsl_clock.o
 .data.SystemCoreClock
                0x000000001fff0160        0x4 ./SDK/devices/MK64F12/system_MK64F12.o
                0x000000001fff0160                SystemCoreClock
 .data._impure_ptr
                0x000000001fff0164        0x4 c:/users/adrien/appdata/roaming/xpacks/@gnu-mcu-eclipse/arm-none-eabi-gcc/7.3.1-1.1.1/.content/bin/../lib/gcc/arm-none-eabi/7.3.1/../../../../arm-none-eabi/lib/thumb/v7e-m/fpv4-sp/hard\libg_nano.a(lib_a-impure.o)
                0x000000001fff0164                _impure_ptr
 .data.impure_data
                0x000000001fff0168       0x60 c:/users/adrien/appdata/roaming/xpacks/@gnu-mcu-eclipse/arm-none-eabi-gcc/7.3.1-1.1.1/.content/bin/../lib/gcc/arm-none-eabi/7.3.1/../../../../arm-none-eabi/lib/thumb/v7e-m/fpv4-sp/hard\libg_nano.a(lib_a-impure.o)
 .data.__heap_limit
                0x000000001fff01c8        0x4 c:/users/adrien/appdata/roaming/xpacks/@gnu-mcu-eclipse/arm-none-eabi-gcc/7.3.1-1.1.1/.content/bin/../lib/gcc/arm-none-eabi/7.3.1/../../../../arm-none-eabi/lib/thumb/v7e-m/fpv4-sp/hard\librdimon_nano.a(rdimon-syscalls.o)
 .data.supports_ext_exit_extended
                0x000000001fff01cc        0x4 c:/users/adrien/appdata/roaming/xpacks/@gnu-mcu-eclipse/arm-none-eabi-gcc/7.3.1-1.1.1/.content/bin/../lib/gcc/arm-none-eabi/7.3.1/../../../../arm-none-eabi/lib/thumb/v7e-m/fpv4-sp/hard\librdimon_nano.a(rdimon-syscalls.o)
 .data.supports_ext_stdout_stderr
                0x000000001fff01d0        0x4 c:/users/adrien/appdata/roaming/xpacks/@gnu-mcu-eclipse/arm-none-eabi-gcc/7.3.1-1.1.1/.content/bin/../lib/gcc/arm-none-eabi/7.3.1/../../../../arm-none-eabi/lib/thumb/v7e-m/fpv4-sp/hard\librdimon_nano.a(rdimon-syscalls.o)
 *(.jcr*)
                0x000000001fff01d4                . = ALIGN (0x4)
                0x000000001fff01d4                __data_end__ = .
                0x00000000000094f8                __DATA_END = (__DATA_ROM + (__data_end__ - __data_start__))
                0x0000000000100000                text_end = (ORIGIN (m_text) + LENGTH (m_text))
                0x0000000000000001                ASSERT ((__DATA_END <= text_end), region m_text overflowed with text and data)

.tm_clone_table
                0x000000001fff01d4        0x0 load address 0x00000000000094f8
 .tm_clone_table
                0x000000001fff01d4        0x0 c:/users/adrien/appdata/roaming/xpacks/@gnu-mcu-eclipse/arm-none-eabi-gcc/7.3.1-1.1.1/.content/bin/../lib/gcc/arm-none-eabi/7.3.1/thumb/v7e-m/fpv4-sp/hard/crtbegin.o
 .tm_clone_table
                0x000000001fff01d4        0x0 c:/users/adrien/appdata/roaming/xpacks/@gnu-mcu-eclipse/arm-none-eabi-gcc/7.3.1-1.1.1/.content/bin/../lib/gcc/arm-none-eabi/7.3.1/thumb/v7e-m/fpv4-sp/hard/crtend.o

.igot.plt       0x000000001fff01d4        0x0 load address 0x00000000000094f8
 .igot.plt      0x000000001fff01d4        0x0 c:/users/adrien/appdata/roaming/xpacks/@gnu-mcu-eclipse/arm-none-eabi-gcc/7.3.1-1.1.1/.content/bin/../lib/gcc/arm-none-eabi/7.3.1/thumb/v7e-m/fpv4-sp/hard/crtbegin.o

.bss            0x000000001fff01e0     0xe9ac load address 0x0000000000009520
                0x000000001fff01e0                . = ALIGN (0x4)
                0x000000001fff01e0                __START_BSS = .
                0x000000001fff01e0                __bss_start__ = .
 *(.bss)
 *(.bss*)
 .bss.completed.7761
                0x000000001fff01e0        0x1 c:/users/adrien/appdata/roaming/xpacks/@gnu-mcu-eclipse/arm-none-eabi-gcc/7.3.1-1.1.1/.content/bin/../lib/gcc/arm-none-eabi/7.3.1/thumb/v7e-m/fpv4-sp/hard/crtbegin.o
 *fill*         0x000000001fff01e1        0x3 
 .bss.object.7766
                0x000000001fff01e4       0x18 c:/users/adrien/appdata/roaming/xpacks/@gnu-mcu-eclipse/arm-none-eabi-gcc/7.3.1-1.1.1/.content/bin/../lib/gcc/arm-none-eabi/7.3.1/thumb/v7e-m/fpv4-sp/hard/crtbegin.o
 .bss.timerPeriods
                0x000000001fff01fc        0x8 ./Sources/K64F_HFAC_Stimulator.o
                0x000000001fff01fc                timerPeriods
 .bss.DMADummyTransfer
                0x000000001fff0204     0x7d00 ./Sources/K64F_HFAC_Stimulator.o
                0x000000001fff0204                DMADummyTransfer
 .bss.channelState
                0x000000001fff7f04        0x4 ./Sources/K64F_HFAC_Stimulator.o
                0x000000001fff7f04                channelState
 .bss.channelRoute
                0x000000001fff7f08        0x8 ./Sources/K64F_HFAC_Stimulator.o
                0x000000001fff7f08                channelRoute
 .bss.dummyRoute
                0x000000001fff7f10        0x2 ./Sources/K64F_HFAC_Stimulator.o
                0x000000001fff7f10                dummyRoute
 .bss.calibrationRoute
                0x000000001fff7f12        0x2 ./Sources/K64F_HFAC_Stimulator.o
                0x000000001fff7f12                calibrationRoute
 .bss.calibrationReference
                0x000000001fff7f14        0x2 ./Sources/K64F_HFAC_Stimulator.o
                0x000000001fff7f14                calibrationReference
 *fill*         0x000000001fff7f16        0x2 
 .bss.stimDACArray
                0x000000001fff7f18     0x1f40 ./Sources/K64F_HFAC_Stimulator.o
                0x000000001fff7f18                stimDACArray
 .bss.stimPITArray
                0x000000001fff9e58     0x1f40 ./Sources/K64F_HFAC_Stimulator.o
                0x000000001fff9e58                stimPITArray
 .bss.stimEventNumber
                0x000000001fffbd98       0x10 ./Sources/K64F_HFAC_Stimulator.o
                0x000000001fffbd98                stimEventNumber
 .bss.stimGPIOArray
                0x000000001fffbda8       0x10 ./Sources/K64F_HFAC_Stimulator.o
                0x000000001fffbda8                stimGPIOArray
 .bss.exStimAmp
                0x000000001fffbdb8        0x2 ./Sources/K64F_HFAC_Stimulator.o
                0x000000001fffbdb8                exStimAmp
 *fill*         0x000000001fffbdba        0x2 
 .bss.exStimPW  0x000000001fffbdbc        0x4 ./Sources/K64F_HFAC_Stimulator.o
                0x000000001fffbdbc                exStimPW
 .bss.exStimIPD
                0x000000001fffbdc0        0x4 ./Sources/K64F_HFAC_Stimulator.o
                0x000000001fffbdc0                exStimIPD
 .bss.exStimState
                0x000000001fffbdc4        0x4 ./Sources/K64F_HFAC_Stimulator.o
                0x000000001fffbdc4                exStimState
 .bss.exStimChannel
                0x000000001fffbdc8        0x1 ./Sources/K64F_HFAC_Stimulator.o
                0x000000001fffbdc8                exStimChannel
 *fill*         0x000000001fffbdc9        0x3 
 .bss.exStimFlag
                0x000000001fffbdcc        0x4 ./Sources/K64F_HFAC_Stimulator.o
                0x000000001fffbdcc                exStimFlag
 .bss.blockDACArray
                0x000000001fffbdd0     0x2000 ./Sources/K64F_HFAC_Stimulator.o
                0x000000001fffbdd0                blockDACArray
 .bss.blockDACArrayStop
                0x000000001fffddd0       0x20 ./Sources/K64F_HFAC_Stimulator.o
                0x000000001fffddd0                blockDACArrayStop
 .bss.blockPITArray
                0x000000001fffddf0       0x60 ./Sources/K64F_HFAC_Stimulator.o
                0x000000001fffddf0                blockPITArray
 .bss.blockNumberOfTransfers
                0x000000001fffde50       0x10 ./Sources/K64F_HFAC_Stimulator.o
                0x000000001fffde50                blockNumberOfTransfers
 .bss.blockTcdDACPenUltPtr
                0x000000001fffde60       0x10 ./Sources/K64F_HFAC_Stimulator.o
                0x000000001fffde60                blockTcdDACPenUltPtr
 .bss.g_Transfer_Done
                0x000000001fffde70        0x1 ./Sources/K64F_HFAC_Stimulator.o
                0x000000001fffde70                g_Transfer_Done
 *fill*         0x000000001fffde71        0x3 
 .bss.uartCommandCounter
                0x000000001fffde74        0x4 ./Sources/K64F_HFAC_Stimulator.o
                0x000000001fffde74                uartCommandCounter
 .bss.uartCommandFlag
                0x000000001fffde78        0x4 ./Sources/K64F_HFAC_Stimulator.o
                0x000000001fffde78                uartCommandFlag
 .bss.uartCommandArray
                0x000000001fffde7c        0x8 ./Sources/K64F_HFAC_Stimulator.o
                0x000000001fffde7c                uartCommandArray
 .bss.ADCCommand
                0x000000001fffde84        0x2 ./Sources/K64F_HFAC_Stimulator.o
                0x000000001fffde84                ADCCommand
 *fill*         0x000000001fffde86        0x2 
 .bss.ADCData   0x000000001fffde88      0x400 ./Sources/K64F_HFAC_Stimulator.o
                0x000000001fffde88                ADCData
 .bss.g_dspiHandle
                0x000000001fffe288        0xc ./SDK/devices/MK64F12/drivers/fsl_dspi.o
 .bss.s_dspiMasterIsr
                0x000000001fffe294        0x4 ./SDK/devices/MK64F12/drivers/fsl_dspi.o
 .bss.s_dspiSlaveIsr
                0x000000001fffe298        0x4 ./SDK/devices/MK64F12/drivers/fsl_dspi.o
 .bss.g_dspiDummyData
                0x000000001fffe29c        0x3 ./SDK/devices/MK64F12/drivers/fsl_dspi.o
                0x000000001fffe29c                g_dspiDummyData
 *fill*         0x000000001fffe29f        0x1 
 .bss.s_EDMAHandle
                0x000000001fffe2a0       0x40 ./SDK/devices/MK64F12/drivers/fsl_edma.o
 .bss.StartInstanceNum.9045
                0x000000001fffe2e0        0x1 ./SDK/devices/MK64F12/drivers/fsl_edma.o
 *fill*         0x000000001fffe2e1        0x3 
 .bss.s_uartHandle
                0x000000001fffe2e4       0x18 ./SDK/devices/MK64F12/drivers/fsl_uart.o
 .bss.s_uartIsr
                0x000000001fffe2fc        0x4 ./SDK/devices/MK64F12/drivers/fsl_uart.o
 .bss.__malloc_free_list
                0x000000001fffe300        0x4 c:/users/adrien/appdata/roaming/xpacks/@gnu-mcu-eclipse/arm-none-eabi-gcc/7.3.1-1.1.1/.content/bin/../lib/gcc/arm-none-eabi/7.3.1/../../../../arm-none-eabi/lib/thumb/v7e-m/fpv4-sp/hard\libg_nano.a(lib_a-nano-mallocr.o)
                0x000000001fffe300                __malloc_free_list
 .bss.__malloc_sbrk_start
                0x000000001fffe304        0x4 c:/users/adrien/appdata/roaming/xpacks/@gnu-mcu-eclipse/arm-none-eabi-gcc/7.3.1-1.1.1/.content/bin/../lib/gcc/arm-none-eabi/7.3.1/../../../../arm-none-eabi/lib/thumb/v7e-m/fpv4-sp/hard\libg_nano.a(lib_a-nano-mallocr.o)
                0x000000001fffe304                __malloc_sbrk_start
 .bss.heap_end.7522
                0x000000001fffe308        0x4 c:/users/adrien/appdata/roaming/xpacks/@gnu-mcu-eclipse/arm-none-eabi-gcc/7.3.1-1.1.1/.content/bin/../lib/gcc/arm-none-eabi/7.3.1/../../../../arm-none-eabi/lib/thumb/v7e-m/fpv4-sp/hard\librdimon_nano.a(rdimon-syscalls.o)
 .bss.monitor_stderr
                0x000000001fffe30c        0x4 c:/users/adrien/appdata/roaming/xpacks/@gnu-mcu-eclipse/arm-none-eabi-gcc/7.3.1-1.1.1/.content/bin/../lib/gcc/arm-none-eabi/7.3.1/../../../../arm-none-eabi/lib/thumb/v7e-m/fpv4-sp/hard\librdimon_nano.a(rdimon-syscalls.o)
 .bss.monitor_stdin